Archive member included because of file (symbol)

../../../nxtOSEK/ecrobot/../ecrobot/libecrobot.a(ecrobot_interface.o)
                              build/BRO_spam_client.o (ecrobot_set_light_sensor_active)
../../../nxtOSEK/ecrobot/../ecrobot/libecrobot.a(colorsensor.o)
                              ../../../nxtOSEK/ecrobot/../ecrobot/libecrobot.a(ecrobot_interface.o) (colorsensor_init)
../../../nxtOSEK/ecrobot/../ecrobot/libecrobot.a(osek_hook.o)
                              build/kernel/osctl.o (StartupHook)
../../../nxtOSEK/ecrobot/../ecrobot/libecrobot.a(uart.oram)
                              build/config/at91sam7s-gnu/irq.oram (uart_isr_C_0)
../../../nxtOSEK/ecrobot/../ecrobot/libecrobot.a(systick.oram)
                              build/syslib/at91sam7s-gnu/lego_nxt/hw_sys_timer.oram (systick_low_priority_C)
../../../nxtOSEK/ecrobot/../ecrobot/libecrobot.a(byte_fifo.oram)
                              ../../../nxtOSEK/ecrobot/../ecrobot/libecrobot.a(uart.oram) (byte_fifo_put)
../../../nxtOSEK/ecrobot/../ecrobot/libecrobot.a(aic.oram)
                              ../../../nxtOSEK/ecrobot/../ecrobot/libecrobot.a(uart.oram) (aic_set_vector)
../../../nxtOSEK/ecrobot/../ecrobot/libecrobot.a(udp.oram)
                              build/config/at91sam7s-gnu/irq.oram (udp_isr_C)
../../../nxtOSEK/ecrobot/../ecrobot/libecrobot.a(twi.oram)
                              build/config/at91sam7s-gnu/irq.oram (twi_isr_C)
../../../nxtOSEK/ecrobot/../ecrobot/libecrobot.a(nxt_spi.oram)
                              build/config/at91sam7s-gnu/irq.oram (spi_isr_C)
../../../nxtOSEK/ecrobot/../ecrobot/libecrobot.a(nxt_motors.oram)
                              build/BRO_spam_fists.o (nxt_motor_get_count)
../../../nxtOSEK/ecrobot/../ecrobot/libecrobot.a(data_abort.oram)
                              build/ecrobot_init.o (data_abort_C)
../../../nxtOSEK/ecrobot/../ecrobot/libecrobot.a(display.oram)
                              build/ecrobot_base.o (display_update)
../../../nxtOSEK/ecrobot/../ecrobot/libecrobot.a(i2c.oram)
                              build/config/at91sam7s-gnu/irq.oram (i2c_timer_isr_C)
../../../nxtOSEK/ecrobot/../ecrobot/libecrobot.a(sound.oram)
                              ../../../nxtOSEK/ecrobot/../ecrobot/libecrobot.a(ecrobot_interface.o) (sound_get_time)
../../../nxtOSEK/ecrobot/../ecrobot/libecrobot.a(bt.oram)
                              build/ecrobot_bluetooth.o (bt_send)
../../../nxtOSEK/ecrobot/../ecrobot/libecrobot.a(nxt_avr.oram)
                              build/ecrobot_base.o (nxt_avr_power_down)
../../../nxtOSEK/ecrobot/../ecrobot/libecrobot.a(sensors.oram)
                              ../../../nxtOSEK/ecrobot/../ecrobot/libecrobot.a(ecrobot_interface.o) (unset_digi0)
../../../nxtOSEK/ecrobot/../ecrobot/libecrobot.a(sensors1.oram)
                              ../../../nxtOSEK/ecrobot/../ecrobot/libecrobot.a(colorsensor.o) (sensor_pins)
../../../nxtOSEK/ecrobot/../ecrobot/libecrobot.a(nxt_lcd.oram)
                              ../../../nxtOSEK/ecrobot/../ecrobot/libecrobot.a(display.oram) (nxt_lcd_force_update)
../../../nxtOSEK/ecrobot/../ecrobot/libecrobot.a(flash_loader.oram)
                              build/ecrobot_base.o (set_flash_request)
../../../nxtOSEK/ecrobot/../ecrobot/libecrobot.a(interrupts.oram)
                              ../../../nxtOSEK/ecrobot/../ecrobot/libecrobot.a(uart.oram) (interrupts_get_and_disable)
../../../nxtOSEK/ecrobot/../ecrobot/libecrobot.a(nxtosek_splash.obmp)
                              build/ecrobot_base.o (nxtosek_splash_bmp_start)
../../../nxtOSEK/ecrobot/../ecrobot/libecrobot.a(ecrobot_usb.o)
                              ../../../nxtOSEK/ecrobot/../ecrobot/libecrobot.a(flash_loader.oram) (ecrobot_init_usb)
../../../nxtOSEK/ecrobot/../ecrobot/libecrobot.a(flashprog.oram)
                              ../../../nxtOSEK/ecrobot/../ecrobot/libecrobot.a(flash_loader.oram) (flash_write_page)
/home/ubuntu/NXT/gnuarm/lib/gcc/arm-elf/4.4.2/thumb/interwork/libgcc.a(_udivsi3.o)
                              build/ecrobot_base.o (__udivsi3)
/home/ubuntu/NXT/gnuarm/lib/gcc/arm-elf/4.4.2/thumb/interwork/libgcc.a(_divsi3.o)
                              ../../../nxtOSEK/ecrobot/../ecrobot/libecrobot.a(uart.oram) (__divsi3)
/home/ubuntu/NXT/gnuarm/lib/gcc/arm-elf/4.4.2/thumb/interwork/libgcc.a(_umodsi3.o)
                              ../../../nxtOSEK/ecrobot/../ecrobot/libecrobot.a(display.oram) (__umodsi3)
/home/ubuntu/NXT/gnuarm/lib/gcc/arm-elf/4.4.2/thumb/interwork/libgcc.a(_modsi3.o)
                              ../../../nxtOSEK/ecrobot/../ecrobot/libecrobot.a(sound.oram) (__modsi3)
/home/ubuntu/NXT/gnuarm/lib/gcc/arm-elf/4.4.2/thumb/interwork/libgcc.a(_dvmd_tls.o)
                              /home/ubuntu/NXT/gnuarm/lib/gcc/arm-elf/4.4.2/thumb/interwork/libgcc.a(_udivsi3.o) (__div0)
/home/ubuntu/NXT/gnuarm/lib/gcc/arm-elf/4.4.2/thumb/interwork/libgcc.a(_arm_addsubdf3.o)
[...]
Memory Configuration

Name             Origin             Length             Attributes
header_ram       0x001ffff0         0x00000010
vector_ram       0x00200000         0x00000040
ram              0x00200040         0x0000ffc0
*default*        0x00000000         0xffffffff

Linker script and memory map

LOAD build/kernel/alarm.o
LOAD build/kernel/event.o
LOAD build/kernel/interrupt.o
LOAD build/kernel/osctl.o
LOAD build/kernel/resource.o
LOAD build/kernel/task.o
LOAD build/kernel/task_manage.o
LOAD build/config/at91sam7s-gnu/cpu_config.o
LOAD build/config/at91sam7s-gnu/lego_nxt/sys_config.o
LOAD build/./kernel_cfg.o
LOAD build/syscalls.o
LOAD build/ecrobot_bluetooth.o
LOAD build/ecrobot_base.o
LOAD build/ecrobot.o
LOAD build/BRO_spam_client.o
LOAD build/BRO_spam_fists.o
LOAD build/syslib/at91sam7s-gnu/lego_nxt/hw_sys_timer.oram
LOAD build/nxtvm/platform/nxt/vectors.o
LOAD build/config/at91sam7s-gnu/debug.o
LOAD build/config/at91sam7s-gnu/lego_nxt/sys_support.o
LOAD build/nxt_binary_header.o
LOAD build/nxt_entry_point.o
LOAD build/ecrobot_init.o
LOAD build/config/at91sam7s-gnu/cpu_support.oram
LOAD build/config/at91sam7s-gnu/irq.oram
LOAD ../../../nxtOSEK/ecrobot/../c++/liblejososek.a
LOAD ../../../nxtOSEK/ecrobot/../ecrobot/libecrobot.a
LOAD /home/ubuntu/NXT/gnuarm/lib/gcc/arm-elf/4.4.2/../../../../arm-elf/lib/thumb/interwork/libstdc++.a
LOAD /home/ubuntu/NXT/gnuarm/lib/gcc/arm-elf/4.4.2/../../../../arm-elf/lib/thumb/interwork/libm.a
START GROUP
LOAD /home/ubuntu/NXT/gnuarm/lib/gcc/arm-elf/4.4.2/thumb/interwork/libgcc.a
LOAD /home/ubuntu/NXT/gnuarm/lib/gcc/arm-elf/4.4.2/../../../../arm-elf/lib/thumb/interwork/libc.a
END GROUP
                0x00200000                RAM_BASE = 0x200000
                0x00010000                RAM_SIZE = 0x10000

.header         0x001ffff0       0x10
 *nxt_binary_header.o(*.text *.text.*)
 .text          0x001ffff0       0x10 build/nxt_binary_header.o
                0x00200000                . = ALIGN (0x10)

.vectors        0x00200000       0x40
 vectors.o(*.text *.text.*)
 .text          0x00200000       0x38 build/nxtvm/platform/nxt/vectors.o
                0x00200040                . = ALIGN (0x10)
 *fill*         0x00200038        0x8 00
                0x00200000                __vectors_ram_start__ = ADDR (.vectors)
                0x00200040                __vectors_ram_end__ = (ADDR (.vectors) + SIZEOF (.vectors))
                0x00200000                __vectors_load_start__ = LOADADDR (.vectors)
                0x00200040                __vectors_load_end__ = (LOADADDR (.vectors) + SIZEOF (.vectors))

.entry          0x00200040       0x40
 *nxt_entry_point.o(*.text *.text.*)
 .text          0x00200040       0x38 build/nxt_entry_point.o
                0x00200040                NXT_Entry_Point
                0x00200080                . = ALIGN (0x10)
 *fill*         0x00200078        0x8 00

.init           0x00200080      0x280
 *ecrobot_init.o(*.text *.text.*)
 .text          0x00200080      0x280 build/ecrobot_init.o
                0x00200080                start
                0x002001ec                undef_handler
                0x002001f0                swi_handler
                0x002001f4                prefetch_abort_handler
                0x002001f8                data_abort_handler
                0x00200214                reserved_handler
                0x00200300                . = ALIGN (0x10)

.ram_text       0x00200300     0x33c0
                0x00200300                . = ALIGN (0x10)
 *.oram(*.text *.text.* *.glue*)
 .text.systick_isr_C1
                0x00200300       0x28 build/syslib/at91sam7s-gnu/lego_nxt/hw_sys_timer.oram
                0x00200300                systick_isr_C1
 *fill*         0x00200328        0x8 00
 .text          0x00200330      0x230 build/config/at91sam7s-gnu/cpu_support.oram
                0x00200330                dispatch
                0x00200370                activate_r
                0x002003a0                exit_and_dispatch
                0x002003b0                start_dispatch
                0x0020046c                _interrupt
                0x002004dc                int_return
                0x00200508                disable_int
                0x00200510                enable_int
                0x00200518                nop
 .text          0x00200560      0x2c0 build/config/at91sam7s-gnu/irq.oram
                0x00200560                default_isr
                0x00200560                default_fiq
                0x00200560                spurious_isr
                0x00200564                systick_isr_entry
                0x002005ac                systick_low_priority_entry
                0x002005ec                udp_isr_entry
                0x0020062c                spi_isr_entry
                0x0020066c                twi_isr_entry
                0x002006ac                sound_isr_entry
                0x002006ec                uart_isr_entry_0
                0x0020072c                uart_isr_entry_1
                0x0020076c                nxt_motor_isr_entry
                0x002007ac                i2c_timer_isr_entry
 .text.uart_process_isr
                0x00200820       0x88 ../../../nxtOSEK/ecrobot/../ecrobot/libecrobot.a(uart.oram)
 .text.uart_isr_C_0
                0x002008a8        0xc ../../../nxtOSEK/ecrobot/../ecrobot/libecrobot.a(uart.oram)
                0x002008a8                uart_isr_C_0
 .text.uart_isr_C_1
                0x002008b4        0xc ../../../nxtOSEK/ecrobot/../ecrobot/libecrobot.a(uart.oram)
                0x002008b4                uart_isr_C_1
 .text.systick_low_priority_C
                0x002008c0       0x1c ../../../nxtOSEK/ecrobot/../ecrobot/libecrobot.a(systick.oram)
                0x002008c0                systick_low_priority_C
 .text.systick_isr_C
                0x002008dc       0x24 ../../../nxtOSEK/ecrobot/../ecrobot/libecrobot.a(systick.oram)
                0x002008dc                systick_isr_C
 .text.systick_get_ms
                0x00200900        0xc ../../../nxtOSEK/ecrobot/../ecrobot/libecrobot.a(systick.oram)
                0x00200900                systick_get_ms
 .text.systick_wait_ms
                0x0020090c       0x1c ../../../nxtOSEK/ecrobot/../ecrobot/libecrobot.a(systick.oram)
                0x0020090c                systick_wait_ms
 .text.systick_wait_ns
                0x00200928       0x1c ../../../nxtOSEK/ecrobot/../ecrobot/libecrobot.a(systick.oram)
                0x00200928                systick_wait_ns
 .text.systick_init
                0x00200944       0x58 ../../../nxtOSEK/ecrobot/../ecrobot/libecrobot.a(systick.oram)
                0x00200944                systick_init
 .text.systick_suspend
                0x0020099c        0xc ../../../nxtOSEK/ecrobot/../ecrobot/libecrobot.a(systick.oram)
                0x0020099c                systick_suspend
 .text.systick_resume
                0x002009a8        0xc ../../../nxtOSEK/ecrobot/../ecrobot/libecrobot.a(systick.oram)
                0x002009a8                systick_resume
 .text.byte_fifo_put
                0x002009b4       0x58 ../../../nxtOSEK/ecrobot/../ecrobot/libecrobot.a(byte_fifo.oram)
                0x002009b4                byte_fifo_put
 .text.byte_fifo_get
                0x00200a0c       0x2c ../../../nxtOSEK/ecrobot/../ecrobot/libecrobot.a(byte_fifo.oram)
                0x00200a0c                byte_fifo_get
 .text.aic_initialise
                0x00200a38       0x5c ../../../nxtOSEK/ecrobot/../ecrobot/libecrobot.a(aic.oram)
                0x00200a38                aic_initialise
 .text.aic_set_vector
                0x00200a94       0x30 ../../../nxtOSEK/ecrobot/../ecrobot/libecrobot.a(aic.oram)
                0x00200a94                aic_set_vector
 .text.aic_mask_on
                0x00200ac4       0x24 ../../../nxtOSEK/ecrobot/../ecrobot/libecrobot.a(aic.oram)
                0x00200ac4                aic_mask_on
 .text.aic_mask_off
                0x00200ae8       0x24 ../../../nxtOSEK/ecrobot/../ecrobot/libecrobot.a(aic.oram)
                0x00200ae8                aic_mask_off
 .text.aic_clear
                0x00200b0c       0x24 ../../../nxtOSEK/ecrobot/../ecrobot/libecrobot.a(aic.oram)
                0x00200b0c                aic_clear
 .text.reset    0x00200b30       0x4c ../../../nxtOSEK/ecrobot/../ecrobot/libecrobot.a(udp.oram)
 .text.udp_send_null
                0x00200b7c       0x2c ../../../nxtOSEK/ecrobot/../ecrobot/libecrobot.a(udp.oram)
 .text.udp_send_stall
                0x00200ba8       0x2c ../../../nxtOSEK/ecrobot/../ecrobot/libecrobot.a(udp.oram)
 .text.udp_send_control
                0x00200bd4       0x60 ../../../nxtOSEK/ecrobot/../ecrobot/libecrobot.a(udp.oram)
 .text.udp_isr_C
                0x00200c34      0x7d0 ../../../nxtOSEK/ecrobot/../ecrobot/libecrobot.a(udp.oram)
                0x00200c34                udp_isr_C
 .text.twi_status
                0x00201404       0x20 ../../../nxtOSEK/ecrobot/../ecrobot/libecrobot.a(twi.oram)
                0x00201404                twi_status
 .text.twi_isr_C
                0x00201424       0xc4 ../../../nxtOSEK/ecrobot/../ecrobot/libecrobot.a(twi.oram)
                0x00201424                twi_isr_C
 .text.twi_reset
                0x002014e8       0xb4 ../../../nxtOSEK/ecrobot/../ecrobot/libecrobot.a(twi.oram)
                0x002014e8                twi_reset
 .text.twi_init
                0x0020159c       0x4c ../../../nxtOSEK/ecrobot/../ecrobot/libecrobot.a(twi.oram)
                0x0020159c                twi_init
 .text.twi_start_read
                0x002015e8       0x60 ../../../nxtOSEK/ecrobot/../ecrobot/libecrobot.a(twi.oram)
                0x002015e8                twi_start_read
 .text.twi_start_write
                0x00201648       0x64 ../../../nxtOSEK/ecrobot/../ecrobot/libecrobot.a(twi.oram)
                0x00201648                twi_start_write
 .text.spi_set_mode
                0x002016ac       0x40 ../../../nxtOSEK/ecrobot/../ecrobot/libecrobot.a(nxt_spi.oram)
 .text.spi_isr_C
                0x002016ec       0x8c ../../../nxtOSEK/ecrobot/../ecrobot/libecrobot.a(nxt_spi.oram)
                0x002016ec                spi_isr_C
 .text.nxt_spi_init
                0x00201778      0x12c ../../../nxtOSEK/ecrobot/../ecrobot/libecrobot.a(nxt_spi.oram)
                0x00201778                nxt_spi_init
 .text.nxt_spi_write
                0x002018a4       0x44 ../../../nxtOSEK/ecrobot/../ecrobot/libecrobot.a(nxt_spi.oram)
                0x002018a4                nxt_spi_write
 .text.nxt_spi_set_display
                0x002018e8       0x10 ../../../nxtOSEK/ecrobot/../ecrobot/libecrobot.a(nxt_spi.oram)
                0x002018e8                nxt_spi_set_display
 .text.nxt_spi_refresh
                0x002018f8       0x24 ../../../nxtOSEK/ecrobot/../ecrobot/libecrobot.a(nxt_spi.oram)
                0x002018f8                nxt_spi_refresh
 .text.nxt_motor_get_count
                0x0020191c       0x14 ../../../nxtOSEK/ecrobot/../ecrobot/libecrobot.a(nxt_motors.oram)
                0x0020191c                nxt_motor_get_count
 .text.nxt_motor_set_count
                0x00201930       0x10 ../../../nxtOSEK/ecrobot/../ecrobot/libecrobot.a(nxt_motors.oram)
                0x00201930                nxt_motor_set_count
 .text.nxt_motor_set_speed
                0x00201940       0x34 ../../../nxtOSEK/ecrobot/../ecrobot/libecrobot.a(nxt_motors.oram)
                0x00201940                nxt_motor_set_speed
 .text.nxt_motor_1kHz_process
                0x00201974       0x28 ../../../nxtOSEK/ecrobot/../ecrobot/libecrobot.a(nxt_motors.oram)
                0x00201974                nxt_motor_1kHz_process
 .text.nxt_motor_quad_decode
                0x0020199c       0x30 ../../../nxtOSEK/ecrobot/../ecrobot/libecrobot.a(nxt_motors.oram)
                0x0020199c                nxt_motor_quad_decode
 .text.nxt_motor_isr_C
                0x002019cc       0x88 ../../../nxtOSEK/ecrobot/../ecrobot/libecrobot.a(nxt_motors.oram)
                0x002019cc                nxt_motor_isr_C
 .text.nxt_motor_init
                0x00201a54       0x68 ../../../nxtOSEK/ecrobot/../ecrobot/libecrobot.a(nxt_motors.oram)
                0x00201a54                nxt_motor_init
 .text.data_abort_C
                0x00201abc       0x7c ../../../nxtOSEK/ecrobot/../ecrobot/libecrobot.a(data_abort.oram)
                0x00201abc                data_abort_C
 .text.display_update
                0x00201b38       0x14 ../../../nxtOSEK/ecrobot/../ecrobot/libecrobot.a(display.oram)
                0x00201b38                display_update
 .text.display_force_update
                0x00201b4c        0xc ../../../nxtOSEK/ecrobot/../ecrobot/libecrobot.a(display.oram)
                0x00201b4c                display_force_update
 .text.display_clear
                0x00201b58       0x24 ../../../nxtOSEK/ecrobot/../ecrobot/libecrobot.a(display.oram)
                0x00201b58                display_clear
 .text.display_goto_xy
                0x00201b7c       0x14 ../../../nxtOSEK/ecrobot/../ecrobot/libecrobot.a(display.oram)
                0x00201b7c                display_goto_xy
 .text.display_char
                0x00201b90       0x60 ../../../nxtOSEK/ecrobot/../ecrobot/libecrobot.a(display.oram)
                0x00201b90                display_char
 .text.display_string
                0x00201bf0       0x3c ../../../nxtOSEK/ecrobot/../ecrobot/libecrobot.a(display.oram)
                0x00201bf0                display_string
 .text.display_hex
                0x00201c2c       0x50 ../../../nxtOSEK/ecrobot/../ecrobot/libecrobot.a(display.oram)
                0x00201c2c                display_hex
 .text.display_unsigned_worker
                0x00201c7c       0x70 ../../../nxtOSEK/ecrobot/../ecrobot/libecrobot.a(display.oram)
 .text.display_unsigned
                0x00201cec        0xc ../../../nxtOSEK/ecrobot/../ecrobot/libecrobot.a(display.oram)
                0x00201cec                display_unsigned
 .text.display_int
                0x00201cf8       0x14 ../../../nxtOSEK/ecrobot/../ecrobot/libecrobot.a(display.oram)
                0x00201cf8                display_int
 .text.display_bitmap_copy
                0x00201d0c       0x5c ../../../nxtOSEK/ecrobot/../ecrobot/libecrobot.a(display.oram)
                0x00201d0c                display_bitmap_copy
 .text.display_init
                0x00201d68       0x50 ../../../nxtOSEK/ecrobot/../ecrobot/libecrobot.a(display.oram)
                0x00201d68                display_init
 .text.i2c_timer_isr_C
                0x00201db8      0x314 ../../../nxtOSEK/ecrobot/../ecrobot/libecrobot.a(i2c.oram)
                0x00201db8                i2c_timer_isr_C
 .text.i2c_disable
                0x002020cc       0x20 ../../../nxtOSEK/ecrobot/../ecrobot/libecrobot.a(i2c.oram)
                0x002020cc                i2c_disable
 .text.i2c_enable
                0x002020ec       0x40 ../../../nxtOSEK/ecrobot/../ecrobot/libecrobot.a(i2c.oram)
                0x002020ec                i2c_enable
 .text.i2c_init
                0x0020212c       0xa4 ../../../nxtOSEK/ecrobot/../ecrobot/libecrobot.a(i2c.oram)
                0x0020212c                i2c_init
 .text.i2c_busy
                0x002021d0       0x24 ../../../nxtOSEK/ecrobot/../ecrobot/libecrobot.a(i2c.oram)
                0x002021d0                i2c_busy
 .text.i2c_start_transaction
                0x002021f4      0x108 ../../../nxtOSEK/ecrobot/../ecrobot/libecrobot.a(i2c.oram)
                0x002021f4                i2c_start_transaction
 .text.sound_fill_sample_buffer
                0x002022fc       0xe4 ../../../nxtOSEK/ecrobot/../ecrobot/libecrobot.a(sound.oram)
                0x002022fc                sound_fill_sample_buffer
 .text.sound_init
                0x002023e0       0xa0 ../../../nxtOSEK/ecrobot/../ecrobot/libecrobot.a(sound.oram)
                0x002023e0                sound_init
 .text.sound_isr_C
                0x00202480      0x144 ../../../nxtOSEK/ecrobot/../ecrobot/libecrobot.a(sound.oram)
                0x00202480                sound_isr_C
 .text.bt_init  0x002025c4      0x1c0 ../../../nxtOSEK/ecrobot/../ecrobot/libecrobot.a(bt.oram)
                0x002025c4                bt_init
 .text.bt_send  0x00202784       0x5c ../../../nxtOSEK/ecrobot/../ecrobot/libecrobot.a(bt.oram)
                0x00202784                bt_send
 .text.bt_clear_arm7_cmd
                0x002027e0       0x10 ../../../nxtOSEK/ecrobot/../ecrobot/libecrobot.a(bt.oram)
                0x002027e0                bt_clear_arm7_cmd
 .text.bt_set_arm7_cmd
                0x002027f0       0x10 ../../../nxtOSEK/ecrobot/../ecrobot/libecrobot.a(bt.oram)
                0x002027f0                bt_set_arm7_cmd
 .text.bt_receive
                0x00202800      0x160 ../../../nxtOSEK/ecrobot/../ecrobot/libecrobot.a(bt.oram)
                0x00202800                bt_receive
 .text.bt_reset
                0x00202960       0x84 ../../../nxtOSEK/ecrobot/../ecrobot/libecrobot.a(bt.oram)
                0x00202960                bt_reset
 .text.nxt_avr_power_down
                0x002029e4       0x10 ../../../nxtOSEK/ecrobot/../ecrobot/libecrobot.a(nxt_avr.oram)
                0x002029e4                nxt_avr_power_down
 .text.nxt_avr_link_init
                0x002029f4       0x20 ../../../nxtOSEK/ecrobot/../ecrobot/libecrobot.a(nxt_avr.oram)
                0x002029f4                nxt_avr_link_init
 .text.nxt_avr_init
                0x00202a14       0x6c ../../../nxtOSEK/ecrobot/../ecrobot/libecrobot.a(nxt_avr.oram)
                0x00202a14                nxt_avr_init
 .text.nxt_avr_1kHz_update
                0x00202a80      0x1cc ../../../nxtOSEK/ecrobot/../ecrobot/libecrobot.a(nxt_avr.oram)
                0x00202a80                nxt_avr_1kHz_update
 .text.buttons_get
                0x00202c4c        0xc ../../../nxtOSEK/ecrobot/../ecrobot/libecrobot.a(nxt_avr.oram)
                0x00202c4c                buttons_get
 .text.battery_voltage
                0x00202c58       0x28 ../../../nxtOSEK/ecrobot/../ecrobot/libecrobot.a(nxt_avr.oram)
                0x00202c58                battery_voltage
 .text.sensor_adc
                0x00202c80       0x20 ../../../nxtOSEK/ecrobot/../ecrobot/libecrobot.a(nxt_avr.oram)
                0x00202c80                sensor_adc
 .text.nxt_avr_set_motor
                0x00202ca0       0x34 ../../../nxtOSEK/ecrobot/../ecrobot/libecrobot.a(nxt_avr.oram)
                0x00202ca0                nxt_avr_set_motor
 .text.nxt_avr_set_input_power
                0x00202cd4       0x3c ../../../nxtOSEK/ecrobot/../ecrobot/libecrobot.a(nxt_avr.oram)
                0x00202cd4                nxt_avr_set_input_power
 .text.unset_digi0
                0x00202d10       0x44 ../../../nxtOSEK/ecrobot/../ecrobot/libecrobot.a(sensors.oram)
                0x00202d10                unset_digi0
 .text.unset_digi1
                0x00202d54       0x44 ../../../nxtOSEK/ecrobot/../ecrobot/libecrobot.a(sensors.oram)
                0x00202d54                unset_digi1
 .text.init_sensors
                0x00202d98       0x4c ../../../nxtOSEK/ecrobot/../ecrobot/libecrobot.a(sensors.oram)
                0x00202d98                init_sensors
 .text.set_digi0
                0x00202de4       0x44 ../../../nxtOSEK/ecrobot/../ecrobot/libecrobot.a(sensors.oram)
                0x00202de4                set_digi0
 .text.nxt_lcd_command
                0x00202e28       0x18 ../../../nxtOSEK/ecrobot/../ecrobot/libecrobot.a(nxt_lcd.oram)
                0x00202e28                nxt_lcd_command
 .text.nxt_lcd_set_col
                0x00202e40       0x24 ../../../nxtOSEK/ecrobot/../ecrobot/libecrobot.a(nxt_lcd.oram)
                0x00202e40                nxt_lcd_set_col
 .text.nxt_lcd_set_multiplex_rate
                0x00202e64       0x18 ../../../nxtOSEK/ecrobot/../ecrobot/libecrobot.a(nxt_lcd.oram)
                0x00202e64                nxt_lcd_set_multiplex_rate
 .text.nxt_lcd_set_page_address
                0x00202e7c       0x18 ../../../nxtOSEK/ecrobot/../ecrobot/libecrobot.a(nxt_lcd.oram)
                0x00202e7c                nxt_lcd_set_page_address
 .text.nxt_lcd_set_pot
                0x00202e94       0x1c ../../../nxtOSEK/ecrobot/../ecrobot/libecrobot.a(nxt_lcd.oram)
                0x00202e94                nxt_lcd_set_pot
 .text.nxt_lcd_set_ram_address_control
                0x00202eb0       0x18 ../../../nxtOSEK/ecrobot/../ecrobot/libecrobot.a(nxt_lcd.oram)
                0x00202eb0                nxt_lcd_set_ram_address_control
 .text.nxt_lcd_enable
                0x00202ec8       0x14 ../../../nxtOSEK/ecrobot/../ecrobot/libecrobot.a(nxt_lcd.oram)
                0x00202ec8                nxt_lcd_enable
 .text.nxt_lcd_set_map_control
                0x00202edc       0x18 ../../../nxtOSEK/ecrobot/../ecrobot/libecrobot.a(nxt_lcd.oram)
                0x00202edc                nxt_lcd_set_map_control
 .text.nxt_lcd_reset
                0x00202ef4        0xc ../../../nxtOSEK/ecrobot/../ecrobot/libecrobot.a(nxt_lcd.oram)
                0x00202ef4                nxt_lcd_reset
 .text.nxt_lcd_set_bias_ratio
                0x00202f00       0x18 ../../../nxtOSEK/ecrobot/../ecrobot/libecrobot.a(nxt_lcd.oram)
                0x00202f00                nxt_lcd_set_bias_ratio
 .text.nxt_lcd_force_update
                0x00202f18       0x30 ../../../nxtOSEK/ecrobot/../ecrobot/libecrobot.a(nxt_lcd.oram)
                0x00202f18                nxt_lcd_force_update
 .text.nxt_lcd_update
                0x00202f48        0xc ../../../nxtOSEK/ecrobot/../ecrobot/libecrobot.a(nxt_lcd.oram)
                0x00202f48                nxt_lcd_update
 .text.nxt_lcd_power_up
                0x00202f54       0x48 ../../../nxtOSEK/ecrobot/../ecrobot/libecrobot.a(nxt_lcd.oram)
                0x00202f54                nxt_lcd_power_up
 .text.nxt_lcd_power_down
                0x00202f9c        0xc ../../../nxtOSEK/ecrobot/../ecrobot/libecrobot.a(nxt_lcd.oram)
                0x00202f9c                nxt_lcd_power_down
 .text.nxt_lcd_init
                0x00202fa8       0x18 ../../../nxtOSEK/ecrobot/../ecrobot/libecrobot.a(nxt_lcd.oram)
                0x00202fa8                nxt_lcd_init
 .text.verify_flash_page
                0x00202fc0       0x34 ../../../nxtOSEK/ecrobot/../ecrobot/libecrobot.a(flash_loader.oram)
 .text.set_flash_request
                0x00202ff4       0x38 ../../../nxtOSEK/ecrobot/../ecrobot/libecrobot.a(flash_loader.oram)
                0x00202ff4                set_flash_request
 .text.nxt_device_init
                0x0020302c       0x38 ../../../nxtOSEK/ecrobot/../ecrobot/libecrobot.a(flash_loader.oram)
                0x0020302c                nxt_device_init
 .text          0x00203064       0x68 ../../../nxtOSEK/ecrobot/../ecrobot/libecrobot.a(interrupts.oram)
                0x00203064                interrupts_get_and_disable
                0x00203088                interrupts_enable
                0x00203098                fiq_get_and_disable
                0x002030bc                fiq_enable
 .text.flash_write_page
                0x002030cc       0xc0 ../../../nxtOSEK/ecrobot/../ecrobot/libecrobot.a(flashprog.oram)
                0x002030cc                flash_write_page
                0x00203190                . = ALIGN (0x10)
 *fill*         0x0020318c        0x4 00
 *.oram(*.rodata *.rodata.*)
 .rodata.ld     0x00203190        0x4 ../../../nxtOSEK/ecrobot/../ecrobot/libecrobot.a(udp.oram)
 .rodata.cfd    0x00203194       0x20 ../../../nxtOSEK/ecrobot/../ecrobot/libecrobot.a(udp.oram)
 .rodata.dd     0x002031b4       0x12 ../../../nxtOSEK/ecrobot/../ecrobot/libecrobot.a(udp.oram)
 *fill*         0x002031c6        0x2 00
 .rodata.str1.4
                0x002031c8       0x22 ../../../nxtOSEK/ecrobot/../ecrobot/libecrobot.a(data_abort.oram)
                                 0x24 (size before relaxing)
 .rodata.font   0x002031ea      0x280 ../../../nxtOSEK/ecrobot/../ecrobot/libecrobot.a(display.oram)
 *fill*         0x0020346a        0x2 00
 .rodata.str1.4
                0x0020346c       0x76 ../../../nxtOSEK/ecrobot/../ecrobot/libecrobot.a(display.oram)
                                 0x78 (size before relaxing)
 *fill*         0x002034e2        0x2 00
 .rodata.i2c_pin
                0x002034e4       0x20 ../../../nxtOSEK/ecrobot/../ecrobot/libecrobot.a(i2c.oram)
 .rodata.i2c_timer_isr_C
                0x00203504       0x38 ../../../nxtOSEK/ecrobot/../ecrobot/libecrobot.a(i2c.oram)
 .rodata.silence
                0x0020353c       0x40 ../../../nxtOSEK/ecrobot/../ecrobot/libecrobot.a(sound.oram)
                0x0020353c                silence
 .rodata.sample_pattern
                0x0020357c       0x84 ../../../nxtOSEK/ecrobot/../ecrobot/libecrobot.a(sound.oram)
                0x0020357c                sample_pattern
 .rodata        0x00203600        0xc ../../../nxtOSEK/ecrobot/../ecrobot/libecrobot.a(sound.oram)
 .rodata.avr_brainwash_string
                0x0020360c       0x30 ../../../nxtOSEK/ecrobot/../ecrobot/libecrobot.a(nxt_avr.oram)
                0x0020360c                avr_brainwash_string
 .rodata.nxt_avr_1kHz_update
                0x0020363c       0x14 ../../../nxtOSEK/ecrobot/../ecrobot/libecrobot.a(nxt_avr.oram)
 .rodata.C.33.1823
                0x00203650       0x10 ../../../nxtOSEK/ecrobot/../ecrobot/libecrobot.a(sensors.oram)
 .rodata.C.37.1857
                0x00203660       0x10 ../../../nxtOSEK/ecrobot/../ecrobot/libecrobot.a(sensors.oram)
 .rodata.C.31.1806
                0x00203670       0x10 ../../../nxtOSEK/ecrobot/../ecrobot/libecrobot.a(sensors.oram)
 .rodata.str1.4
                0x00203680       0x24 ../../../nxtOSEK/ecrobot/../ecrobot/libecrobot.a(flash_loader.oram)
 *fill*         0x002036a4        0x4 00
 .rodata.str1.4.stub
                0x002036a8       0x10 linker stubs
                0x002036c0                . = ALIGN (0x10)
 *fill*         0x002036b8        0x8 00
                0x00200300                __ramtext_ram_start__ = ADDR (.ram_text)
                0x002036c0                __ramtext_ram_end__ = (ADDR (.ram_text) + SIZEOF (.ram_text))
                0x00200300                __ramtext_load_start__ = LOADADDR (.ram_text)
                0x002036c0                __ramtext_load_end__ = (__ramtext_load_start__ + SIZEOF (.ram_text))

.wav_data       0x002036c0        0x0
 *.owav(*.data *.data.*)
                0x002036c0                . = ALIGN (0x10)

.bmp_data       0x002036c0      0x440
 *.obmp(*.data *.data.*)
 .data          0x002036c0      0x43e ../../../nxtOSEK/ecrobot/../ecrobot/libecrobot.a(nxtosek_splash.obmp)
                0x002036c0                nxtosek_splash_bmp_start
                0x00203afe                nxtosek_splash_bmp_end
                0x00203b00                . = ALIGN (0x10)
 *fill*         0x00203afe        0x2 00

.spr_data       0x00203b00        0x0
 *.ospr(*.data *.data.*)
                0x00203b00                . = ALIGN (0x10)

.data           0x00203b00       0x70
 *(*.data *.data.*)
 .data.bt_status
                0x00203b00        0x1 build/ecrobot_bluetooth.o
 *fill*         0x00203b01        0x3 00
 .data.distance_state
                0x00203b04       0x10 ../../../nxtOSEK/ecrobot/../ecrobot/libecrobot.a(ecrobot_interface.o)
 .data.deviceStatus
                0x00203b14        0x1 ../../../nxtOSEK/ecrobot/../ecrobot/libecrobot.a(ecrobot_interface.o)
 .bss.data.2752
                0x00203b15        0x4 ../../../nxtOSEK/ecrobot/../ecrobot/libecrobot.a(ecrobot_interface.o)
 .data.named    0x00203b19       0x22 ../../../nxtOSEK/ecrobot/../ecrobot/libecrobot.a(udp.oram)
 .data.snd      0x00203b3b       0x1a ../../../nxtOSEK/ecrobot/../ecrobot/libecrobot.a(udp.oram)
 *fill*         0x00203b55        0x3 00
 .data.configured
                0x00203b58        0x4 ../../../nxtOSEK/ecrobot/../ecrobot/libecrobot.a(udp.oram)
 .data.mode     0x00203b5c        0x1 ../../../nxtOSEK/ecrobot/../ecrobot/libecrobot.a(nxt_spi.oram)
                0x00203b5c                mode
 *fill*         0x00203b5d        0x3 00
 .bss.data      0x00203b60        0x4 ../../../nxtOSEK/ecrobot/../ecrobot/libecrobot.a(nxt_spi.oram)
                0x00203b60                data
 .data.display_auto_update
                0x00203b64        0x4 ../../../nxtOSEK/ecrobot/../ecrobot/libecrobot.a(display.oram)
                0x00203b64                display_auto_update
 .data.display_buffer
                0x00203b68        0x4 ../../../nxtOSEK/ecrobot/../ecrobot/libecrobot.a(display.oram)
                0x00203b70                . = ALIGN (0x10)
 *fill*         0x00203b6c        0x4 00
                0x00203b00                __data_ram_start__ = ADDR (.data)
                0x00203b70                __data_ram_end__ = (ADDR (.data) + SIZEOF (.data))
                0x00203b00                __data_load_start__ = LOADADDR (.data)
                0x00203b70                __data_load_end__ = (__data_load_start__ + SIZEOF (.data))

.text           0x00203b70     0x1eb0
                0x00203b70                . = ALIGN (0x10)
 *(*.text *.text.* *.glue*)
 .glue_7        0x00203b70       0x18 linker stubs
                0x00203b70                __call_posttaskhook_from_arm
                0x00203b7c                __call_pretaskhook_from_arm
 .glue_7t       0x00000000        0x0 linker stubs
 .text.enqueue_alarm
                0x00203b88       0x94 build/kernel/alarm.o
 .text.alarm_initialize
                0x00203c1c       0x98 build/kernel/alarm.o
                0x00203c1c                alarm_initialize
 .text.unlock_cpu
                0x00203cb4        0xc build/kernel/alarm.o
 .text.lock_cpu
                0x00203cc0        0xc build/kernel/alarm.o
 .text.SignalCounter
                0x00203ccc      0x128 build/kernel/alarm.o
                0x00203ccc                SignalCounter
 .text.ShutdownOS
                0x00203df4       0x4c build/kernel/osctl.o
                0x00203df4                ShutdownOS
 .text.StartOS  0x00203e40       0x58 build/kernel/osctl.o
                0x00203e40                StartOS
 .text.call_pretaskhook
                0x00203e98       0x24 build/kernel/osctl.o
                0x00203e98                call_pretaskhook
 .text.call_posttaskhook
                0x00203ebc       0x24 build/kernel/osctl.o
                0x00203ebc                call_posttaskhook
 .text.call_errorhook
                0x00203ee0       0x78 build/kernel/osctl.o
                0x00203ee0                call_errorhook
 .text.resource_initialize
                0x00203f58       0x20 build/kernel/resource.o
                0x00203f58                resource_initialize
 .text.make_runnable
                0x00203f78       0xa4 build/kernel/task.o
                0x00203f78                make_runnable
 .text.make_active
                0x0020401c       0x78 build/kernel/task.o
                0x0020401c                make_active
 .text.task_initialize
                0x00204094       0x88 build/kernel/task.o
                0x00204094                task_initialize
 .text.search_schedtsk
                0x0020411c       0x90 build/kernel/task.o
                0x0020411c                search_schedtsk
 .text.unlock_cpu
                0x002041ac        0xc build/kernel/task_manage.o
 .text.lock_cpu
                0x002041b8        0xc build/kernel/task_manage.o
 .text.ActivateTask
                0x002041c4       0x8c build/kernel/task_manage.o
                0x002041c4                ActivateTask
 .text.TerminateTask
                0x00204250       0x74 build/kernel/task_manage.o
                0x00204250                TerminateTask
 .text.cpu_initialize
                0x002042c4        0x4 build/config/at91sam7s-gnu/cpu_config.o
                0x002042c4                cpu_initialize
 .text.cpu_terminate
                0x002042c8        0x4 build/config/at91sam7s-gnu/cpu_config.o
                0x002042c8                cpu_terminate
 .text.sys_initialize
                0x002042cc        0x4 build/config/at91sam7s-gnu/lego_nxt/sys_config.o
                0x002042cc                sys_initialize
 .text.sys_exit
                0x002042d0        0x4 build/config/at91sam7s-gnu/lego_nxt/sys_config.o
                0x002042d0                sys_exit
 .text._activate_alarm_lcd_update_alarm
                0x002042d4        0xc build/./kernel_cfg.o
 .text._activate_alarm_BRO_Comm_alarm
                0x002042e0        0xc build/./kernel_cfg.o
 .text._activate_alarm_PID_alarm
                0x002042ec        0xc build/./kernel_cfg.o
 .text.object_initialize
                0x002042f8       0x14 build/./kernel_cfg.o
                0x002042f8                object_initialize
 .text.ecrobot_get_bt_status
                0x0020430c        0xc build/ecrobot_bluetooth.o
                0x0020430c                ecrobot_get_bt_status
 .text.ecrobot_read_bt_packet
                0x00204318       0x48 build/ecrobot_bluetooth.o
                0x00204318                ecrobot_read_bt_packet
 .text.close_bt_stream
                0x00204360       0x28 build/ecrobot_bluetooth.o
 .text.send_bt_command
                0x00204388       0x3c build/ecrobot_bluetooth.o
 .text.ecrobot_term_bt_connection
                0x002043c4       0x44 build/ecrobot_bluetooth.o
                0x002043c4                ecrobot_term_bt_connection
 .text.open_bt_stream
                0x00204408       0x48 build/ecrobot_bluetooth.o
 .text.T.50     0x00204450       0x54 build/ecrobot_bluetooth.o
 .text.ecrobot_get_bt_device_address
                0x002044a4       0x64 build/ecrobot_bluetooth.o
                0x002044a4                ecrobot_get_bt_device_address
 .text.ecrobot_init_bt_slave
                0x00204508      0x100 build/ecrobot_bluetooth.o
                0x00204508                ecrobot_init_bt_slave
 .text.init_OS_flag
                0x00204608        0xc build/ecrobot_base.o
                0x00204608                init_OS_flag
 .text.set_OS_flag
                0x00204614        0xc build/ecrobot_base.o
                0x00204614                set_OS_flag
 .text.get_OS_flag
                0x00204620        0xc build/ecrobot_base.o
                0x00204620                get_OS_flag
 .text.cpp_constructor
                0x0020462c       0x28 build/ecrobot_base.o
                0x0020462c                cpp_constructor
 .text.cpp_destructor
                0x00204654       0x28 build/ecrobot_base.o
                0x00204654                cpp_destructor
 .text.execution_mode
                0x0020467c       0x14 build/ecrobot_base.o
                0x0020467c                execution_mode
 .text.shutdown_NXT
                0x00204690       0x2c build/ecrobot_base.o
                0x00204690                shutdown_NXT
 .text.restart_NXT
                0x002046bc       0x2c build/ecrobot_base.o
                0x002046bc                restart_NXT
 .text.check_NXT_buttons
                0x002046e8       0x38 build/ecrobot_base.o
                0x002046e8                check_NXT_buttons
 .text.add_status_info
                0x00204720       0x68 build/ecrobot_base.o
                0x00204720                add_status_info
 .text.show_bd_addr_err
                0x00204788       0x3c build/ecrobot_base.o
                0x00204788                show_bd_addr_err
 .text.show_main_screen
                0x002047c4       0x48 build/ecrobot_base.o
                0x002047c4                show_main_screen
 .text.show_bd_addr
                0x0020480c       0x44 build/ecrobot_base.o
                0x0020480c                show_bd_addr
 .text.display_status_bar
                0x00204850       0x5c build/ecrobot_base.o
                0x00204850                display_status_bar
 .text.show_splash_screen
                0x002048ac       0x98 build/ecrobot_base.o
                0x002048ac                show_splash_screen
 .text.main     0x00204944      0x108 build/ecrobot.o
                0x00204944                main
 .text.TaskMainDisplayTask
                0x00204a4c       0x14 build/BRO_spam_client.o
                0x00204a4c                TaskMainDisplayTask
 .text.TaskMainBRO_Comm
                0x00204a60       0x48 build/BRO_spam_client.o
                0x00204a60                TaskMainBRO_Comm
 .text.TaskMainPID_Controller
                0x00204aa8       0x80 build/BRO_spam_client.o
                0x00204aa8                TaskMainPID_Controller
 .text.user_1ms_isr_type2
                0x00204b28       0x1c build/BRO_spam_client.o
                0x00204b28                user_1ms_isr_type2
 .text.ecrobot_device_terminate
                0x00204b44       0x48 build/BRO_spam_client.o
                0x00204b44                ecrobot_device_terminate
 .text.ecrobot_device_initialize
                0x00204b8c       0x64 build/BRO_spam_client.o
                0x00204b8c                ecrobot_device_initialize
 .text.decode_bro_port
                0x00204bf0       0x2c build/BRO_spam_fists.o
 .text.decode_bro_fists
                0x00204c1c      0x140 build/BRO_spam_fists.o
                0x00204c1c                decode_bro_fists
 .text.ecrobot_set_light_sensor_active
                0x00204d5c       0x10 ../../../nxtOSEK/ecrobot/../ecrobot/libecrobot.a(ecrobot_interface.o)
                0x00204d5c                ecrobot_set_light_sensor_active
 .text.ecrobot_set_light_sensor_inactive
                0x00204d6c       0x10 ../../../nxtOSEK/ecrobot/../ecrobot/libecrobot.a(ecrobot_interface.o)
                0x00204d6c                ecrobot_set_light_sensor_inactive
 .text.ecrobot_get_light_sensor
                0x00204d7c       0x14 ../../../nxtOSEK/ecrobot/../ecrobot/libecrobot.a(ecrobot_interface.o)
                0x00204d7c                ecrobot_get_light_sensor
 .text.ecrobot_get_touch_sensor
                0x00204d90       0x20 ../../../nxtOSEK/ecrobot/../ecrobot/libecrobot.a(ecrobot_interface.o)
                0x00204d90                ecrobot_get_touch_sensor
 .text.ecrobot_get_sound_sensor
                0x00204db0       0x14 ../../../nxtOSEK/ecrobot/../ecrobot/libecrobot.a(ecrobot_interface.o)
                0x00204db0                ecrobot_get_sound_sensor
 .text.ecrobot_init_i2c
                0x00204dc4       0x2c ../../../nxtOSEK/ecrobot/../ecrobot/libecrobot.a(ecrobot_interface.o)
                0x00204dc4                ecrobot_init_i2c
 .text.getDistance
                0x00204df0       0x20 ../../../nxtOSEK/ecrobot/../ecrobot/libecrobot.a(ecrobot_interface.o)
 .text.ecrobot_init_sonar_sensor
                0x00204e10       0x10 ../../../nxtOSEK/ecrobot/../ecrobot/libecrobot.a(ecrobot_interface.o)
                0x00204e10                ecrobot_init_sonar_sensor
 .text.ecrobot_get_sonar_sensor
                0x00204e20       0x48 ../../../nxtOSEK/ecrobot/../ecrobot/libecrobot.a(ecrobot_interface.o)
                0x00204e20                ecrobot_get_sonar_sensor
 .text.ecrobot_term_sonar_sensor
                0x00204e68       0x20 ../../../nxtOSEK/ecrobot/../ecrobot/libecrobot.a(ecrobot_interface.o)
                0x00204e68                ecrobot_term_sonar_sensor
 .text.ecrobot_get_battery_voltage
                0x00204e88        0xc ../../../nxtOSEK/ecrobot/../ecrobot/libecrobot.a(ecrobot_interface.o)
                0x00204e88                ecrobot_get_battery_voltage
 .text.ecrobot_get_button_state
                0x00204e94        0xc ../../../nxtOSEK/ecrobot/../ecrobot/libecrobot.a(ecrobot_interface.o)
                0x00204e94                ecrobot_get_button_state
 .text.ecrobot_init_nxtstate
                0x00204ea0       0x28 ../../../nxtOSEK/ecrobot/../ecrobot/libecrobot.a(ecrobot_interface.o)
                0x00204ea0                ecrobot_init_nxtstate
 .text.ecrobot_poll_nxtstate
                0x00204ec8       0x64 ../../../nxtOSEK/ecrobot/../ecrobot/libecrobot.a(ecrobot_interface.o)
                0x00204ec8                ecrobot_poll_nxtstate
 .text.ecrobot_setDeviceInitialized
                0x00204f2c       0x18 ../../../nxtOSEK/ecrobot/../ecrobot/libecrobot.a(ecrobot_interface.o)
                0x00204f2c                ecrobot_setDeviceInitialized
 .text.ecrobot_initDeviceStatus
                0x00204f44        0xc ../../../nxtOSEK/ecrobot/../ecrobot/libecrobot.a(ecrobot_interface.o)
                0x00204f44                ecrobot_initDeviceStatus
 .text.ecrobot_bmp2lcd
                0x00204f50      0x1c8 ../../../nxtOSEK/ecrobot/../ecrobot/libecrobot.a(ecrobot_interface.o)
                0x00204f50                ecrobot_bmp2lcd
 .text.ecrobot_status_monitor
                0x00205118      0x138 ../../../nxtOSEK/ecrobot/../ecrobot/libecrobot.a(ecrobot_interface.o)
                0x00205118                ecrobot_status_monitor
 .text.StartupHook
                0x00205250        0x4 ../../../nxtOSEK/ecrobot/../ecrobot/libecrobot.a(osek_hook.o)
                0x00205250                StartupHook
 .text.PreTaskHook
                0x00205254        0x4 ../../../nxtOSEK/ecrobot/../ecrobot/libecrobot.a(osek_hook.o)
                0x00205254                PreTaskHook
 .text.PostTaskHook
                0x00205258        0x4 ../../../nxtOSEK/ecrobot/../ecrobot/libecrobot.a(osek_hook.o)
                0x00205258                PostTaskHook
 .text.ErrorHook
                0x0020525c        0x4 ../../../nxtOSEK/ecrobot/../ecrobot/libecrobot.a(osek_hook.o)
                0x0020525c                ErrorHook
 .text.ShutdownHook
                0x00205260        0x4 ../../../nxtOSEK/ecrobot/../ecrobot/libecrobot.a(osek_hook.o)
                0x00205260                ShutdownHook
 .text          0x00205264       0x8c /home/ubuntu/NXT/gnuarm/lib/gcc/arm-elf/4.4.2/thumb/interwork/libgcc.a(_udivsi3.o)
                0x00205264                __udivsi3
                0x00205264                __aeabi_uidiv
                0x002052e0                __aeabi_uidivmod
 .text          0x002052f0       0xc8 /home/ubuntu/NXT/gnuarm/lib/gcc/arm-elf/4.4.2/thumb/interwork/libgcc.a(_umodsi3.o)
                0x002052f0                __umodsi3
 .text          0x002053b8        0x4 /home/ubuntu/NXT/gnuarm/lib/gcc/arm-elf/4.4.2/thumb/interwork/libgcc.a(_dvmd_tls.o)
                0x002053b8                __aeabi_ldiv0
                0x002053b8                __div0
                0x002053b8                __aeabi_idiv0
 .text          0x002053bc      0x2ac /home/ubuntu/NXT/gnuarm/lib/gcc/arm-elf/4.4.2/thumb/interwork/libgcc.a(_arm_addsubsf3.o)
                0x002053bc                __aeabi_frsub
                0x002053c4                __subsf3
                0x002053c4                __aeabi_fsub
                0x002053c8                __aeabi_fadd
                0x002053c8                __addsf3
                0x00205584                __aeabi_ui2f
                0x00205584                __floatunsisf
                0x0020558c                __aeabi_i2f
                0x0020558c                __floatsisf
                0x002055ac                __floatundisf
                0x002055ac                __aeabi_ul2f
                0x002055bc                __floatdisf
                0x002055bc                __aeabi_l2f
 .text          0x00205668       0x5c /home/ubuntu/NXT/gnuarm/lib/gcc/arm-elf/4.4.2/thumb/interwork/libgcc.a(_arm_fixsfsi.o)
                0x00205668                __fixsfsi
                0x00205668                __aeabi_f2iz
 .text          0x002056c4       0x80 /home/ubuntu/NXT/gnuarm/lib/gcc/arm-elf/4.4.2/../../../../arm-elf/lib/thumb/interwork/libc.a(lib_a-memcpy.o)
                0x002056c4                memcpy
 .text          0x00205744       0x94 /home/ubuntu/NXT/gnuarm/lib/gcc/arm-elf/4.4.2/../../../../arm-elf/lib/thumb/interwork/libc.a(lib_a-memset.o)
                0x00205744                memset
 .text          0x002057d8       0x10 /home/ubuntu/NXT/gnuarm/lib/gcc/arm-elf/4.4.2/../../../../arm-elf/lib/thumb/interwork/libc.a(lib_a-strcpy.o)
                0x002057d8                strcpy
 .text          0x002057e8       0x10 /home/ubuntu/NXT/gnuarm/lib/gcc/arm-elf/4.4.2/../../../../arm-elf/lib/thumb/interwork/libc.a(lib_a-strlen.o)
                0x002057e8                strlen
                0x00205800                . = ALIGN (0x10)
 *fill*         0x002057f8        0x8 00
 *(*.rodata *.rodata.*)
 .rodata.search_table.1018
                0x00205800       0x10 build/kernel/task.o
 .rodata.alminib_cback
                0x00205810        0xc build/./kernel_cfg.o
                0x00205810                alminib_cback
 .rodata.tnum_resource
                0x0020581c        0x1 build/./kernel_cfg.o
                0x0020581c                tnum_resource
 *fill*         0x0020581d        0x3 00
 .rodata.tinib_maxact
                0x00205820        0x4 build/./kernel_cfg.o
                0x00205820                tinib_maxact
 .rodata.cntinib_tickbase
                0x00205824        0x4 build/./kernel_cfg.o
                0x00205824                cntinib_tickbase
 .rodata.alminib_cntid
                0x00205828        0x4 build/./kernel_cfg.o
                0x00205828                alminib_cntid
 .rodata.tnum_task
                0x0020582c        0x1 build/./kernel_cfg.o
                0x0020582c                tnum_task
 *fill*         0x0020582d        0x3 00
 .rodata.cntinib_maxval
                0x00205830        0x4 build/./kernel_cfg.o
                0x00205830                cntinib_maxval
 .rodata.alminib_almval
                0x00205834        0xc build/./kernel_cfg.o
                0x00205834                alminib_almval
 .rodata.tinib_stksz
                0x00205840        0x8 build/./kernel_cfg.o
                0x00205840                tinib_stksz
 .rodata.alminib_cycle
                0x00205848        0xc build/./kernel_cfg.o
                0x00205848                alminib_cycle
 .rodata.tinib_inipri
                0x00205854        0x4 build/./kernel_cfg.o
                0x00205854                tinib_inipri
 .rodata.cntinib_maxval2
                0x00205858        0x4 build/./kernel_cfg.o
                0x00205858                cntinib_maxval2
 .rodata.tinib_stk
                0x0020585c        0xc build/./kernel_cfg.o
                0x0020585c                tinib_stk
 .rodata.tnum_exttask
                0x00205868        0x1 build/./kernel_cfg.o
                0x00205868                tnum_exttask
 .rodata.tnum_counter
                0x00205869        0x1 build/./kernel_cfg.o
                0x00205869                tnum_counter
 *fill*         0x0020586a        0x2 00
 .rodata.tinib_exepri
                0x0020586c        0x4 build/./kernel_cfg.o
                0x0020586c                tinib_exepri
 .rodata.tinib_autoact
                0x00205870        0x4 build/./kernel_cfg.o
                0x00205870                tinib_autoact
 .rodata.SysTimerCnt
                0x00205874        0x1 build/./kernel_cfg.o
                0x00205874                SysTimerCnt
 .rodata.tnum_alarm
                0x00205875        0x1 build/./kernel_cfg.o
                0x00205875                tnum_alarm
 *fill*         0x00205876        0x2 00
 .rodata.tinib_task
                0x00205878        0xc build/./kernel_cfg.o
                0x00205878                tinib_task
 .rodata.alminib_autosta
                0x00205884        0x4 build/./kernel_cfg.o
                0x00205884                alminib_autosta
 .rodata.str1.1
                0x00205888       0x6c build/ecrobot_base.o
 .rodata.exec_addr
                0x002058f4        0x4 build/ecrobot_base.o
                0x002058f4                exec_addr
 .rodata.str1.1
                0x002058f8       0x14 build/BRO_spam_client.o
 .rodata.decode_bro_port
                0x0020590c       0x1c build/BRO_spam_fists.o
 .rodata.decode_bro_fists
                0x00205928       0x24 build/BRO_spam_fists.o
 .rodata.str1.4
                0x0020594c       0x84 ../../../nxtOSEK/ecrobot/../ecrobot/libecrobot.a(ecrobot_interface.o)
 .rodata.str1.4.stub
                0x002059d0       0x48 linker stubs
                0x00205a20                . = ALIGN (0x10)
 *fill*         0x00205a18        0x8 00
 *(*.gnu.linkonce.* .gcc_except_table)
                0x00205a20                . = ALIGN (0x10)

.vfp11_veneer   0x00203b70        0x0
 .vfp11_veneer  0x00000000        0x0 linker stubs

.v4_bx          0x00203b70        0x0
 .v4_bx         0x00000000        0x0 linker stubs

.tors           0x00205a20        0x0
                0x00205a20                . = ALIGN (0x10)
                0x00205a20                __ctor_begin = .
 *(*.ctors*)
                0x00205a20                __ctor_end = .
                0x00205a20                . = ALIGN (0x10)
                0x00205a20                __dtor_begin = .
 *(*.dtors*)
                0x00205a20                __dtor_end = .
                0x00205a20                . = ALIGN (0x10)

.bss            0x00205a20     0x19b8
 *(*.bss *.bss.*)
 .bss.ready_queue_first
                0x00205a20       0x10 build/kernel/task.o
 .bss.ready_primap
                0x00205a30        0x2 build/kernel/task.o
 *fill*         0x00205a32        0x2 00
 .bss.ready_queue_last
                0x00205a34       0x10 build/kernel/task.o
 .bss._stack_PID_Controller
                0x00205a44      0x200 build/./kernel_cfg.o
 .bss._stack_DisplayTask
                0x00205c44      0x200 build/./kernel_cfg.o
 .bss._stack_BRO_Comm
                0x00205e44      0x200 build/./kernel_cfg.o
 .bss.receiveBuf
                0x00206044       0x80 build/ecrobot_bluetooth.o
 .bss.sendBuf   0x002060c4      0x100 build/ecrobot_bluetooth.o
 .bss.handle    0x002061c4        0x1 build/ecrobot_bluetooth.o
 *fill*         0x002061c5        0x3 00
 .bss.last_act_time.2836
                0x002061c8        0x4 build/ecrobot_base.o
 .bss.status_bar_position
                0x002061cc        0x4 build/ecrobot_base.o
 .bss.lcd.2758  0x002061d0      0x320 build/ecrobot_base.o
 .bss.status_bar
                0x002064f0       0x10 build/ecrobot_base.o
 .bss.OS_flag   0x00206500        0x4 build/ecrobot_base.o
 .bss.buttons_i
                0x00206504        0x4 ../../../nxtOSEK/ecrobot/../ecrobot/libecrobot.a(ecrobot_interface.o)
 .bss.buttons_states
                0x00206508       0x14 ../../../nxtOSEK/ecrobot/../ecrobot/libecrobot.a(ecrobot_interface.o)
 .bss.ecrobot_inputs
                0x0020651c        0x8 ../../../nxtOSEK/ecrobot/../ecrobot/libecrobot.a(ecrobot_interface.o)
 .bss.systick_ms
                0x00206524        0x4 ../../../nxtOSEK/ecrobot/../ecrobot/libecrobot.a(systick.oram)
 .bss.delayedEnable
                0x00206528        0x1 ../../../nxtOSEK/ecrobot/../ecrobot/libecrobot.a(udp.oram)
 *fill*         0x00206529        0x3 00
 .bss.outCnt    0x0020652c        0x4 ../../../nxtOSEK/ecrobot/../ecrobot/libecrobot.a(udp.oram)
 .bss.outPtr    0x00206530        0x4 ../../../nxtOSEK/ecrobot/../ecrobot/libecrobot.a(udp.oram)
 .bss.newAddress
                0x00206534        0x4 ../../../nxtOSEK/ecrobot/../ecrobot/libecrobot.a(udp.oram)
 .bss.currentRxBank
                0x00206538        0x4 ../../../nxtOSEK/ecrobot/../ecrobot/libecrobot.a(udp.oram)
 .bss.currentFeatures
                0x0020653c        0x4 ../../../nxtOSEK/ecrobot/../ecrobot/libecrobot.a(udp.oram)
 .bss.currentConfig
                0x00206540        0x1 ../../../nxtOSEK/ecrobot/../ecrobot/libecrobot.a(udp.oram)
 *fill*         0x00206541        0x3 00
 .bss.twi_mask  0x00206544        0x4 ../../../nxtOSEK/ecrobot/../ecrobot/libecrobot.a(twi.oram)
 .bss.twi_ptr   0x00206548        0x4 ../../../nxtOSEK/ecrobot/../ecrobot/libecrobot.a(twi.oram)
 .bss.twi_pending
                0x0020654c        0x4 ../../../nxtOSEK/ecrobot/../ecrobot/libecrobot.a(twi.oram)
 .bss.twi_state
                0x00206550        0x4 ../../../nxtOSEK/ecrobot/../ecrobot/libecrobot.a(twi.oram)
 .bss.page      0x00206554        0x1 ../../../nxtOSEK/ecrobot/../ecrobot/libecrobot.a(nxt_spi.oram)
                0x00206554                page
 .bss.dirty     0x00206555        0x1 ../../../nxtOSEK/ecrobot/../ecrobot/libecrobot.a(nxt_spi.oram)
                0x00206555                dirty
 *fill*         0x00206556        0x2 00
 .bss.display   0x00206558        0x4 ../../../nxtOSEK/ecrobot/../ecrobot/libecrobot.a(nxt_spi.oram)
                0x00206558                display
 .bss.interrupts_this_period
                0x0020655c        0x4 ../../../nxtOSEK/ecrobot/../ecrobot/libecrobot.a(nxt_motors.oram)
 .bss.nxt_motor_initialised
                0x00206560        0x4 ../../../nxtOSEK/ecrobot/../ecrobot/libecrobot.a(nxt_motors.oram)
 .bss.motor     0x00206564       0x30 ../../../nxtOSEK/ecrobot/../ecrobot/libecrobot.a(nxt_motors.oram)
 .bss.display_tick
                0x00206594        0x4 ../../../nxtOSEK/ecrobot/../ecrobot/libecrobot.a(display.oram)
                0x00206594                display_tick
 .bss.display_array
                0x00206598      0x388 ../../../nxtOSEK/ecrobot/../ecrobot/libecrobot.a(display.oram)
 .bss.i2c_int_count
                0x00206920        0x4 ../../../nxtOSEK/ecrobot/../ecrobot/libecrobot.a(i2c.oram)
 .bss.i2c_port  0x00206924      0x170 ../../../nxtOSEK/ecrobot/../ecrobot/libecrobot.a(i2c.oram)
 .bss.sound_mode
                0x00206a94        0x1 ../../../nxtOSEK/ecrobot/../ecrobot/libecrobot.a(sound.oram)
                0x00206a94                sound_mode
 *fill*         0x00206a95        0x3 00
 .bss.in_buf_idx
                0x00206a98        0x4 ../../../nxtOSEK/ecrobot/../ecrobot/libecrobot.a(bt.oram)
 .bss.buf_ptr   0x00206a9c        0x4 ../../../nxtOSEK/ecrobot/../ecrobot/libecrobot.a(bt.oram)
 .bss.out_buf   0x00206aa0      0x200 ../../../nxtOSEK/ecrobot/../ecrobot/libecrobot.a(bt.oram)
 .bss.out_buf_ptr
                0x00206ca0        0x1 ../../../nxtOSEK/ecrobot/../ecrobot/libecrobot.a(bt.oram)
 .bss.in_buf_in_ptr
                0x00206ca1        0x1 ../../../nxtOSEK/ecrobot/../ecrobot/libecrobot.a(bt.oram)
 .bss.in_buf    0x00206ca2      0x100 ../../../nxtOSEK/ecrobot/../ecrobot/libecrobot.a(bt.oram)
 *fill*         0x00206da2        0x2 00
 .bss.link_state
                0x00206da4        0x4 ../../../nxtOSEK/ecrobot/../ecrobot/libecrobot.a(nxt_avr.oram)
 .bss.update_count
                0x00206da8        0x4 ../../../nxtOSEK/ecrobot/../ecrobot/libecrobot.a(nxt_avr.oram)
 .bss.nxt_avr_stats
                0x00206dac       0x14 ../../../nxtOSEK/ecrobot/../ecrobot/libecrobot.a(nxt_avr.oram)
 .bss.debounce_cnt
                0x00206dc0        0x2 ../../../nxtOSEK/ecrobot/../ecrobot/libecrobot.a(nxt_avr.oram)
 .bss.debounce_state
                0x00206dc2        0x2 ../../../nxtOSEK/ecrobot/../ecrobot/libecrobot.a(nxt_avr.oram)
 .bss.button_state
                0x00206dc4        0x2 ../../../nxtOSEK/ecrobot/../ecrobot/libecrobot.a(nxt_avr.oram)
 .bss.prev_buttons
                0x00206dc6        0x2 ../../../nxtOSEK/ecrobot/../ecrobot/libecrobot.a(nxt_avr.oram)
 .bss.from_buf  0x00206dc8        0x4 ../../../nxtOSEK/ecrobot/../ecrobot/libecrobot.a(nxt_avr.oram)
 .bss.io_from_avr
                0x00206dcc        0x4 ../../../nxtOSEK/ecrobot/../ecrobot/libecrobot.a(nxt_avr.oram)
 .bss.data_from_avr
                0x00206dd0       0x1a ../../../nxtOSEK/ecrobot/../ecrobot/libecrobot.a(nxt_avr.oram)
 .bss.data_to_avr
                0x00206dea        0x9 ../../../nxtOSEK/ecrobot/../ecrobot/libecrobot.a(nxt_avr.oram)
 .bss.io_to_avr
                0x00206df3        0x8 ../../../nxtOSEK/ecrobot/../ecrobot/libecrobot.a(nxt_avr.oram)
 *fill*         0x00206dfb        0x1 00
 .bss.display   0x00206dfc        0x4 ../../../nxtOSEK/ecrobot/../ecrobot/libecrobot.a(nxt_lcd.oram)
                0x00206e00                . = ALIGN (0x10)
                0x00206e00                __bss_end__ = .
 COMMON         0x00206e00        0x2 build/kernel/interrupt.o
                0x00206e00                runisr
                0x00206e01                sus_all_cnt
 *fill*         0x00206e02        0x2 00
 COMMON         0x00206e04       0x10 build/kernel/osctl.o
                0x00206e04                callevel
                0x00206e05                _errorhook_svcid
                0x00206e06                appmode
                0x00206e08                _errorhook_par1
                0x00206e0c                _errorhook_par3
                0x00206e10                _errorhook_par2
 COMMON         0x00206e14        0x3 build/kernel/task.o
                0x00206e14                runtsk
                0x00206e15                schedtsk
                0x00206e16                nextpri
 *fill*         0x00206e17        0x1 00
 COMMON         0x00206e18       0x68 build/./kernel_cfg.o
                0x00206e18                tcb_waievt
                0x00206e1c                rescb_prevpri
                0x00206e20                almcb_prev
                0x00206e24                tcb_lastres
                0x00206e28                almcb_almval
                0x00206e34                tcxb_pc
                0x00206e40                tcb_next
                0x00206e44                tcb_curpri
                0x00206e48                tcb_tstat
                0x00206e4c                isrcb_lastres
                0x00206e50                cntcb_almque
                0x00206e54                rescb_prevres
                0x00206e58                tcb_actcnt
                0x00206e5c                tcb_curevt
                0x00206e60                almcb_cycle
                0x00206e6c                tcxb_sp
                0x00206e78                almcb_next
                0x00206e7c                cntcb_curval
 COMMON         0x00206e80      0x1ec build/BRO_spam_client.o
                0x00206e80                engines
 COMMON         0x0020706c       0x44 ../../../nxtOSEK/ecrobot/../ecrobot/libecrobot.a(uart.oram)
                0x0020706c                uart
 COMMON         0x002070b0        0x4 ../../../nxtOSEK/ecrobot/../ecrobot/libecrobot.a(data_abort.oram)
                0x002070b0                data_abort_pc
 COMMON         0x002070b4        0x8 ../../../nxtOSEK/ecrobot/../ecrobot/libecrobot.a(display.oram)
                0x002070b4                display_x
                0x002070b8                display_y
 COMMON         0x002070bc      0x31c ../../../nxtOSEK/ecrobot/../ecrobot/libecrobot.a(sound.oram)
                0x002070bc                sample
                0x00205a20                __bss_start__ = ADDR (.bss)
                0x002073d8                __bss_end__ = (ADDR (.bss) + SIZEOF (.bss))
                0x002073d8                PROVIDE (end, .)

.heap_area      0x002073d8     0x87a0
                0x0020fb78                . = (. + (0x20fb78 - end))
 *fill*         0x002073d8     0x87a0 00

.stack          0x0020fb78      0x488
                0x0020fbf8                . = (. + 0x80)
 *fill*         0x0020fb78       0x80 00
                0x0020fc00                . = ALIGN (0x10)
 *fill*         0x0020fbf8        0x8 00
                0x0020fc00                __irq_stack__ = .
                0x0020fc00                __system_stack_bottom__ = .
                0x00210000                . = (. + 0x400)
 *fill*         0x0020fc00      0x400 00
                0x00210000                . = ALIGN (0x10)
                0x00210000                __system_stack__ = .
                0x00210000                __system_stack_top__ = .
                0x0020fb78                __stack_start__ = ADDR (.stack)
                0x00210000                __stack_end__ = (ADDR (.stack) + SIZEOF (.stack))
OUTPUT(BRO_client_rxe.elf elf32-littlearm)

.comment        0x00000000      0x1af
 .comment       0x00000000       0x11 build/kernel/alarm.o
                                 0x12 (size before relaxing)
 .comment       0x00000000       0x12 build/kernel/event.o
 .comment       0x00000000       0x12 build/kernel/interrupt.o
 .comment       0x00000000       0x12 build/kernel/osctl.o
 .comment       0x00000000       0x12 build/kernel/resource.o
 .comment       0x00000000       0x12 build/kernel/task.o
 .comment       0x00000000       0x12 build/kernel/task_manage.o
 .comment       0x00000000       0x12 build/config/at91sam7s-gnu/cpu_config.o
 .comment       0x00000000       0x12 build/config/at91sam7s-gnu/lego_nxt/sys_config.o
 .comment       0x00000000       0x12 build/./kernel_cfg.o
 .comment       0x00000000       0x12 build/syscalls.o
 .comment       0x00000000       0x12 build/ecrobot_bluetooth.o
 .comment       0x00000000       0x12 build/ecrobot_base.o
 .comment       0x00000000       0x12 build/ecrobot.o
 .comment       0x00000000       0x12 build/BRO_spam_client.o
 .comment       0x00000000       0x12 build/BRO_spam_fists.o
 .comment       0x00000000       0x12 build/syslib/at91sam7s-gnu/lego_nxt/hw_sys_timer.oram
 .comment       0x00000011       0x12 ../../../nxtOSEK/ecrobot/../ecrobot/libecrobot.a(ecrobot_interface.o)
 .comment       0x00000023       0x12 ../../../nxtOSEK/ecrobot/../ecrobot/libecrobot.a(colorsensor.o)
 .comment       0x00000035       0x12 ../../../nxtOSEK/ecrobot/../ecrobot/libecrobot.a(osek_hook.o)
 .comment       0x00000047       0x12 ../../../nxtOSEK/ecrobot/../ecrobot/libecrobot.a(uart.oram)
 .comment       0x00000059       0x12 ../../../nxtOSEK/ecrobot/../ecrobot/libecrobot.a(systick.oram)
 .comment       0x0000006b       0x12 ../../../nxtOSEK/ecrobot/../ecrobot/libecrobot.a(byte_fifo.oram)
 .comment       0x0000007d       0x12 ../../../nxtOSEK/ecrobot/../ecrobot/libecrobot.a(aic.oram)
 .comment       0x0000008f       0x12 ../../../nxtOSEK/ecrobot/../ecrobot/libecrobot.a(udp.oram)
 .comment       0x000000a1       0x12 ../../../nxtOSEK/ecrobot/../ecrobot/libecrobot.a(twi.oram)
 .comment       0x000000b3       0x12 ../../../nxtOSEK/ecrobot/../ecrobot/libecrobot.a(nxt_spi.oram)
 .comment       0x000000c5       0x12 ../../../nxtOSEK/ecrobot/../ecrobot/libecrobot.a(nxt_motors.oram)
 .comment       0x000000d7       0x12 ../../../nxtOSEK/ecrobot/../ecrobot/libecrobot.a(data_abort.oram)
 .comment       0x000000e9       0x12 ../../../nxtOSEK/ecrobot/../ecrobot/libecrobot.a(display.oram)
 .comment       0x000000fb       0x12 ../../../nxtOSEK/ecrobot/../ecrobot/libecrobot.a(i2c.oram)
 .comment       0x0000010d       0x12 ../../../nxtOSEK/ecrobot/../ecrobot/libecrobot.a(sound.oram)
 .comment       0x0000011f       0x12 ../../../nxtOSEK/ecrobot/../ecrobot/libecrobot.a(bt.oram)
 .comment       0x00000131       0x12 ../../../nxtOSEK/ecrobot/../ecrobot/libecrobot.a(nxt_avr.oram)
 .comment       0x00000143       0x12 ../../../nxtOSEK/ecrobot/../ecrobot/libecrobot.a(sensors.oram)
 .comment       0x00000155       0x12 ../../../nxtOSEK/ecrobot/../ecrobot/libecrobot.a(sensors1.oram)
 .comment       0x00000167       0x12 ../../../nxtOSEK/ecrobot/../ecrobot/libecrobot.a(nxt_lcd.oram)
 .comment       0x00000179       0x12 ../../../nxtOSEK/ecrobot/../ecrobot/libecrobot.a(flash_loader.oram)
 .comment       0x0000018b       0x12 ../../../nxtOSEK/ecrobot/../ecrobot/libecrobot.a(ecrobot_usb.o)
 .comment       0x0000019d       0x12 ../../../nxtOSEK/ecrobot/../ecrobot/libecrobot.a(flashprog.oram)
 .comment       0x00000000       0x12 /home/ubuntu/NXT/gnuarm/lib/gcc/arm-elf/4.4.2/thumb/interwork/libgcc.a(_muldi3.o)
 .comment       0x00000000       0x12 /home/ubuntu/NXT/gnuarm/lib/gcc/arm-elf/4.4.2/thumb/interwork/libgcc.a(_divdi3.o)
 .comment       0x00000000       0x12 /home/ubuntu/NXT/gnuarm/lib/gcc/arm-elf/4.4.2/../../../../arm-elf/lib/thumb/interwork/libc.a(lib_a-memcpy.o)
 .comment       0x00000000       0x12 /home/ubuntu/NXT/gnuarm/lib/gcc/arm-elf/4.4.2/../../../../arm-elf/lib/thumb/interwork/libc.a(lib_a-memset.o)
 .comment       0x00000000       0x12 /home/ubuntu/NXT/gnuarm/lib/gcc/arm-elf/4.4.2/../../../../arm-elf/lib/thumb/interwork/libc.a(lib_a-strcmp.o)
 .comment       0x00000000       0x12 /home/ubuntu/NXT/gnuarm/lib/gcc/arm-elf/4.4.2/../../../../arm-elf/lib/thumb/interwork/libc.a(lib_a-strcpy.o)
 .comment       0x00000000       0x12 /home/ubuntu/NXT/gnuarm/lib/gcc/arm-elf/4.4.2/../../../../arm-elf/lib/thumb/interwork/libc.a(lib_a-strlen.o)
 .comment       0x00000000       0x12 /home/ubuntu/NXT/gnuarm/lib/gcc/arm-elf/4.4.2/../../../../arm-elf/lib/thumb/interwork/libc.a(lib_a-strncpy.o)

.ARM.attributes
                0x00000000       0x10
 .ARM.attributes
                0x00000000       0x10 build/kernel/alarm.o
 .ARM.attributes
                0x00000010       0x10 build/kernel/event.o
 .ARM.attributes
                0x00000020       0x10 build/kernel/interrupt.o
 .ARM.attributes
                0x00000030       0x10 build/kernel/osctl.o
 .ARM.attributes
                0x00000040       0x10 build/kernel/resource.o
 .ARM.attributes
                0x00000050       0x10 build/kernel/task.o
 .ARM.attributes
                0x00000060       0x10 build/kernel/task_manage.o
 .ARM.attributes
                0x00000070       0x10 build/config/at91sam7s-gnu/cpu_config.o
 .ARM.attributes
                0x00000080       0x10 build/config/at91sam7s-gnu/lego_nxt/sys_config.o
 .ARM.attributes
                0x00000090       0x10 build/./kernel_cfg.o
 .ARM.attributes
                0x000000a0       0x10 build/syscalls.o
 .ARM.attributes
                0x000000b0       0x10 build/ecrobot_bluetooth.o
 .ARM.attributes
                0x000000c0       0x10 build/ecrobot_base.o
 .ARM.attributes
                0x000000d0       0x10 build/ecrobot.o
 .ARM.attributes
                0x000000e0       0x10 build/BRO_spam_client.o
 .ARM.attributes
                0x000000f0       0x10 build/BRO_spam_fists.o
 .ARM.attributes
                0x00000100       0x10 build/syslib/at91sam7s-gnu/lego_nxt/hw_sys_timer.oram
 .ARM.attributes
                0x00000110       0x10 build/nxtvm/platform/nxt/vectors.o
 .ARM.attributes
                0x00000120       0x10 build/config/at91sam7s-gnu/debug.o
 .ARM.attributes
                0x00000130       0x10 build/config/at91sam7s-gnu/lego_nxt/sys_support.o
 .ARM.attributes
                0x00000140       0x10 build/nxt_binary_header.o
 .ARM.attributes
                0x00000150       0x10 build/nxt_entry_point.o
 .ARM.attributes
                0x00000160       0x10 build/ecrobot_init.o
 .ARM.attributes
                0x00000170       0x10 build/config/at91sam7s-gnu/cpu_support.oram
 .ARM.attributes
                0x00000180       0x10 build/config/at91sam7s-gnu/irq.oram
 .ARM.attributes
                0x00000190       0x10 /home/ubuntu/NXT/gnuarm/lib/gcc/arm-elf/4.4.2/thumb/interwork/libgcc.a(_udivsi3.o)
 .ARM.attributes
                0x000001a0       0x10 /home/ubuntu/NXT/gnuarm/lib/gcc/arm-elf/4.4.2/thumb/interwork/libgcc.a(_divsi3.o)
 .ARM.attributes
                0x000001b0       0x10 /home/ubuntu/NXT/gnuarm/lib/gcc/arm-elf/4.4.2/thumb/interwork/libgcc.a(_umodsi3.o)
 .ARM.attributes
                0x000001c0       0x10 /home/ubuntu/NXT/gnuarm/lib/gcc/arm-elf/4.4.2/thumb/interwork/libgcc.a(_modsi3.o)
 .ARM.attributes
                0x000001d0       0x10 /home/ubuntu/NXT/gnuarm/lib/gcc/arm-elf/4.4.2/thumb/interwork/libgcc.a(_dvmd_tls.o)
 .ARM.attributes
                0x000001e0       0x10 /home/ubuntu/NXT/gnuarm/lib/gcc/arm-elf/4.4.2/thumb/interwork/libgcc.a(_arm_addsubdf3.o)
 .ARM.attributes
                0x000001f0       0x10 /home/ubuntu/NXT/gnuarm/lib/gcc/arm-elf/4.4.2/thumb/interwork/libgcc.a(_arm_muldivdf3.o)
 .ARM.attributes
                0x00000200       0x10 /home/ubuntu/NXT/gnuarm/lib/gcc/arm-elf/4.4.2/thumb/interwork/libgcc.a(_arm_cmpdf2.o)
 .ARM.attributes
                0x00000210       0x10 /home/ubuntu/NXT/gnuarm/lib/gcc/arm-elf/4.4.2/thumb/interwork/libgcc.a(_arm_addsubsf3.o)
 .ARM.attributes
                0x00000220       0x10 /home/ubuntu/NXT/gnuarm/lib/gcc/arm-elf/4.4.2/thumb/interwork/libgcc.a(_arm_fixsfsi.o)
 .ARM.attributes
                0x00000230       0x10 /home/ubuntu/NXT/gnuarm/lib/gcc/arm-elf/4.4.2/thumb/interwork/libgcc.a(_muldi3.o)
 .ARM.attributes
                0x00000240       0x10 /home/ubuntu/NXT/gnuarm/lib/gcc/arm-elf/4.4.2/thumb/interwork/libgcc.a(_divdi3.o)
 .ARM.attributes
                0x00000250       0x10 /home/ubuntu/NXT/gnuarm/lib/gcc/arm-elf/4.4.2/thumb/interwork/libgcc.a(_clzsi2.o)
 .ARM.attributes
                0x00000260       0x10 /home/ubuntu/NXT/gnuarm/lib/gcc/arm-elf/4.4.2/../../../../arm-elf/lib/thumb/interwork/libc.a(lib_a-memcpy.o)
 .ARM.attributes
                0x00000270       0x10 /home/ubuntu/NXT/gnuarm/lib/gcc/arm-elf/4.4.2/../../../../arm-elf/lib/thumb/interwork/libc.a(lib_a-memset.o)
 .ARM.attributes
                0x00000280       0x10 /home/ubuntu/NXT/gnuarm/lib/gcc/arm-elf/4.4.2/../../../../arm-elf/lib/thumb/interwork/libc.a(lib_a-strcmp.o)
 .ARM.attributes
                0x00000290       0x10 /home/ubuntu/NXT/gnuarm/lib/gcc/arm-elf/4.4.2/../../../../arm-elf/lib/thumb/interwork/libc.a(lib_a-strcpy.o)
 .ARM.attributes
                0x000002a0       0x10 /home/ubuntu/NXT/gnuarm/lib/gcc/arm-elf/4.4.2/../../../../arm-elf/lib/thumb/interwork/libc.a(lib_a-strlen.o)
 .ARM.attributes
                0x000002b0       0x10 /home/ubuntu/NXT/gnuarm/lib/gcc/arm-elf/4.4.2/../../../../arm-elf/lib/thumb/interwork/libc.a(lib_a-strncpy.o)
 .ARM.attributes
                0x000002c0       0x10 build/nxtvm/platform/nxt/vectors.o

.debug_frame    0x00000000       0xa0
 .debug_frame   0x00000000       0x28 /home/ubuntu/NXT/gnuarm/lib/gcc/arm-elf/4.4.2/thumb/interwork/libgcc.a(_udivsi3.o)
 .debug_frame   0x00000028       0x28 /home/ubuntu/NXT/gnuarm/lib/gcc/arm-elf/4.4.2/thumb/interwork/libgcc.a(_divsi3.o)
 .debug_frame   0x00000050       0x28 /home/ubuntu/NXT/gnuarm/lib/gcc/arm-elf/4.4.2/thumb/interwork/libgcc.a(_umodsi3.o)
 .debug_frame   0x00000078       0x28 /home/ubuntu/NXT/gnuarm/lib/gcc/arm-elf/4.4.2/thumb/interwork/libgcc.a(_modsi3.o)

.debug_line     0x00000000     0x1004
 .debug_line    0x00000000       0x8c /home/ubuntu/NXT/gnuarm/lib/gcc/arm-elf/4.4.2/thumb/interwork/libgcc.a(_udivsi3.o)
 .debug_line    0x0000008c       0x98 /home/ubuntu/NXT/gnuarm/lib/gcc/arm-elf/4.4.2/thumb/interwork/libgcc.a(_divsi3.o)
 .debug_line    0x00000124       0x84 /home/ubuntu/NXT/gnuarm/lib/gcc/arm-elf/4.4.2/thumb/interwork/libgcc.a(_umodsi3.o)
 .debug_line    0x000001a8       0x8d /home/ubuntu/NXT/gnuarm/lib/gcc/arm-elf/4.4.2/thumb/interwork/libgcc.a(_modsi3.o)
 .debug_line    0x00000235       0x76 /home/ubuntu/NXT/gnuarm/lib/gcc/arm-elf/4.4.2/thumb/interwork/libgcc.a(_dvmd_tls.o)
 .debug_line    0x000002ab      0x17e /home/ubuntu/NXT/gnuarm/lib/gcc/arm-elf/4.4.2/thumb/interwork/libgcc.a(_arm_addsubdf3.o)
 .debug_line    0x00000429      0x193 /home/ubuntu/NXT/gnuarm/lib/gcc/arm-elf/4.4.2/thumb/interwork/libgcc.a(_arm_muldivdf3.o)
 .debug_line    0x000005bc       0xc0 /home/ubuntu/NXT/gnuarm/lib/gcc/arm-elf/4.4.2/thumb/interwork/libgcc.a(_arm_cmpdf2.o)
 .debug_line    0x0000067c      0x12c /home/ubuntu/NXT/gnuarm/lib/gcc/arm-elf/4.4.2/thumb/interwork/libgcc.a(_arm_addsubsf3.o)
 .debug_line    0x000007a8       0x8b /home/ubuntu/NXT/gnuarm/lib/gcc/arm-elf/4.4.2/thumb/interwork/libgcc.a(_arm_fixsfsi.o)
 .debug_line    0x00000833       0x81 /home/ubuntu/NXT/gnuarm/lib/gcc/arm-elf/4.4.2/thumb/interwork/libgcc.a(_muldi3.o)
 .debug_line    0x000008b4       0xe2 /home/ubuntu/NXT/gnuarm/lib/gcc/arm-elf/4.4.2/thumb/interwork/libgcc.a(_divdi3.o)
 .debug_line    0x00000996       0x83 /home/ubuntu/NXT/gnuarm/lib/gcc/arm-elf/4.4.2/thumb/interwork/libgcc.a(_clzsi2.o)
 .debug_line    0x00000a19      0x13b /home/ubuntu/NXT/gnuarm/lib/gcc/arm-elf/4.4.2/../../../../arm-elf/lib/thumb/interwork/libc.a(lib_a-memcpy.o)
 .debug_line    0x00000b54      0x136 /home/ubuntu/NXT/gnuarm/lib/gcc/arm-elf/4.4.2/../../../../arm-elf/lib/thumb/interwork/libc.a(lib_a-memset.o)
 .debug_line    0x00000c8a       0xb7 /home/ubuntu/NXT/gnuarm/lib/gcc/arm-elf/4.4.2/../../../../arm-elf/lib/thumb/interwork/libc.a(lib_a-strcmp.o)
 .debug_line    0x00000d41       0xb7 /home/ubuntu/NXT/gnuarm/lib/gcc/arm-elf/4.4.2/../../../../arm-elf/lib/thumb/interwork/libc.a(lib_a-strcpy.o)
 .debug_line    0x00000df8       0xfc /home/ubuntu/NXT/gnuarm/lib/gcc/arm-elf/4.4.2/../../../../arm-elf/lib/thumb/interwork/libc.a(lib_a-strlen.o)
 .debug_line    0x00000ef4      0x110 /home/ubuntu/NXT/gnuarm/lib/gcc/arm-elf/4.4.2/../../../../arm-elf/lib/thumb/interwork/libc.a(lib_a-strncpy.o)

.debug_info     0x00000000     0x1590
 .debug_info    0x00000000       0xae /home/ubuntu/NXT/gnuarm/lib/gcc/arm-elf/4.4.2/thumb/interwork/libgcc.a(_udivsi3.o)
 .debug_info    0x000000ae       0xae /home/ubuntu/NXT/gnuarm/lib/gcc/arm-elf/4.4.2/thumb/interwork/libgcc.a(_divsi3.o)
 .debug_info    0x0000015c       0xae /home/ubuntu/NXT/gnuarm/lib/gcc/arm-elf/4.4.2/thumb/interwork/libgcc.a(_umodsi3.o)
 .debug_info    0x0000020a       0xae /home/ubuntu/NXT/gnuarm/lib/gcc/arm-elf/4.4.2/thumb/interwork/libgcc.a(_modsi3.o)
 .debug_info    0x000002b8       0xae /home/ubuntu/NXT/gnuarm/lib/gcc/arm-elf/4.4.2/thumb/interwork/libgcc.a(_dvmd_tls.o)
 .debug_info    0x00000366       0xad /home/ubuntu/NXT/gnuarm/lib/gcc/arm-elf/4.4.2/thumb/interwork/libgcc.a(_arm_addsubdf3.o)
 .debug_info    0x00000413       0xad /home/ubuntu/NXT/gnuarm/lib/gcc/arm-elf/4.4.2/thumb/interwork/libgcc.a(_arm_muldivdf3.o)
 .debug_info    0x000004c0       0xad /home/ubuntu/NXT/gnuarm/lib/gcc/arm-elf/4.4.2/thumb/interwork/libgcc.a(_arm_cmpdf2.o)
 .debug_info    0x0000056d       0xad /home/ubuntu/NXT/gnuarm/lib/gcc/arm-elf/4.4.2/thumb/interwork/libgcc.a(_arm_addsubsf3.o)
 .debug_info    0x0000061a       0xad /home/ubuntu/NXT/gnuarm/lib/gcc/arm-elf/4.4.2/thumb/interwork/libgcc.a(_arm_fixsfsi.o)
 .debug_info    0x000006c7      0x20e /home/ubuntu/NXT/gnuarm/lib/gcc/arm-elf/4.4.2/thumb/interwork/libgcc.a(_muldi3.o)
 .debug_info    0x000008d5      0x669 /home/ubuntu/NXT/gnuarm/lib/gcc/arm-elf/4.4.2/thumb/interwork/libgcc.a(_divdi3.o)
 .debug_info    0x00000f3e       0xae /home/ubuntu/NXT/gnuarm/lib/gcc/arm-elf/4.4.2/thumb/interwork/libgcc.a(_clzsi2.o)
 .debug_info    0x00000fec      0x13e /home/ubuntu/NXT/gnuarm/lib/gcc/arm-elf/4.4.2/../../../../arm-elf/lib/thumb/interwork/libc.a(lib_a-memcpy.o)
 .debug_info    0x0000112a      0x111 /home/ubuntu/NXT/gnuarm/lib/gcc/arm-elf/4.4.2/../../../../arm-elf/lib/thumb/interwork/libc.a(lib_a-memset.o)
 .debug_info    0x0000123b       0xaf /home/ubuntu/NXT/gnuarm/lib/gcc/arm-elf/4.4.2/../../../../arm-elf/lib/thumb/interwork/libc.a(lib_a-strcmp.o)
 .debug_info    0x000012ea       0xb7 /home/ubuntu/NXT/gnuarm/lib/gcc/arm-elf/4.4.2/../../../../arm-elf/lib/thumb/interwork/libc.a(lib_a-strcpy.o)
 .debug_info    0x000013a1       0xcb /home/ubuntu/NXT/gnuarm/lib/gcc/arm-elf/4.4.2/../../../../arm-elf/lib/thumb/interwork/libc.a(lib_a-strlen.o)
 .debug_info    0x0000146c      0x124 /home/ubuntu/NXT/gnuarm/lib/gcc/arm-elf/4.4.2/../../../../arm-elf/lib/thumb/interwork/libc.a(lib_a-strncpy.o)

.debug_abbrev   0x00000000      0x69c
 .debug_abbrev  0x00000000       0x14 /home/ubuntu/NXT/gnuarm/lib/gcc/arm-elf/4.4.2/thumb/interwork/libgcc.a(_udivsi3.o)
 .debug_abbrev  0x00000014       0x14 /home/ubuntu/NXT/gnuarm/lib/gcc/arm-elf/4.4.2/thumb/interwork/libgcc.a(_divsi3.o)
 .debug_abbrev  0x00000028       0x14 /home/ubuntu/NXT/gnuarm/lib/gcc/arm-elf/4.4.2/thumb/interwork/libgcc.a(_umodsi3.o)
 .debug_abbrev  0x0000003c       0x14 /home/ubuntu/NXT/gnuarm/lib/gcc/arm-elf/4.4.2/thumb/interwork/libgcc.a(_modsi3.o)
 .debug_abbrev  0x00000050       0x14 /home/ubuntu/NXT/gnuarm/lib/gcc/arm-elf/4.4.2/thumb/interwork/libgcc.a(_dvmd_tls.o)
 .debug_abbrev  0x00000064       0x14 /home/ubuntu/NXT/gnuarm/lib/gcc/arm-elf/4.4.2/thumb/interwork/libgcc.a(_arm_addsubdf3.o)
 .debug_abbrev  0x00000078       0x14 /home/ubuntu/NXT/gnuarm/lib/gcc/arm-elf/4.4.2/thumb/interwork/libgcc.a(_arm_muldivdf3.o)
 .debug_abbrev  0x0000008c       0x14 /home/ubuntu/NXT/gnuarm/lib/gcc/arm-elf/4.4.2/thumb/interwork/libgcc.a(_arm_cmpdf2.o)
 .debug_abbrev  0x000000a0       0x14 /home/ubuntu/NXT/gnuarm/lib/gcc/arm-elf/4.4.2/thumb/interwork/libgcc.a(_arm_addsubsf3.o)
 .debug_abbrev  0x000000b4       0x14 /home/ubuntu/NXT/gnuarm/lib/gcc/arm-elf/4.4.2/thumb/interwork/libgcc.a(_arm_fixsfsi.o)
 .debug_abbrev  0x000000c8       0xf5 /home/ubuntu/NXT/gnuarm/lib/gcc/arm-elf/4.4.2/thumb/interwork/libgcc.a(_muldi3.o)
 .debug_abbrev  0x000001bd      0x169 /home/ubuntu/NXT/gnuarm/lib/gcc/arm-elf/4.4.2/thumb/interwork/libgcc.a(_divdi3.o)
 .debug_abbrev  0x00000326       0x14 /home/ubuntu/NXT/gnuarm/lib/gcc/arm-elf/4.4.2/thumb/interwork/libgcc.a(_clzsi2.o)
 .debug_abbrev  0x0000033a       0xa0 /home/ubuntu/NXT/gnuarm/lib/gcc/arm-elf/4.4.2/../../../../arm-elf/lib/thumb/interwork/libc.a(lib_a-memcpy.o)
 .debug_abbrev  0x000003da       0xa1 /home/ubuntu/NXT/gnuarm/lib/gcc/arm-elf/4.4.2/../../../../arm-elf/lib/thumb/interwork/libc.a(lib_a-memset.o)
 .debug_abbrev  0x0000047b       0x76 /home/ubuntu/NXT/gnuarm/lib/gcc/arm-elf/4.4.2/../../../../arm-elf/lib/thumb/interwork/libc.a(lib_a-strcmp.o)
 .debug_abbrev  0x000004f1       0x76 /home/ubuntu/NXT/gnuarm/lib/gcc/arm-elf/4.4.2/../../../../arm-elf/lib/thumb/interwork/libc.a(lib_a-strcpy.o)
 .debug_abbrev  0x00000567       0x92 /home/ubuntu/NXT/gnuarm/lib/gcc/arm-elf/4.4.2/../../../../arm-elf/lib/thumb/interwork/libc.a(lib_a-strlen.o)
 .debug_abbrev  0x000005f9       0xa3 /home/ubuntu/NXT/gnuarm/lib/gcc/arm-elf/4.4.2/../../../../arm-elf/lib/thumb/interwork/libc.a(lib_a-strncpy.o)

.debug_aranges  0x00000000      0x260
 .debug_aranges
                0x00000000       0x20 /home/ubuntu/NXT/gnuarm/lib/gcc/arm-elf/4.4.2/thumb/interwork/libgcc.a(_udivsi3.o)
 .debug_aranges
                0x00000020       0x20 /home/ubuntu/NXT/gnuarm/lib/gcc/arm-elf/4.4.2/thumb/interwork/libgcc.a(_divsi3.o)
 .debug_aranges
                0x00000040       0x20 /home/ubuntu/NXT/gnuarm/lib/gcc/arm-elf/4.4.2/thumb/interwork/libgcc.a(_umodsi3.o)
 .debug_aranges
                0x00000060       0x20 /home/ubuntu/NXT/gnuarm/lib/gcc/arm-elf/4.4.2/thumb/interwork/libgcc.a(_modsi3.o)
 .debug_aranges
                0x00000080       0x20 /home/ubuntu/NXT/gnuarm/lib/gcc/arm-elf/4.4.2/thumb/interwork/libgcc.a(_dvmd_tls.o)
 .debug_aranges
                0x000000a0       0x20 /home/ubuntu/NXT/gnuarm/lib/gcc/arm-elf/4.4.2/thumb/interwork/libgcc.a(_arm_addsubdf3.o)
 .debug_aranges
                0x000000c0       0x20 /home/ubuntu/NXT/gnuarm/lib/gcc/arm-elf/4.4.2/thumb/interwork/libgcc.a(_arm_muldivdf3.o)
 .debug_aranges
                0x000000e0       0x20 /home/ubuntu/NXT/gnuarm/lib/gcc/arm-elf/4.4.2/thumb/interwork/libgcc.a(_arm_cmpdf2.o)
 .debug_aranges
                0x00000100       0x20 /home/ubuntu/NXT/gnuarm/lib/gcc/arm-elf/4.4.2/thumb/interwork/libgcc.a(_arm_addsubsf3.o)
 .debug_aranges
                0x00000120       0x20 /home/ubuntu/NXT/gnuarm/lib/gcc/arm-elf/4.4.2/thumb/interwork/libgcc.a(_arm_fixsfsi.o)
 .debug_aranges
                0x00000140       0x20 /home/ubuntu/NXT/gnuarm/lib/gcc/arm-elf/4.4.2/thumb/interwork/libgcc.a(_muldi3.o)
 .debug_aranges
                0x00000160       0x20 /home/ubuntu/NXT/gnuarm/lib/gcc/arm-elf/4.4.2/thumb/interwork/libgcc.a(_divdi3.o)
 .debug_aranges
                0x00000180       0x20 /home/ubuntu/NXT/gnuarm/lib/gcc/arm-elf/4.4.2/thumb/interwork/libgcc.a(_clzsi2.o)
 .debug_aranges
                0x000001a0       0x20 /home/ubuntu/NXT/gnuarm/lib/gcc/arm-elf/4.4.2/../../../../arm-elf/lib/thumb/interwork/libc.a(lib_a-memcpy.o)
 .debug_aranges
                0x000001c0       0x20 /home/ubuntu/NXT/gnuarm/lib/gcc/arm-elf/4.4.2/../../../../arm-elf/lib/thumb/interwork/libc.a(lib_a-memset.o)
 .debug_aranges
                0x000001e0       0x20 /home/ubuntu/NXT/gnuarm/lib/gcc/arm-elf/4.4.2/../../../../arm-elf/lib/thumb/interwork/libc.a(lib_a-strcmp.o)
 .debug_aranges
                0x00000200       0x20 /home/ubuntu/NXT/gnuarm/lib/gcc/arm-elf/4.4.2/../../../../arm-elf/lib/thumb/interwork/libc.a(lib_a-strcpy.o)
 .debug_aranges
                0x00000220       0x20 /home/ubuntu/NXT/gnuarm/lib/gcc/arm-elf/4.4.2/../../../../arm-elf/lib/thumb/interwork/libc.a(lib_a-strlen.o)
 .debug_aranges
                0x00000240       0x20 /home/ubuntu/NXT/gnuarm/lib/gcc/arm-elf/4.4.2/../../../../arm-elf/lib/thumb/interwork/libc.a(lib_a-strncpy.o)

.debug_loc      0x00000000      0xcd8
 .debug_loc     0x00000000      0x156 /home/ubuntu/NXT/gnuarm/lib/gcc/arm-elf/4.4.2/thumb/interwork/libgcc.a(_muldi3.o)
 .debug_loc     0x00000156      0x800 /home/ubuntu/NXT/gnuarm/lib/gcc/arm-elf/4.4.2/thumb/interwork/libgcc.a(_divdi3.o)
 .debug_loc     0x00000956      0x13b /home/ubuntu/NXT/gnuarm/lib/gcc/arm-elf/4.4.2/../../../../arm-elf/lib/thumb/interwork/libc.a(lib_a-memcpy.o)
 .debug_loc     0x00000a91       0xfc /home/ubuntu/NXT/gnuarm/lib/gcc/arm-elf/4.4.2/../../../../arm-elf/lib/thumb/interwork/libc.a(lib_a-memset.o)
 .debug_loc     0x00000b8d       0x13 /home/ubuntu/NXT/gnuarm/lib/gcc/arm-elf/4.4.2/../../../../arm-elf/lib/thumb/interwork/libc.a(lib_a-strcmp.o)
 .debug_loc     0x00000ba0       0x13 /home/ubuntu/NXT/gnuarm/lib/gcc/arm-elf/4.4.2/../../../../arm-elf/lib/thumb/interwork/libc.a(lib_a-strcpy.o)
 .debug_loc     0x00000bb3       0x26 /home/ubuntu/NXT/gnuarm/lib/gcc/arm-elf/4.4.2/../../../../arm-elf/lib/thumb/interwork/libc.a(lib_a-strlen.o)
 .debug_loc     0x00000bd9       0xff /home/ubuntu/NXT/gnuarm/lib/gcc/arm-elf/4.4.2/../../../../arm-elf/lib/thumb/interwork/libc.a(lib_a-strncpy.o)

.debug_pubnames
                0x00000000       0xed
 .debug_pubnames
                0x00000000       0x1f /home/ubuntu/NXT/gnuarm/lib/gcc/arm-elf/4.4.2/thumb/interwork/libgcc.a(_muldi3.o)
 .debug_pubnames
                0x0000001f       0x1f /home/ubuntu/NXT/gnuarm/lib/gcc/arm-elf/4.4.2/thumb/interwork/libgcc.a(_divdi3.o)
 .debug_pubnames
                0x0000003e       0x1d /home/ubuntu/NXT/gnuarm/lib/gcc/arm-elf/4.4.2/../../../../arm-elf/lib/thumb/interwork/libc.a(lib_a-memcpy.o)
 .debug_pubnames
                0x0000005b       0x1d /home/ubuntu/NXT/gnuarm/lib/gcc/arm-elf/4.4.2/../../../../arm-elf/lib/thumb/interwork/libc.a(lib_a-memset.o)
 .debug_pubnames
                0x00000078       0x1d /home/ubuntu/NXT/gnuarm/lib/gcc/arm-elf/4.4.2/../../../../arm-elf/lib/thumb/interwork/libc.a(lib_a-strcmp.o)
 .debug_pubnames
                0x00000095       0x1d /home/ubuntu/NXT/gnuarm/lib/gcc/arm-elf/4.4.2/../../../../arm-elf/lib/thumb/interwork/libc.a(lib_a-strcpy.o)
 .debug_pubnames
                0x000000b2       0x1d /home/ubuntu/NXT/gnuarm/lib/gcc/arm-elf/4.4.2/../../../../arm-elf/lib/thumb/interwork/libc.a(lib_a-strlen.o)
 .debug_pubnames
                0x000000cf       0x1e /home/ubuntu/NXT/gnuarm/lib/gcc/arm-elf/4.4.2/../../../../arm-elf/lib/thumb/interwork/libc.a(lib_a-strncpy.o)

.debug_ranges   0x00000000      0x120
 .debug_ranges  0x00000000       0x40 /home/ubuntu/NXT/gnuarm/lib/gcc/arm-elf/4.4.2/thumb/interwork/libgcc.a(_muldi3.o)
 .debug_ranges  0x00000040       0xe0 /home/ubuntu/NXT/gnuarm/lib/gcc/arm-elf/4.4.2/thumb/interwork/libgcc.a(_divdi3.o)

.debug_str      0x00000000      0x380
 .debug_str     0x00000000      0x13f /home/ubuntu/NXT/gnuarm/lib/gcc/arm-elf/4.4.2/thumb/interwork/libgcc.a(_muldi3.o)
                                0x193 (size before relaxing)
 .debug_str     0x0000013f       0x3c /home/ubuntu/NXT/gnuarm/lib/gcc/arm-elf/4.4.2/thumb/interwork/libgcc.a(_divdi3.o)
                                0x1c6 (size before relaxing)
 .debug_str     0x0000017b       0x74 /home/ubuntu/NXT/gnuarm/lib/gcc/arm-elf/4.4.2/../../../../arm-elf/lib/thumb/interwork/libc.a(lib_a-memcpy.o)
                                0x109 (size before relaxing)
 .debug_str     0x000001ef       0x5a /home/ubuntu/NXT/gnuarm/lib/gcc/arm-elf/4.4.2/../../../../arm-elf/lib/thumb/interwork/libc.a(lib_a-memset.o)
                                 0xf6 (size before relaxing)
 .debug_str     0x00000249       0x4b /home/ubuntu/NXT/gnuarm/lib/gcc/arm-elf/4.4.2/../../../../arm-elf/lib/thumb/interwork/libc.a(lib_a-strcmp.o)
                                 0xe0 (size before relaxing)
 .debug_str     0x00000294       0x4b /home/ubuntu/NXT/gnuarm/lib/gcc/arm-elf/4.4.2/../../../../arm-elf/lib/thumb/interwork/libc.a(lib_a-strcpy.o)
                                 0xe0 (size before relaxing)
 .debug_str     0x000002df       0x53 /home/ubuntu/NXT/gnuarm/lib/gcc/arm-elf/4.4.2/../../../../arm-elf/lib/thumb/interwork/libc.a(lib_a-strlen.o)
                                 0xef (size before relaxing)
 .debug_str     0x00000332       0x4e /home/ubuntu/NXT/gnuarm/lib/gcc/arm-elf/4.4.2/../../../../arm-elf/lib/thumb/interwork/libc.a(lib_a-strncpy.o)
                                0x10c (size before relaxing)

Cross Reference Table

Symbol                                            File
ActivateTask                                      build/kernel/task_manage.o
                                                  build/./kernel_cfg.o
BRO_Comm                                          build/./kernel_cfg.o
BRO_Comm_alarm                                    build/./kernel_cfg.o
CancelAlarm                                       build/kernel/alarm.o
ChainTask                                         build/kernel/task_manage.o
ClearEvent                                        build/kernel/event.o
DisableAllInterrupts                              build/kernel/interrupt.o
DisplayTask                                       build/./kernel_cfg.o
EnableAllInterrupts                               build/kernel/interrupt.o
ErrorHook                                         ../../../nxtOSEK/ecrobot/../ecrobot/libecrobot.a(osek_hook.o)
                                                  build/kernel/osctl.o
GetActiveApplicationMode                          build/kernel/osctl.o
GetAlarm                                          build/kernel/alarm.o
GetAlarmBase                                      build/kernel/alarm.o
GetEvent                                          build/kernel/event.o
GetResource                                       build/kernel/resource.o
GetTaskID                                         build/kernel/task_manage.o
GetTaskState                                      build/kernel/task_manage.o
NXT_COLORSENSOR_PROTOCOLS                         ../../../nxtOSEK/ecrobot/../ecrobot/libecrobot.a(ecrobot_interface.o)
NXT_Entry_Point                                   build/nxt_entry_point.o
                                                  build/nxt_binary_header.o
PID_Controller                                    build/./kernel_cfg.o
PID_alarm                                         build/./kernel_cfg.o
PostTaskHook                                      ../../../nxtOSEK/ecrobot/../ecrobot/libecrobot.a(osek_hook.o)
                                                  build/config/at91sam7s-gnu/cpu_support.oram
                                                  build/kernel/osctl.o
PreTaskHook                                       ../../../nxtOSEK/ecrobot/../ecrobot/libecrobot.a(osek_hook.o)
                                                  build/config/at91sam7s-gnu/cpu_support.oram
                                                  build/kernel/osctl.o
ReleaseResource                                   build/kernel/resource.o
ResumeAllInterrupts                               build/kernel/interrupt.o
ResumeOSInterrupts                                build/kernel/interrupt.o
Schedule                                          build/kernel/task_manage.o
SetAbsAlarm                                       build/kernel/alarm.o
SetEvent                                          build/kernel/event.o
SetRelAlarm                                       build/kernel/alarm.o
ShutdownHook                                      ../../../nxtOSEK/ecrobot/../ecrobot/libecrobot.a(osek_hook.o)
                                                  build/kernel/osctl.o
ShutdownOS                                        build/kernel/osctl.o
                                                  build/BRO_spam_fists.o
                                                  build/BRO_spam_client.o
SignalCounter                                     build/kernel/alarm.o
                                                  build/BRO_spam_fists.o
                                                  build/BRO_spam_client.o
StartOS                                           build/kernel/osctl.o
                                                  build/ecrobot.o
StartupHook                                       ../../../nxtOSEK/ecrobot/../ecrobot/libecrobot.a(osek_hook.o)
                                                  build/kernel/osctl.o
SuspendAllInterrupts                              build/kernel/interrupt.o
SuspendOSInterrupts                               build/kernel/interrupt.o
SysTimerCnt                                       build/./kernel_cfg.o
                                                  build/BRO_spam_fists.o
                                                  build/BRO_spam_client.o
TaskMainBRO_Comm                                  build/BRO_spam_client.o
                                                  build/./kernel_cfg.o
TaskMainDisplayTask                               build/BRO_spam_client.o
                                                  build/./kernel_cfg.o
TaskMainPID_Controller                            build/BRO_spam_client.o
                                                  build/./kernel_cfg.o
TerminateTask                                     build/kernel/task_manage.o
                                                  build/BRO_spam_client.o
WaitEvent                                         build/kernel/event.o
__adddf3                                          /home/ubuntu/NXT/gnuarm/lib/gcc/arm-elf/4.4.2/thumb/interwork/libgcc.a(_arm_addsubdf3.o)
__addsf3                                          /home/ubuntu/NXT/gnuarm/lib/gcc/arm-elf/4.4.2/thumb/interwork/libgcc.a(_arm_addsubsf3.o)
__aeabi_cdcmpeq                                   /home/ubuntu/NXT/gnuarm/lib/gcc/arm-elf/4.4.2/thumb/interwork/libgcc.a(_arm_cmpdf2.o)
__aeabi_cdcmple                                   /home/ubuntu/NXT/gnuarm/lib/gcc/arm-elf/4.4.2/thumb/interwork/libgcc.a(_arm_cmpdf2.o)
__aeabi_cdrcmple                                  /home/ubuntu/NXT/gnuarm/lib/gcc/arm-elf/4.4.2/thumb/interwork/libgcc.a(_arm_cmpdf2.o)
__aeabi_dadd                                      /home/ubuntu/NXT/gnuarm/lib/gcc/arm-elf/4.4.2/thumb/interwork/libgcc.a(_arm_addsubdf3.o)
__aeabi_dcmpeq                                    /home/ubuntu/NXT/gnuarm/lib/gcc/arm-elf/4.4.2/thumb/interwork/libgcc.a(_arm_cmpdf2.o)
__aeabi_dcmpge                                    /home/ubuntu/NXT/gnuarm/lib/gcc/arm-elf/4.4.2/thumb/interwork/libgcc.a(_arm_cmpdf2.o)
__aeabi_dcmpgt                                    /home/ubuntu/NXT/gnuarm/lib/gcc/arm-elf/4.4.2/thumb/interwork/libgcc.a(_arm_cmpdf2.o)
__aeabi_dcmple                                    /home/ubuntu/NXT/gnuarm/lib/gcc/arm-elf/4.4.2/thumb/interwork/libgcc.a(_arm_cmpdf2.o)
__aeabi_dcmplt                                    /home/ubuntu/NXT/gnuarm/lib/gcc/arm-elf/4.4.2/thumb/interwork/libgcc.a(_arm_cmpdf2.o)
__aeabi_ddiv                                      /home/ubuntu/NXT/gnuarm/lib/gcc/arm-elf/4.4.2/thumb/interwork/libgcc.a(_arm_muldivdf3.o)
__aeabi_dmul                                      /home/ubuntu/NXT/gnuarm/lib/gcc/arm-elf/4.4.2/thumb/interwork/libgcc.a(_arm_muldivdf3.o)
__aeabi_drsub                                     /home/ubuntu/NXT/gnuarm/lib/gcc/arm-elf/4.4.2/thumb/interwork/libgcc.a(_arm_addsubdf3.o)
__aeabi_dsub                                      /home/ubuntu/NXT/gnuarm/lib/gcc/arm-elf/4.4.2/thumb/interwork/libgcc.a(_arm_addsubdf3.o)
__aeabi_f2d                                       /home/ubuntu/NXT/gnuarm/lib/gcc/arm-elf/4.4.2/thumb/interwork/libgcc.a(_arm_addsubdf3.o)
__aeabi_f2iz                                      /home/ubuntu/NXT/gnuarm/lib/gcc/arm-elf/4.4.2/thumb/interwork/libgcc.a(_arm_fixsfsi.o)
__aeabi_fadd                                      /home/ubuntu/NXT/gnuarm/lib/gcc/arm-elf/4.4.2/thumb/interwork/libgcc.a(_arm_addsubsf3.o)
__aeabi_frsub                                     /home/ubuntu/NXT/gnuarm/lib/gcc/arm-elf/4.4.2/thumb/interwork/libgcc.a(_arm_addsubsf3.o)
__aeabi_fsub                                      /home/ubuntu/NXT/gnuarm/lib/gcc/arm-elf/4.4.2/thumb/interwork/libgcc.a(_arm_addsubsf3.o)
__aeabi_i2d                                       /home/ubuntu/NXT/gnuarm/lib/gcc/arm-elf/4.4.2/thumb/interwork/libgcc.a(_arm_addsubdf3.o)
__aeabi_i2f                                       /home/ubuntu/NXT/gnuarm/lib/gcc/arm-elf/4.4.2/thumb/interwork/libgcc.a(_arm_addsubsf3.o)
__aeabi_idiv                                      /home/ubuntu/NXT/gnuarm/lib/gcc/arm-elf/4.4.2/thumb/interwork/libgcc.a(_divsi3.o)
__aeabi_idiv0                                     /home/ubuntu/NXT/gnuarm/lib/gcc/arm-elf/4.4.2/thumb/interwork/libgcc.a(_dvmd_tls.o)
__aeabi_idivmod                                   /home/ubuntu/NXT/gnuarm/lib/gcc/arm-elf/4.4.2/thumb/interwork/libgcc.a(_divsi3.o)
__aeabi_l2d                                       /home/ubuntu/NXT/gnuarm/lib/gcc/arm-elf/4.4.2/thumb/interwork/libgcc.a(_arm_addsubdf3.o)
__aeabi_l2f                                       /home/ubuntu/NXT/gnuarm/lib/gcc/arm-elf/4.4.2/thumb/interwork/libgcc.a(_arm_addsubsf3.o)
__aeabi_ldiv0                                     /home/ubuntu/NXT/gnuarm/lib/gcc/arm-elf/4.4.2/thumb/interwork/libgcc.a(_dvmd_tls.o)
__aeabi_ui2d                                      /home/ubuntu/NXT/gnuarm/lib/gcc/arm-elf/4.4.2/thumb/interwork/libgcc.a(_arm_addsubdf3.o)
__aeabi_ui2f                                      /home/ubuntu/NXT/gnuarm/lib/gcc/arm-elf/4.4.2/thumb/interwork/libgcc.a(_arm_addsubsf3.o)
__aeabi_uidiv                                     /home/ubuntu/NXT/gnuarm/lib/gcc/arm-elf/4.4.2/thumb/interwork/libgcc.a(_udivsi3.o)
__aeabi_uidivmod                                  /home/ubuntu/NXT/gnuarm/lib/gcc/arm-elf/4.4.2/thumb/interwork/libgcc.a(_udivsi3.o)
__aeabi_ul2d                                      /home/ubuntu/NXT/gnuarm/lib/gcc/arm-elf/4.4.2/thumb/interwork/libgcc.a(_arm_addsubdf3.o)
__aeabi_ul2f                                      /home/ubuntu/NXT/gnuarm/lib/gcc/arm-elf/4.4.2/thumb/interwork/libgcc.a(_arm_addsubsf3.o)
__bss_end__                                       build/ecrobot_init.o
__bss_start__                                     build/ecrobot_init.o
__call_posttaskhook_from_arm                      linker stubs
__call_pretaskhook_from_arm                       linker stubs
__clzsi2                                          /home/ubuntu/NXT/gnuarm/lib/gcc/arm-elf/4.4.2/thumb/interwork/libgcc.a(_clzsi2.o)