Archive member included because of file (symbol)

../../../nxtOSEK/ecrobot/../ecrobot/libecrobot.a(ecrobot_usb.o)
                              build/USBLoopBack.o (ecrobot_init_usb)
../../../nxtOSEK/ecrobot/../ecrobot/libecrobot.a(ecrobot_interface.o)
                              build/ecrobot_base.o (ecrobot_get_battery_voltage)
../../../nxtOSEK/ecrobot/../ecrobot/libecrobot.a(colorsensor.o)
                              ../../../nxtOSEK/ecrobot/../ecrobot/libecrobot.a(ecrobot_interface.o) (colorsensor_init)
../../../nxtOSEK/ecrobot/../ecrobot/libecrobot.a(osek_hook.o)
                              build/kernel/osctl.o (StartupHook)
../../../nxtOSEK/ecrobot/../ecrobot/libecrobot.a(uart.oram)
                              build/config/at91sam7s-gnu/irq.oram (uart_isr_C_0)
../../../nxtOSEK/ecrobot/../ecrobot/libecrobot.a(systick.oram)
                              build/syslib/at91sam7s-gnu/lego_nxt/hw_sys_timer.oram (systick_low_priority_C)
../../../nxtOSEK/ecrobot/../ecrobot/libecrobot.a(byte_fifo.oram)
                              ../../../nxtOSEK/ecrobot/../ecrobot/libecrobot.a(uart.oram) (byte_fifo_put)
../../../nxtOSEK/ecrobot/../ecrobot/libecrobot.a(aic.oram)
                              ../../../nxtOSEK/ecrobot/../ecrobot/libecrobot.a(uart.oram) (aic_set_vector)
../../../nxtOSEK/ecrobot/../ecrobot/libecrobot.a(udp.oram)
                              ../../../nxtOSEK/ecrobot/../ecrobot/libecrobot.a(ecrobot_usb.o) (udp_read)
../../../nxtOSEK/ecrobot/../ecrobot/libecrobot.a(twi.oram)
                              build/config/at91sam7s-gnu/irq.oram (twi_isr_C)
../../../nxtOSEK/ecrobot/../ecrobot/libecrobot.a(nxt_spi.oram)
                              build/config/at91sam7s-gnu/irq.oram (spi_isr_C)
../../../nxtOSEK/ecrobot/../ecrobot/libecrobot.a(nxt_motors.oram)
                              ../../../nxtOSEK/ecrobot/../ecrobot/libecrobot.a(ecrobot_interface.o) (nxt_motor_get_count)
../../../nxtOSEK/ecrobot/../ecrobot/libecrobot.a(data_abort.oram)
                              build/ecrobot_init.o (data_abort_C)
../../../nxtOSEK/ecrobot/../ecrobot/libecrobot.a(display.oram)
                              build/ecrobot_base.o (display_update)
../../../nxtOSEK/ecrobot/../ecrobot/libecrobot.a(i2c.oram)
                              build/config/at91sam7s-gnu/irq.oram (i2c_timer_isr_C)
../../../nxtOSEK/ecrobot/../ecrobot/libecrobot.a(sound.oram)
                              ../../../nxtOSEK/ecrobot/../ecrobot/libecrobot.a(ecrobot_interface.o) (sound_get_time)
../../../nxtOSEK/ecrobot/../ecrobot/libecrobot.a(bt.oram)
                              build/ecrobot_bluetooth.o (bt_send)
../../../nxtOSEK/ecrobot/../ecrobot/libecrobot.a(nxt_avr.oram)
                              build/ecrobot_base.o (nxt_avr_power_down)
../../../nxtOSEK/ecrobot/../ecrobot/libecrobot.a(sensors.oram)
                              ../../../nxtOSEK/ecrobot/../ecrobot/libecrobot.a(ecrobot_interface.o) (unset_digi0)
../../../nxtOSEK/ecrobot/../ecrobot/libecrobot.a(sensors1.oram)
                              ../../../nxtOSEK/ecrobot/../ecrobot/libecrobot.a(colorsensor.o) (sensor_pins)
../../../nxtOSEK/ecrobot/../ecrobot/libecrobot.a(nxt_lcd.oram)
                              ../../../nxtOSEK/ecrobot/../ecrobot/libecrobot.a(display.oram) (nxt_lcd_force_update)
../../../nxtOSEK/ecrobot/../ecrobot/libecrobot.a(flash_loader.oram)
                              build/ecrobot_base.o (set_flash_request)
../../../nxtOSEK/ecrobot/../ecrobot/libecrobot.a(interrupts.oram)
                              ../../../nxtOSEK/ecrobot/../ecrobot/libecrobot.a(uart.oram) (interrupts_get_and_disable)
../../../nxtOSEK/ecrobot/../ecrobot/libecrobot.a(nxtosek_splash.obmp)
                              build/ecrobot_base.o (nxtosek_splash_bmp_start)
../../../nxtOSEK/ecrobot/../ecrobot/libecrobot.a(flashprog.oram)
                              ../../../nxtOSEK/ecrobot/../ecrobot/libecrobot.a(flash_loader.oram) (flash_write_page)
/home/ubuntu/NXT/gnuarm/lib/gcc/arm-elf/4.4.2/thumb/interwork/libgcc.a(_udivsi3.o)
                              build/ecrobot_base.o (__udivsi3)
/home/ubuntu/NXT/gnuarm/lib/gcc/arm-elf/4.4.2/thumb/interwork/libgcc.a(_divsi3.o)
                              ../../../nxtOSEK/ecrobot/../ecrobot/libecrobot.a(uart.oram) (__divsi3)
/home/ubuntu/NXT/gnuarm/lib/gcc/arm-elf/4.4.2/thumb/interwork/libgcc.a(_umodsi3.o)
                              ../../../nxtOSEK/ecrobot/../ecrobot/libecrobot.a(display.oram) (__umodsi3)
/home/ubuntu/NXT/gnuarm/lib/gcc/arm-elf/4.4.2/thumb/interwork/libgcc.a(_modsi3.o)
                              ../../../nxtOSEK/ecrobot/../ecrobot/libecrobot.a(sound.oram) (__modsi3)
/home/ubuntu/NXT/gnuarm/lib/gcc/arm-elf/4.4.2/thumb/interwork/libgcc.a(_dvmd_tls.o)
                              /home/ubuntu/NXT/gnuarm/lib/gcc/arm-elf/4.4.2/thumb/interwork/libgcc.a(_udivsi3.o) (__div0)
/home/ubuntu/NXT/gnuarm/lib/gcc/arm-elf/4.4.2/thumb/interwork/libgcc.a(_arm_addsubdf3.o)
[...]
Memory Configuration

Name             Origin             Length             Attributes
header_ram       0x001ffff0         0x00000010
vector_ram       0x00200000         0x00000040
ram              0x00200040         0x0000ffc0
*default*        0x00000000         0xffffffff

Linker script and memory map

LOAD build/kernel/alarm.o
LOAD build/kernel/event.o
LOAD build/kernel/interrupt.o
LOAD build/kernel/osctl.o
LOAD build/kernel/resource.o
LOAD build/kernel/task.o
LOAD build/kernel/task_manage.o
LOAD build/config/at91sam7s-gnu/cpu_config.o
LOAD build/config/at91sam7s-gnu/lego_nxt/sys_config.o
LOAD build/./kernel_cfg.o
LOAD build/syscalls.o
LOAD build/ecrobot_bluetooth.o
LOAD build/ecrobot_base.o
LOAD build/ecrobot.o
LOAD build/USBLoopBack.o
LOAD build/syslib/at91sam7s-gnu/lego_nxt/hw_sys_timer.oram
LOAD build/nxtvm/platform/nxt/vectors.o
LOAD build/config/at91sam7s-gnu/debug.o
LOAD build/config/at91sam7s-gnu/lego_nxt/sys_support.o
LOAD build/nxt_binary_header.o
LOAD build/nxt_entry_point.o
LOAD build/ecrobot_init.o
LOAD build/config/at91sam7s-gnu/cpu_support.oram
LOAD build/config/at91sam7s-gnu/irq.oram
LOAD ../../../nxtOSEK/ecrobot/../c++/liblejososek.a
LOAD ../../../nxtOSEK/ecrobot/../ecrobot/libecrobot.a
LOAD /home/ubuntu/NXT/gnuarm/lib/gcc/arm-elf/4.4.2/../../../../arm-elf/lib/thumb/interwork/libstdc++.a
LOAD /home/ubuntu/NXT/gnuarm/lib/gcc/arm-elf/4.4.2/../../../../arm-elf/lib/thumb/interwork/libm.a
START GROUP
LOAD /home/ubuntu/NXT/gnuarm/lib/gcc/arm-elf/4.4.2/thumb/interwork/libgcc.a
LOAD /home/ubuntu/NXT/gnuarm/lib/gcc/arm-elf/4.4.2/../../../../arm-elf/lib/thumb/interwork/libc.a
END GROUP
                0x00200000                RAM_BASE = 0x200000
                0x00010000                RAM_SIZE = 0x10000

.header         0x001ffff0       0x10
 *nxt_binary_header.o(*.text *.text.*)
 .text          0x001ffff0       0x10 build/nxt_binary_header.o
                0x00200000                . = ALIGN (0x10)

.vectors        0x00200000       0x40
 vectors.o(*.text *.text.*)
 .text          0x00200000       0x38 build/nxtvm/platform/nxt/vectors.o
                0x00200040                . = ALIGN (0x10)
 *fill*         0x00200038        0x8 00
                0x00200000                __vectors_ram_start__ = ADDR (.vectors)
                0x00200040                __vectors_ram_end__ = (ADDR (.vectors) + SIZEOF (.vectors))
                0x00200000                __vectors_load_start__ = LOADADDR (.vectors)
                0x00200040                __vectors_load_end__ = (LOADADDR (.vectors) + SIZEOF (.vectors))

.entry          0x00200040       0x40
 *nxt_entry_point.o(*.text *.text.*)
 .text          0x00200040       0x38 build/nxt_entry_point.o
                0x00200040                NXT_Entry_Point
                0x00200080                . = ALIGN (0x10)
 *fill*         0x00200078        0x8 00

.init           0x00200080      0x280
 *ecrobot_init.o(*.text *.text.*)
 .text          0x00200080      0x280 build/ecrobot_init.o
                0x00200080                start
                0x002001ec                undef_handler
                0x002001f0                swi_handler
                0x002001f4                prefetch_abort_handler
                0x002001f8                data_abort_handler
                0x00200214                reserved_handler
                0x00200300                . = ALIGN (0x10)

.ram_text       0x00200300     0x32b0
                0x00200300                . = ALIGN (0x10)
 *.oram(*.text *.text.* *.glue*)
 .text.systick_isr_C1
                0x00200300       0x28 build/syslib/at91sam7s-gnu/lego_nxt/hw_sys_timer.oram
                0x00200300                systick_isr_C1
 *fill*         0x00200328        0x8 00
 .text          0x00200330      0x230 build/config/at91sam7s-gnu/cpu_support.oram
                0x00200330                dispatch
                0x00200370                activate_r
                0x002003a0                exit_and_dispatch
                0x002003b0                start_dispatch
                0x0020046c                _interrupt
                0x002004dc                int_return
                0x00200508                disable_int
                0x00200510                enable_int
                0x00200518                nop
 .text          0x00200560      0x2c0 build/config/at91sam7s-gnu/irq.oram
                0x00200560                default_isr
                0x00200560                default_fiq
                0x00200560                spurious_isr
                0x00200564                systick_isr_entry
                0x002005ac                systick_low_priority_entry
                0x002005ec                udp_isr_entry
                0x0020062c                spi_isr_entry
                0x0020066c                twi_isr_entry
                0x002006ac                sound_isr_entry
                0x002006ec                uart_isr_entry_0
                0x0020072c                uart_isr_entry_1
                0x0020076c                nxt_motor_isr_entry
                0x002007ac                i2c_timer_isr_entry
 .text.uart_process_isr
                0x00200820       0x88 ../../../nxtOSEK/ecrobot/../ecrobot/libecrobot.a(uart.oram)
 .text.uart_isr_C_0
                0x002008a8        0xc ../../../nxtOSEK/ecrobot/../ecrobot/libecrobot.a(uart.oram)
                0x002008a8                uart_isr_C_0
 .text.uart_isr_C_1
                0x002008b4        0xc ../../../nxtOSEK/ecrobot/../ecrobot/libecrobot.a(uart.oram)
                0x002008b4                uart_isr_C_1
 .text.systick_low_priority_C
                0x002008c0       0x1c ../../../nxtOSEK/ecrobot/../ecrobot/libecrobot.a(systick.oram)
                0x002008c0                systick_low_priority_C
 .text.systick_isr_C
                0x002008dc       0x24 ../../../nxtOSEK/ecrobot/../ecrobot/libecrobot.a(systick.oram)
                0x002008dc                systick_isr_C
 .text.systick_get_ms
                0x00200900        0xc ../../../nxtOSEK/ecrobot/../ecrobot/libecrobot.a(systick.oram)
                0x00200900                systick_get_ms
 .text.systick_wait_ms
                0x0020090c       0x1c ../../../nxtOSEK/ecrobot/../ecrobot/libecrobot.a(systick.oram)
                0x0020090c                systick_wait_ms
 .text.systick_wait_ns
                0x00200928       0x1c ../../../nxtOSEK/ecrobot/../ecrobot/libecrobot.a(systick.oram)
                0x00200928                systick_wait_ns
 .text.systick_init
                0x00200944       0x58 ../../../nxtOSEK/ecrobot/../ecrobot/libecrobot.a(systick.oram)
                0x00200944                systick_init
 .text.systick_suspend
                0x0020099c        0xc ../../../nxtOSEK/ecrobot/../ecrobot/libecrobot.a(systick.oram)
                0x0020099c                systick_suspend
 .text.systick_resume
                0x002009a8        0xc ../../../nxtOSEK/ecrobot/../ecrobot/libecrobot.a(systick.oram)
                0x002009a8                systick_resume
 .text.byte_fifo_put
                0x002009b4       0x58 ../../../nxtOSEK/ecrobot/../ecrobot/libecrobot.a(byte_fifo.oram)
                0x002009b4                byte_fifo_put
 .text.byte_fifo_get
                0x00200a0c       0x2c ../../../nxtOSEK/ecrobot/../ecrobot/libecrobot.a(byte_fifo.oram)
                0x00200a0c                byte_fifo_get
 .text.aic_initialise
                0x00200a38       0x5c ../../../nxtOSEK/ecrobot/../ecrobot/libecrobot.a(aic.oram)
                0x00200a38                aic_initialise
 .text.aic_set_vector
                0x00200a94       0x30 ../../../nxtOSEK/ecrobot/../ecrobot/libecrobot.a(aic.oram)
                0x00200a94                aic_set_vector
 .text.aic_mask_on
                0x00200ac4       0x24 ../../../nxtOSEK/ecrobot/../ecrobot/libecrobot.a(aic.oram)
                0x00200ac4                aic_mask_on
 .text.aic_mask_off
                0x00200ae8       0x24 ../../../nxtOSEK/ecrobot/../ecrobot/libecrobot.a(aic.oram)
                0x00200ae8                aic_mask_off
 .text.aic_clear
                0x00200b0c       0x24 ../../../nxtOSEK/ecrobot/../ecrobot/libecrobot.a(aic.oram)
                0x00200b0c                aic_clear
 .text.reset    0x00200b30       0x4c ../../../nxtOSEK/ecrobot/../ecrobot/libecrobot.a(udp.oram)
 .text.udp_reset
                0x00200b7c       0xac ../../../nxtOSEK/ecrobot/../ecrobot/libecrobot.a(udp.oram)
                0x00200b7c                udp_reset
 .text.udp_read
                0x00200c28      0x104 ../../../nxtOSEK/ecrobot/../ecrobot/libecrobot.a(udp.oram)
                0x00200c28                udp_read
 .text.udp_disable
                0x00200d2c       0x40 ../../../nxtOSEK/ecrobot/../ecrobot/libecrobot.a(udp.oram)
                0x00200d2c                udp_disable
 .text.udp_init
                0x00200d6c       0x18 ../../../nxtOSEK/ecrobot/../ecrobot/libecrobot.a(udp.oram)
                0x00200d6c                udp_init
 .text.udp_write
                0x00200d84       0xac ../../../nxtOSEK/ecrobot/../ecrobot/libecrobot.a(udp.oram)
                0x00200d84                udp_write
 .text.udp_send_null
                0x00200e30       0x2c ../../../nxtOSEK/ecrobot/../ecrobot/libecrobot.a(udp.oram)
 .text.udp_send_stall
                0x00200e5c       0x2c ../../../nxtOSEK/ecrobot/../ecrobot/libecrobot.a(udp.oram)
 .text.udp_send_control
                0x00200e88       0x60 ../../../nxtOSEK/ecrobot/../ecrobot/libecrobot.a(udp.oram)
 .text.udp_isr_C
                0x00200ee8      0x7d0 ../../../nxtOSEK/ecrobot/../ecrobot/libecrobot.a(udp.oram)
                0x00200ee8                udp_isr_C
 .text.udp_status
                0x002016b8       0x54 ../../../nxtOSEK/ecrobot/../ecrobot/libecrobot.a(udp.oram)
                0x002016b8                udp_status
 .text.udp_enable
                0x0020170c       0x6c ../../../nxtOSEK/ecrobot/../ecrobot/libecrobot.a(udp.oram)
                0x0020170c                udp_enable
 .text.udp_set_serialno
                0x00201778       0x1c ../../../nxtOSEK/ecrobot/../ecrobot/libecrobot.a(udp.oram)
                0x00201778                udp_set_serialno
 .text.udp_set_name
                0x00201794       0x28 ../../../nxtOSEK/ecrobot/../ecrobot/libecrobot.a(udp.oram)
                0x00201794                udp_set_name
 .text.twi_status
                0x002017bc       0x20 ../../../nxtOSEK/ecrobot/../ecrobot/libecrobot.a(twi.oram)
                0x002017bc                twi_status
 .text.twi_isr_C
                0x002017dc       0xc4 ../../../nxtOSEK/ecrobot/../ecrobot/libecrobot.a(twi.oram)
                0x002017dc                twi_isr_C
 .text.twi_reset
                0x002018a0       0xb4 ../../../nxtOSEK/ecrobot/../ecrobot/libecrobot.a(twi.oram)
                0x002018a0                twi_reset
 .text.twi_init
                0x00201954       0x4c ../../../nxtOSEK/ecrobot/../ecrobot/libecrobot.a(twi.oram)
                0x00201954                twi_init
 .text.twi_start_read
                0x002019a0       0x60 ../../../nxtOSEK/ecrobot/../ecrobot/libecrobot.a(twi.oram)
                0x002019a0                twi_start_read
 .text.twi_start_write
                0x00201a00       0x64 ../../../nxtOSEK/ecrobot/../ecrobot/libecrobot.a(twi.oram)
                0x00201a00                twi_start_write
 .text.spi_set_mode
                0x00201a64       0x40 ../../../nxtOSEK/ecrobot/../ecrobot/libecrobot.a(nxt_spi.oram)
 .text.spi_isr_C
                0x00201aa4       0x8c ../../../nxtOSEK/ecrobot/../ecrobot/libecrobot.a(nxt_spi.oram)
                0x00201aa4                spi_isr_C
 .text.nxt_spi_init
                0x00201b30      0x12c ../../../nxtOSEK/ecrobot/../ecrobot/libecrobot.a(nxt_spi.oram)
                0x00201b30                nxt_spi_init
 .text.nxt_spi_write
                0x00201c5c       0x44 ../../../nxtOSEK/ecrobot/../ecrobot/libecrobot.a(nxt_spi.oram)
                0x00201c5c                nxt_spi_write
 .text.nxt_spi_set_display
                0x00201ca0       0x10 ../../../nxtOSEK/ecrobot/../ecrobot/libecrobot.a(nxt_spi.oram)
                0x00201ca0                nxt_spi_set_display
 .text.nxt_spi_refresh
                0x00201cb0       0x24 ../../../nxtOSEK/ecrobot/../ecrobot/libecrobot.a(nxt_spi.oram)
                0x00201cb0                nxt_spi_refresh
 .text.nxt_motor_set_count
                0x00201cd4       0x10 ../../../nxtOSEK/ecrobot/../ecrobot/libecrobot.a(nxt_motors.oram)
                0x00201cd4                nxt_motor_set_count
 .text.nxt_motor_1kHz_process
                0x00201ce4       0x28 ../../../nxtOSEK/ecrobot/../ecrobot/libecrobot.a(nxt_motors.oram)
                0x00201ce4                nxt_motor_1kHz_process
 .text.nxt_motor_quad_decode
                0x00201d0c       0x30 ../../../nxtOSEK/ecrobot/../ecrobot/libecrobot.a(nxt_motors.oram)
                0x00201d0c                nxt_motor_quad_decode
 .text.nxt_motor_isr_C
                0x00201d3c       0x88 ../../../nxtOSEK/ecrobot/../ecrobot/libecrobot.a(nxt_motors.oram)
                0x00201d3c                nxt_motor_isr_C
 .text.nxt_motor_init
                0x00201dc4       0x68 ../../../nxtOSEK/ecrobot/../ecrobot/libecrobot.a(nxt_motors.oram)
                0x00201dc4                nxt_motor_init
 .text.data_abort_C
                0x00201e2c       0x7c ../../../nxtOSEK/ecrobot/../ecrobot/libecrobot.a(data_abort.oram)
                0x00201e2c                data_abort_C
 .text.display_update
                0x00201ea8       0x14 ../../../nxtOSEK/ecrobot/../ecrobot/libecrobot.a(display.oram)
                0x00201ea8                display_update
 .text.display_force_update
                0x00201ebc        0xc ../../../nxtOSEK/ecrobot/../ecrobot/libecrobot.a(display.oram)
                0x00201ebc                display_force_update
 .text.display_clear
                0x00201ec8       0x24 ../../../nxtOSEK/ecrobot/../ecrobot/libecrobot.a(display.oram)
                0x00201ec8                display_clear
 .text.display_goto_xy
                0x00201eec       0x14 ../../../nxtOSEK/ecrobot/../ecrobot/libecrobot.a(display.oram)
                0x00201eec                display_goto_xy
 .text.display_char
                0x00201f00       0x60 ../../../nxtOSEK/ecrobot/../ecrobot/libecrobot.a(display.oram)
                0x00201f00                display_char
 .text.display_string
                0x00201f60       0x3c ../../../nxtOSEK/ecrobot/../ecrobot/libecrobot.a(display.oram)
                0x00201f60                display_string
 .text.display_hex
                0x00201f9c       0x50 ../../../nxtOSEK/ecrobot/../ecrobot/libecrobot.a(display.oram)
                0x00201f9c                display_hex
 .text.display_unsigned_worker
                0x00201fec       0x70 ../../../nxtOSEK/ecrobot/../ecrobot/libecrobot.a(display.oram)
 .text.display_unsigned
                0x0020205c        0xc ../../../nxtOSEK/ecrobot/../ecrobot/libecrobot.a(display.oram)
                0x0020205c                display_unsigned
 .text.display_bitmap_copy
                0x00202068       0x5c ../../../nxtOSEK/ecrobot/../ecrobot/libecrobot.a(display.oram)
                0x00202068                display_bitmap_copy
 .text.display_init
                0x002020c4       0x50 ../../../nxtOSEK/ecrobot/../ecrobot/libecrobot.a(display.oram)
                0x002020c4                display_init
 .text.i2c_timer_isr_C
                0x00202114      0x314 ../../../nxtOSEK/ecrobot/../ecrobot/libecrobot.a(i2c.oram)
                0x00202114                i2c_timer_isr_C
 .text.i2c_disable
                0x00202428       0x20 ../../../nxtOSEK/ecrobot/../ecrobot/libecrobot.a(i2c.oram)
                0x00202428                i2c_disable
 .text.i2c_init
                0x00202448       0xa4 ../../../nxtOSEK/ecrobot/../ecrobot/libecrobot.a(i2c.oram)
                0x00202448                i2c_init
 .text.sound_fill_sample_buffer
                0x002024ec       0xe4 ../../../nxtOSEK/ecrobot/../ecrobot/libecrobot.a(sound.oram)
                0x002024ec                sound_fill_sample_buffer
 .text.sound_init
                0x002025d0       0xa0 ../../../nxtOSEK/ecrobot/../ecrobot/libecrobot.a(sound.oram)
                0x002025d0                sound_init
 .text.sound_isr_C
                0x00202670      0x144 ../../../nxtOSEK/ecrobot/../ecrobot/libecrobot.a(sound.oram)
                0x00202670                sound_isr_C
 .text.bt_init  0x002027b4      0x1c0 ../../../nxtOSEK/ecrobot/../ecrobot/libecrobot.a(bt.oram)
                0x002027b4                bt_init
 .text.nxt_avr_power_down
                0x00202974       0x10 ../../../nxtOSEK/ecrobot/../ecrobot/libecrobot.a(nxt_avr.oram)
                0x00202974                nxt_avr_power_down
 .text.nxt_avr_link_init
                0x00202984       0x20 ../../../nxtOSEK/ecrobot/../ecrobot/libecrobot.a(nxt_avr.oram)
                0x00202984                nxt_avr_link_init
 .text.nxt_avr_init
                0x002029a4       0x6c ../../../nxtOSEK/ecrobot/../ecrobot/libecrobot.a(nxt_avr.oram)
                0x002029a4                nxt_avr_init
 .text.nxt_avr_1kHz_update
                0x00202a10      0x1cc ../../../nxtOSEK/ecrobot/../ecrobot/libecrobot.a(nxt_avr.oram)
                0x00202a10                nxt_avr_1kHz_update
 .text.buttons_get
                0x00202bdc        0xc ../../../nxtOSEK/ecrobot/../ecrobot/libecrobot.a(nxt_avr.oram)
                0x00202bdc                buttons_get
 .text.battery_voltage
                0x00202be8       0x28 ../../../nxtOSEK/ecrobot/../ecrobot/libecrobot.a(nxt_avr.oram)
                0x00202be8                battery_voltage
 .text.nxt_avr_set_input_power
                0x00202c10       0x3c ../../../nxtOSEK/ecrobot/../ecrobot/libecrobot.a(nxt_avr.oram)
                0x00202c10                nxt_avr_set_input_power
 .text.unset_digi0
                0x00202c4c       0x44 ../../../nxtOSEK/ecrobot/../ecrobot/libecrobot.a(sensors.oram)
                0x00202c4c                unset_digi0
 .text.unset_digi1
                0x00202c90       0x44 ../../../nxtOSEK/ecrobot/../ecrobot/libecrobot.a(sensors.oram)
                0x00202c90                unset_digi1
 .text.init_sensors
                0x00202cd4       0x4c ../../../nxtOSEK/ecrobot/../ecrobot/libecrobot.a(sensors.oram)
                0x00202cd4                init_sensors
 .text.nxt_lcd_command
                0x00202d20       0x18 ../../../nxtOSEK/ecrobot/../ecrobot/libecrobot.a(nxt_lcd.oram)
                0x00202d20                nxt_lcd_command
 .text.nxt_lcd_set_col
                0x00202d38       0x24 ../../../nxtOSEK/ecrobot/../ecrobot/libecrobot.a(nxt_lcd.oram)
                0x00202d38                nxt_lcd_set_col
 .text.nxt_lcd_set_multiplex_rate
                0x00202d5c       0x18 ../../../nxtOSEK/ecrobot/../ecrobot/libecrobot.a(nxt_lcd.oram)
                0x00202d5c                nxt_lcd_set_multiplex_rate
 .text.nxt_lcd_set_page_address
                0x00202d74       0x18 ../../../nxtOSEK/ecrobot/../ecrobot/libecrobot.a(nxt_lcd.oram)
                0x00202d74                nxt_lcd_set_page_address
 .text.nxt_lcd_set_pot
                0x00202d8c       0x1c ../../../nxtOSEK/ecrobot/../ecrobot/libecrobot.a(nxt_lcd.oram)
                0x00202d8c                nxt_lcd_set_pot
 .text.nxt_lcd_set_ram_address_control
                0x00202da8       0x18 ../../../nxtOSEK/ecrobot/../ecrobot/libecrobot.a(nxt_lcd.oram)
                0x00202da8                nxt_lcd_set_ram_address_control
 .text.nxt_lcd_enable
                0x00202dc0       0x14 ../../../nxtOSEK/ecrobot/../ecrobot/libecrobot.a(nxt_lcd.oram)
                0x00202dc0                nxt_lcd_enable
 .text.nxt_lcd_set_map_control
                0x00202dd4       0x18 ../../../nxtOSEK/ecrobot/../ecrobot/libecrobot.a(nxt_lcd.oram)
                0x00202dd4                nxt_lcd_set_map_control
 .text.nxt_lcd_reset
                0x00202dec        0xc ../../../nxtOSEK/ecrobot/../ecrobot/libecrobot.a(nxt_lcd.oram)
                0x00202dec                nxt_lcd_reset
 .text.nxt_lcd_set_bias_ratio
                0x00202df8       0x18 ../../../nxtOSEK/ecrobot/../ecrobot/libecrobot.a(nxt_lcd.oram)
                0x00202df8                nxt_lcd_set_bias_ratio
 .text.nxt_lcd_force_update
                0x00202e10       0x30 ../../../nxtOSEK/ecrobot/../ecrobot/libecrobot.a(nxt_lcd.oram)
                0x00202e10                nxt_lcd_force_update
 .text.nxt_lcd_update
                0x00202e40        0xc ../../../nxtOSEK/ecrobot/../ecrobot/libecrobot.a(nxt_lcd.oram)
                0x00202e40                nxt_lcd_update
 .text.nxt_lcd_power_up
                0x00202e4c       0x48 ../../../nxtOSEK/ecrobot/../ecrobot/libecrobot.a(nxt_lcd.oram)
                0x00202e4c                nxt_lcd_power_up
 .text.nxt_lcd_power_down
                0x00202e94        0xc ../../../nxtOSEK/ecrobot/../ecrobot/libecrobot.a(nxt_lcd.oram)
                0x00202e94                nxt_lcd_power_down
 .text.nxt_lcd_init
                0x00202ea0       0x18 ../../../nxtOSEK/ecrobot/../ecrobot/libecrobot.a(nxt_lcd.oram)
                0x00202ea0                nxt_lcd_init
 .text.verify_flash_page
                0x00202eb8       0x34 ../../../nxtOSEK/ecrobot/../ecrobot/libecrobot.a(flash_loader.oram)
 .text.set_flash_request
                0x00202eec       0x38 ../../../nxtOSEK/ecrobot/../ecrobot/libecrobot.a(flash_loader.oram)
                0x00202eec                set_flash_request
 .text.nxt_device_init
                0x00202f24       0x38 ../../../nxtOSEK/ecrobot/../ecrobot/libecrobot.a(flash_loader.oram)
                0x00202f24                nxt_device_init
 .text          0x00202f5c       0x68 ../../../nxtOSEK/ecrobot/../ecrobot/libecrobot.a(interrupts.oram)
                0x00202f5c                interrupts_get_and_disable
                0x00202f80                interrupts_enable
                0x00202f90                fiq_get_and_disable
                0x00202fb4                fiq_enable
 .text.flash_write_page
                0x00202fc4       0xc0 ../../../nxtOSEK/ecrobot/../ecrobot/libecrobot.a(flashprog.oram)
                0x00202fc4                flash_write_page
                0x00203090                . = ALIGN (0x10)
 *fill*         0x00203084        0xc 00
 *.oram(*.rodata *.rodata.*)
 .rodata.ld     0x00203090        0x4 ../../../nxtOSEK/ecrobot/../ecrobot/libecrobot.a(udp.oram)
 .rodata.cfd    0x00203094       0x20 ../../../nxtOSEK/ecrobot/../ecrobot/libecrobot.a(udp.oram)
 .rodata.dd     0x002030b4       0x12 ../../../nxtOSEK/ecrobot/../ecrobot/libecrobot.a(udp.oram)
 *fill*         0x002030c6        0x2 00
 .rodata.str1.4
                0x002030c8       0x22 ../../../nxtOSEK/ecrobot/../ecrobot/libecrobot.a(data_abort.oram)
                                 0x24 (size before relaxing)
 .rodata.font   0x002030ea      0x280 ../../../nxtOSEK/ecrobot/../ecrobot/libecrobot.a(display.oram)
 *fill*         0x0020336a        0x2 00
 .rodata.str1.4
                0x0020336c       0x76 ../../../nxtOSEK/ecrobot/../ecrobot/libecrobot.a(display.oram)
                                 0x78 (size before relaxing)
 *fill*         0x002033e2        0x2 00
 .rodata.i2c_pin
                0x002033e4       0x20 ../../../nxtOSEK/ecrobot/../ecrobot/libecrobot.a(i2c.oram)
 .rodata.i2c_timer_isr_C
                0x00203404       0x38 ../../../nxtOSEK/ecrobot/../ecrobot/libecrobot.a(i2c.oram)
 .rodata.silence
                0x0020343c       0x40 ../../../nxtOSEK/ecrobot/../ecrobot/libecrobot.a(sound.oram)
                0x0020343c                silence
 .rodata.sample_pattern
                0x0020347c       0x84 ../../../nxtOSEK/ecrobot/../ecrobot/libecrobot.a(sound.oram)
                0x0020347c                sample_pattern
 .rodata        0x00203500        0xc ../../../nxtOSEK/ecrobot/../ecrobot/libecrobot.a(sound.oram)
 .rodata.avr_brainwash_string
                0x0020350c       0x30 ../../../nxtOSEK/ecrobot/../ecrobot/libecrobot.a(nxt_avr.oram)
                0x0020350c                avr_brainwash_string
 .rodata.nxt_avr_1kHz_update
                0x0020353c       0x14 ../../../nxtOSEK/ecrobot/../ecrobot/libecrobot.a(nxt_avr.oram)
 .rodata.C.33.1823
                0x00203550       0x10 ../../../nxtOSEK/ecrobot/../ecrobot/libecrobot.a(sensors.oram)
 .rodata.C.37.1857
                0x00203560       0x10 ../../../nxtOSEK/ecrobot/../ecrobot/libecrobot.a(sensors.oram)
 .rodata.str1.4
                0x00203570       0x24 ../../../nxtOSEK/ecrobot/../ecrobot/libecrobot.a(flash_loader.oram)
 *fill*         0x00203594        0x4 00
 .rodata.str1.4.stub
                0x00203598       0x10 linker stubs
                0x002035b0                . = ALIGN (0x10)
 *fill*         0x002035a8        0x8 00
                0x00200300                __ramtext_ram_start__ = ADDR (.ram_text)
                0x002035b0                __ramtext_ram_end__ = (ADDR (.ram_text) + SIZEOF (.ram_text))
                0x00200300                __ramtext_load_start__ = LOADADDR (.ram_text)
                0x002035b0                __ramtext_load_end__ = (__ramtext_load_start__ + SIZEOF (.ram_text))

.wav_data       0x002035b0        0x0
 *.owav(*.data *.data.*)
                0x002035b0                . = ALIGN (0x10)

.bmp_data       0x002035b0      0x440
 *.obmp(*.data *.data.*)
 .data          0x002035b0      0x43e ../../../nxtOSEK/ecrobot/../ecrobot/libecrobot.a(nxtosek_splash.obmp)
                0x002035b0                nxtosek_splash_bmp_start
                0x002039ee                nxtosek_splash_bmp_end
                0x002039f0                . = ALIGN (0x10)
 *fill*         0x002039ee        0x2 00

.spr_data       0x002039f0        0x0
 *.ospr(*.data *.data.*)
                0x002039f0                . = ALIGN (0x10)

.data           0x002039f0      0x8e0
 *(*.data *.data.*)
 .data.dev_name
                0x002039f0       0x10 ../../../nxtOSEK/ecrobot/../ecrobot/libecrobot.a(ecrobot_usb.o)
 .data.deviceStatus
                0x00203a00        0x1 ../../../nxtOSEK/ecrobot/../ecrobot/libecrobot.a(ecrobot_interface.o)
 .data.named    0x00203a01       0x22 ../../../nxtOSEK/ecrobot/../ecrobot/libecrobot.a(udp.oram)
 .data.snd      0x00203a23       0x1a ../../../nxtOSEK/ecrobot/../ecrobot/libecrobot.a(udp.oram)
 *fill*         0x00203a3d        0x3 00
 .data.configured
                0x00203a40        0x4 ../../../nxtOSEK/ecrobot/../ecrobot/libecrobot.a(udp.oram)
 .data.mode     0x00203a44        0x1 ../../../nxtOSEK/ecrobot/../ecrobot/libecrobot.a(nxt_spi.oram)
                0x00203a44                mode
 *fill*         0x00203a45        0x3 00
 .bss.data      0x00203a48        0x4 ../../../nxtOSEK/ecrobot/../ecrobot/libecrobot.a(nxt_spi.oram)
                0x00203a48                data
 .data.display_auto_update
                0x00203a4c        0x4 ../../../nxtOSEK/ecrobot/../ecrobot/libecrobot.a(display.oram)
                0x00203a4c                display_auto_update
 .data.display_buffer
                0x00203a50        0x4 ../../../nxtOSEK/ecrobot/../ecrobot/libecrobot.a(display.oram)
 .data          0x00203a54      0x428 /home/ubuntu/NXT/gnuarm/lib/gcc/arm-elf/4.4.2/../../../../arm-elf/lib/thumb/interwork/libc.a(lib_a-impure.o)
                0x00203a54                _impure_ptr
 .data          0x00203e7c       0x44 /home/ubuntu/NXT/gnuarm/lib/gcc/arm-elf/4.4.2/../../../../arm-elf/lib/thumb/interwork/libc.a(lib_a-locale.o)
                0x00203ebc                __mb_cur_max
 .data          0x00203ec0      0x410 /home/ubuntu/NXT/gnuarm/lib/gcc/arm-elf/4.4.2/../../../../arm-elf/lib/thumb/interwork/libc.a(lib_a-mallocr.o)
                0x00203ec0                __malloc_av_
                0x002042c8                __malloc_sbrk_base
                0x002042cc                __malloc_trim_threshold
                0x002042d0                . = ALIGN (0x10)
                0x002039f0                __data_ram_start__ = ADDR (.data)
                0x002042d0                __data_ram_end__ = (ADDR (.data) + SIZEOF (.data))
                0x002039f0                __data_load_start__ = LOADADDR (.data)
                0x002042d0                __data_load_end__ = (__data_load_start__ + SIZEOF (.data))

.text           0x002042d0     0x6df0
                0x002042d0                . = ALIGN (0x10)
 *(*.text *.text.* *.glue*)
 .glue_7        0x002042d0       0x18 linker stubs
                0x002042d0                __call_posttaskhook_from_arm
                0x002042dc                __call_pretaskhook_from_arm
 .glue_7t       0x00000000        0x0 linker stubs
 .text.enqueue_alarm
                0x002042e8       0x94 build/kernel/alarm.o
 .text.alarm_initialize
                0x0020437c       0x98 build/kernel/alarm.o
                0x0020437c                alarm_initialize
 .text.unlock_cpu
                0x00204414        0xc build/kernel/alarm.o
 .text.lock_cpu
                0x00204420        0xc build/kernel/alarm.o
 .text.SignalCounter
                0x0020442c      0x128 build/kernel/alarm.o
                0x0020442c                SignalCounter
 .text.ShutdownOS
                0x00204554       0x4c build/kernel/osctl.o
                0x00204554                ShutdownOS
 .text.StartOS  0x002045a0       0x58 build/kernel/osctl.o
                0x002045a0                StartOS
 .text.call_pretaskhook
                0x002045f8       0x24 build/kernel/osctl.o
                0x002045f8                call_pretaskhook
 .text.call_posttaskhook
                0x0020461c       0x24 build/kernel/osctl.o
                0x0020461c                call_posttaskhook
 .text.call_errorhook
                0x00204640       0x78 build/kernel/osctl.o
                0x00204640                call_errorhook
 .text.resource_initialize
                0x002046b8       0x20 build/kernel/resource.o
                0x002046b8                resource_initialize
 .text.lock_cpu
                0x002046d8        0xc build/kernel/resource.o
 .text.ReleaseResource
                0x002046e4       0xf0 build/kernel/resource.o
                0x002046e4                ReleaseResource
 .text.GetResource
                0x002047d4       0xdc build/kernel/resource.o
                0x002047d4                GetResource
 .text.make_runnable
                0x002048b0       0xa4 build/kernel/task.o
                0x002048b0                make_runnable
 .text.make_active
                0x00204954       0x78 build/kernel/task.o
                0x00204954                make_active
 .text.task_initialize
                0x002049cc       0x88 build/kernel/task.o
                0x002049cc                task_initialize
 .text.search_schedtsk
                0x00204a54       0x90 build/kernel/task.o
                0x00204a54                search_schedtsk
 .text.preempt  0x00204ae4       0x4c build/kernel/task.o
                0x00204ae4                preempt
 .text.unlock_cpu
                0x00204b30        0xc build/kernel/task_manage.o
 .text.lock_cpu
                0x00204b3c        0xc build/kernel/task_manage.o
 .text.ActivateTask
                0x00204b48       0x8c build/kernel/task_manage.o
                0x00204b48                ActivateTask
 .text.TerminateTask
                0x00204bd4       0x74 build/kernel/task_manage.o
                0x00204bd4                TerminateTask
 .text.cpu_initialize
                0x00204c48        0x4 build/config/at91sam7s-gnu/cpu_config.o
                0x00204c48                cpu_initialize
 .text.cpu_terminate
                0x00204c4c        0x4 build/config/at91sam7s-gnu/cpu_config.o
                0x00204c4c                cpu_terminate
 .text.sys_initialize
                0x00204c50        0x4 build/config/at91sam7s-gnu/lego_nxt/sys_config.o
                0x00204c50                sys_initialize
 .text.sys_exit
                0x00204c54        0x4 build/config/at91sam7s-gnu/lego_nxt/sys_config.o
                0x00204c54                sys_exit
 .text._activate_alarm_OSEK_Alarm_task_ts1
                0x00204c58        0xc build/./kernel_cfg.o
 .text.object_initialize
                0x00204c64       0x14 build/./kernel_cfg.o
                0x00204c64                object_initialize
 .text._sbrk_r  0x00204c78       0x20 build/syscalls.o
                0x00204c78                _sbrk_r
 .text.init_OS_flag
                0x00204c98        0xc build/ecrobot_base.o
                0x00204c98                init_OS_flag
 .text.set_OS_flag
                0x00204ca4        0xc build/ecrobot_base.o
                0x00204ca4                set_OS_flag
 .text.get_OS_flag
                0x00204cb0        0xc build/ecrobot_base.o
                0x00204cb0                get_OS_flag
 .text.cpp_constructor
                0x00204cbc       0x28 build/ecrobot_base.o
                0x00204cbc                cpp_constructor
 .text.cpp_destructor
                0x00204ce4       0x28 build/ecrobot_base.o
                0x00204ce4                cpp_destructor
 .text.execution_mode
                0x00204d0c       0x14 build/ecrobot_base.o
                0x00204d0c                execution_mode
 .text.shutdown_NXT
                0x00204d20       0x2c build/ecrobot_base.o
                0x00204d20                shutdown_NXT
 .text.restart_NXT
                0x00204d4c       0x2c build/ecrobot_base.o
                0x00204d4c                restart_NXT
 .text.check_NXT_buttons
                0x00204d78       0x38 build/ecrobot_base.o
                0x00204d78                check_NXT_buttons
 .text.add_status_info
                0x00204db0       0x68 build/ecrobot_base.o
                0x00204db0                add_status_info
 .text.show_main_screen
                0x00204e18       0x48 build/ecrobot_base.o
                0x00204e18                show_main_screen
 .text.display_status_bar
                0x00204e60       0x5c build/ecrobot_base.o
                0x00204e60                display_status_bar
 .text.show_splash_screen
                0x00204ebc       0x98 build/ecrobot_base.o
                0x00204ebc                show_splash_screen
 .text.main     0x00204f54      0x108 build/ecrobot.o
                0x00204f54                main
 .text.display_string_with_offset
                0x0020505c       0x8c build/USBLoopBack.o
 .text.showInitScreen
                0x002050e8       0x2c build/USBLoopBack.o
 .text.TaskMainTask_background
                0x00205114       0x98 build/USBLoopBack.o
                0x00205114                TaskMainTask_background
 .text.TaskMainTask_ts1
                0x002051ac       0x24 build/USBLoopBack.o
                0x002051ac                TaskMainTask_ts1
 .text.user_1ms_isr_type2
                0x002051d0       0x14 build/USBLoopBack.o
                0x002051d0                user_1ms_isr_type2
 .text.ecrobot_device_terminate
                0x002051e4        0xc build/USBLoopBack.o
                0x002051e4                ecrobot_device_terminate
 .text.ecrobot_device_initialize
                0x002051f0        0xc build/USBLoopBack.o
                0x002051f0                ecrobot_device_initialize
 .text.ecrobot_init_usb
                0x002051fc       0x50 ../../../nxtOSEK/ecrobot/../ecrobot/libecrobot.a(ecrobot_usb.o)
                0x002051fc                ecrobot_init_usb
 .text.ecrobot_process1ms_usb
                0x0020524c       0xf8 ../../../nxtOSEK/ecrobot/../ecrobot/libecrobot.a(ecrobot_usb.o)
                0x0020524c                ecrobot_process1ms_usb
 .text.ecrobot_term_usb
                0x00205344       0x14 ../../../nxtOSEK/ecrobot/../ecrobot/libecrobot.a(ecrobot_usb.o)
                0x00205344                ecrobot_term_usb
 .text.ecrobot_disconnect_usb
                0x00205358       0x24 ../../../nxtOSEK/ecrobot/../ecrobot/libecrobot.a(ecrobot_usb.o)
                0x00205358                ecrobot_disconnect_usb
 .text.ecrobot_read_usb
                0x0020537c       0x4c ../../../nxtOSEK/ecrobot/../ecrobot/libecrobot.a(ecrobot_usb.o)
                0x0020537c                ecrobot_read_usb
 .text.ecrobot_send_usb
                0x002053c8       0x20 ../../../nxtOSEK/ecrobot/../ecrobot/libecrobot.a(ecrobot_usb.o)
                0x002053c8                ecrobot_send_usb
 .text.ecrobot_get_battery_voltage
                0x002053e8        0xc ../../../nxtOSEK/ecrobot/../ecrobot/libecrobot.a(ecrobot_interface.o)
                0x002053e8                ecrobot_get_battery_voltage
 .text.ecrobot_get_button_state
                0x002053f4        0xc ../../../nxtOSEK/ecrobot/../ecrobot/libecrobot.a(ecrobot_interface.o)
                0x002053f4                ecrobot_get_button_state
 .text.ecrobot_init_nxtstate
                0x00205400       0x28 ../../../nxtOSEK/ecrobot/../ecrobot/libecrobot.a(ecrobot_interface.o)
                0x00205400                ecrobot_init_nxtstate
 .text.ecrobot_poll_nxtstate
                0x00205428       0x64 ../../../nxtOSEK/ecrobot/../ecrobot/libecrobot.a(ecrobot_interface.o)
                0x00205428                ecrobot_poll_nxtstate
 .text.ecrobot_setDeviceInitialized
                0x0020548c       0x18 ../../../nxtOSEK/ecrobot/../ecrobot/libecrobot.a(ecrobot_interface.o)
                0x0020548c                ecrobot_setDeviceInitialized
 .text.ecrobot_initDeviceStatus
                0x002054a4        0xc ../../../nxtOSEK/ecrobot/../ecrobot/libecrobot.a(ecrobot_interface.o)
                0x002054a4                ecrobot_initDeviceStatus
 .text.ecrobot_bmp2lcd
                0x002054b0      0x1c8 ../../../nxtOSEK/ecrobot/../ecrobot/libecrobot.a(ecrobot_interface.o)
                0x002054b0                ecrobot_bmp2lcd
 .text.StartupHook
                0x00205678        0x4 ../../../nxtOSEK/ecrobot/../ecrobot/libecrobot.a(osek_hook.o)
                0x00205678                StartupHook
 .text.PreTaskHook
                0x0020567c        0x4 ../../../nxtOSEK/ecrobot/../ecrobot/libecrobot.a(osek_hook.o)
                0x0020567c                PreTaskHook
 .text.PostTaskHook
                0x00205680        0x4 ../../../nxtOSEK/ecrobot/../ecrobot/libecrobot.a(osek_hook.o)
                0x00205680                PostTaskHook
 .text.ErrorHook
                0x00205684        0x4 ../../../nxtOSEK/ecrobot/../ecrobot/libecrobot.a(osek_hook.o)
                0x00205684                ErrorHook
 .text.ShutdownHook
                0x00205688        0x4 ../../../nxtOSEK/ecrobot/../ecrobot/libecrobot.a(osek_hook.o)
                0x00205688                ShutdownHook
 .text          0x0020568c       0x8c /home/ubuntu/NXT/gnuarm/lib/gcc/arm-elf/4.4.2/thumb/interwork/libgcc.a(_udivsi3.o)
                0x0020568c                __udivsi3
                0x0020568c                __aeabi_uidiv
                0x00205708                __aeabi_uidivmod
 .text          0x00205718       0xa4 /home/ubuntu/NXT/gnuarm/lib/gcc/arm-elf/4.4.2/thumb/interwork/libgcc.a(_divsi3.o)
                0x00205718                __aeabi_idiv
                0x00205718                __divsi3
                0x002057ac                __aeabi_idivmod
 .text          0x002057bc       0xc8 /home/ubuntu/NXT/gnuarm/lib/gcc/arm-elf/4.4.2/thumb/interwork/libgcc.a(_umodsi3.o)
                0x002057bc                __umodsi3
 .text          0x00205884       0xd8 /home/ubuntu/NXT/gnuarm/lib/gcc/arm-elf/4.4.2/thumb/interwork/libgcc.a(_modsi3.o)
                0x00205884                __modsi3
 .text          0x0020595c        0x4 /home/ubuntu/NXT/gnuarm/lib/gcc/arm-elf/4.4.2/thumb/interwork/libgcc.a(_dvmd_tls.o)
                0x0020595c                __aeabi_ldiv0
                0x0020595c                __div0
                0x0020595c                __aeabi_idiv0
 .text          0x00205960      0x430 /home/ubuntu/NXT/gnuarm/lib/gcc/arm-elf/4.4.2/thumb/interwork/libgcc.a(_arm_addsubdf3.o)
                0x00205960                __aeabi_drsub
                0x00205968                __aeabi_dsub
                0x00205968                __subdf3
                0x0020596c                __adddf3
                0x0020596c                __aeabi_dadd
                0x00205c7c                __aeabi_ui2d
                0x00205c7c                __floatunsidf
                0x00205ca4                __floatsidf
                0x00205ca4                __aeabi_i2d
                0x00205cd0                __extendsfdf2
                0x00205cd0                __aeabi_f2d
                0x00205d10                __aeabi_ul2d
                0x00205d10                __floatundidf
                0x00205d24                __floatdidf
                0x00205d24                __aeabi_l2d
 .text          0x00205d90      0x49c /home/ubuntu/NXT/gnuarm/lib/gcc/arm-elf/4.4.2/thumb/interwork/libgcc.a(_arm_muldivdf3.o)
                0x00205d90                __aeabi_dmul
                0x00205d90                __muldf3
                0x00206020                __aeabi_ddiv
                0x00206020                __divdf3
 .text          0x0020622c      0x140 /home/ubuntu/NXT/gnuarm/lib/gcc/arm-elf/4.4.2/thumb/interwork/libgcc.a(_arm_cmpdf2.o)
                0x0020622c                __gtdf2
                0x0020622c                __gedf2
                0x00206234                __ltdf2
                0x00206234                __ledf2
                0x0020623c                __cmpdf2
                0x0020623c                __eqdf2
                0x0020623c                __nedf2
                0x002062c0                __aeabi_cdrcmple
                0x002062dc                __aeabi_cdcmple
                0x002062dc                __aeabi_cdcmpeq
                0x002062f4                __aeabi_dcmpeq
                0x0020630c                __aeabi_dcmplt
                0x00206324                __aeabi_dcmple
                0x0020633c                __aeabi_dcmpge
                0x00206354                __aeabi_dcmpgt
 .text          0x0020636c       0x80 /home/ubuntu/NXT/gnuarm/lib/gcc/arm-elf/4.4.2/../../../../arm-elf/lib/thumb/interwork/libc.a(lib_a-memcpy.o)
                0x0020636c                memcpy
 .text          0x002063ec       0x94 /home/ubuntu/NXT/gnuarm/lib/gcc/arm-elf/4.4.2/../../../../arm-elf/lib/thumb/interwork/libc.a(lib_a-memset.o)
                0x002063ec                memset
 .text          0x00206480       0x84 /home/ubuntu/NXT/gnuarm/lib/gcc/arm-elf/4.4.2/../../../../arm-elf/lib/thumb/interwork/libc.a(lib_a-sprintf.o)
                0x00206480                sprintf
                0x002064c4                _sprintf_r
 .text          0x00206504       0x14 /home/ubuntu/NXT/gnuarm/lib/gcc/arm-elf/4.4.2/../../../../arm-elf/lib/thumb/interwork/libc.a(lib_a-strcmp.o)
                0x00206504                strcmp
 .text          0x00206518       0x10 /home/ubuntu/NXT/gnuarm/lib/gcc/arm-elf/4.4.2/../../../../arm-elf/lib/thumb/interwork/libc.a(lib_a-strcpy.o)
                0x00206518                strcpy
 .text          0x00206528       0x10 /home/ubuntu/NXT/gnuarm/lib/gcc/arm-elf/4.4.2/../../../../arm-elf/lib/thumb/interwork/libc.a(lib_a-strlen.o)
                0x00206528                strlen
 .text          0x00206538     0x1338 /home/ubuntu/NXT/gnuarm/lib/gcc/arm-elf/4.4.2/../../../../arm-elf/lib/thumb/interwork/libc.a(lib_a-svfprintf.o)
                0x00206538                _svfprintf_r
 .text          0x00207870     0x1020 /home/ubuntu/NXT/gnuarm/lib/gcc/arm-elf/4.4.2/../../../../arm-elf/lib/thumb/interwork/libc.a(lib_a-dtoa.o)
                0x002079d0                _dtoa_r
 .text          0x00208890       0x88 /home/ubuntu/NXT/gnuarm/lib/gcc/arm-elf/4.4.2/../../../../arm-elf/lib/thumb/interwork/libc.a(lib_a-locale.o)
                0x00208890                __locale_charset
                0x00208898                __locale_msgcharset
                0x002088a4                __locale_cjk_lang
                0x002088a8                _localeconv_r
                0x002088b0                localeconv
                0x002088b8                _setlocale_r
                0x00208900                setlocale
 .text          0x00208918      0x51c /home/ubuntu/NXT/gnuarm/lib/gcc/arm-elf/4.4.2/../../../../arm-elf/lib/thumb/interwork/libc.a(lib_a-mallocr.o)
                0x00208918                _malloc_r
 .text          0x00208e34       0x80 /home/ubuntu/NXT/gnuarm/lib/gcc/arm-elf/4.4.2/../../../../arm-elf/lib/thumb/interwork/libc.a(lib_a-memchr.o)
                0x00208e34                memchr
 .text          0x00208eb4        0x8 /home/ubuntu/NXT/gnuarm/lib/gcc/arm-elf/4.4.2/../../../../arm-elf/lib/thumb/interwork/libc.a(lib_a-mlock.o)
                0x00208eb4                __malloc_lock
                0x00208eb8                __malloc_unlock
 .text          0x00208ebc      0x9a4 /home/ubuntu/NXT/gnuarm/lib/gcc/arm-elf/4.4.2/../../../../arm-elf/lib/thumb/interwork/libc.a(lib_a-mprec.o)
                0x00208ebc                _Bfree
                0x00208ed0                __hi0bits
                0x00208f18                __lo0bits
                0x00208f7c                __mcmp
                0x00208fbc                __ulp
                0x00209008                __b2d
                0x002090b4                __ratio
                0x00209118                _mprec_log10
                0x00209158                __copybits
                0x002091a0                __any_on
                0x002091ec                _Balloc
                0x00209240                __d2b
                0x00209320                __mdiff
                0x00209434                __lshift
                0x002094f4                __multiply
                0x00209654                __i2b
                0x0020966c                __multadd
                0x0020970c                __pow5mult
                0x002097c4                __s2b
 .text          0x00209860       0x84 /home/ubuntu/NXT/gnuarm/lib/gcc/arm-elf/4.4.2/../../../../arm-elf/lib/thumb/interwork/libc.a(lib_a-s_fpclassify.o)
                0x00209860                __fpclassifyd
 .text          0x002098e4      0xa60 /home/ubuntu/NXT/gnuarm/lib/gcc/arm-elf/4.4.2/../../../../arm-elf/lib/thumb/interwork/libc.a(lib_a-svfiprintf.o)
                0x002098e4                __ssprint_r
                0x00209a18                _svfiprintf_r
 .text          0x0020a344       0x5c /home/ubuntu/NXT/gnuarm/lib/gcc/arm-elf/4.4.2/../../../../arm-elf/lib/thumb/interwork/libc.a(lib_a-callocr.o)
                0x0020a344                _calloc_r
 .text          0x0020a3a0      0x250 /home/ubuntu/NXT/gnuarm/lib/gcc/arm-elf/4.4.2/../../../../arm-elf/lib/thumb/interwork/libc.a(lib_a-freer.o)
                0x0020a3a0                _malloc_trim_r
                0x0020a444                _free_r
 .text          0x0020a5f0       0xa0 /home/ubuntu/NXT/gnuarm/lib/gcc/arm-elf/4.4.2/../../../../arm-elf/lib/thumb/interwork/libc.a(lib_a-memmove.o)
                0x0020a5f0                memmove
 .text          0x0020a690      0x354 /home/ubuntu/NXT/gnuarm/lib/gcc/arm-elf/4.4.2/../../../../arm-elf/lib/thumb/interwork/libc.a(lib_a-reallocr.o)
                0x0020a690                _realloc_r
 .text          0x0020a9e4       0x5c /home/ubuntu/NXT/gnuarm/lib/gcc/arm-elf/4.4.2/thumb/interwork/libgcc.a(_arm_fixdfsi.o)
                0x0020a9e4                __fixdfsi
                0x0020a9e4                __aeabi_d2iz
                0x0020aa40                . = ALIGN (0x10)
 *(*.rodata *.rodata.*)
 .rodata.search_table.1018
                0x0020aa40       0x10 build/kernel/task.o
 .rodata.tnum_resource
                0x0020aa50        0x1 build/./kernel_cfg.o
                0x0020aa50                tnum_resource
 *fill*         0x0020aa51        0x3 00
 .rodata.alminib_cntid
                0x0020aa54        0x4 build/./kernel_cfg.o
                0x0020aa54                alminib_cntid
 .rodata.tinib_maxact
                0x0020aa58        0x4 build/./kernel_cfg.o
                0x0020aa58                tinib_maxact
 .rodata.USB_Rx
                0x0020aa5c        0x1 build/./kernel_cfg.o
                0x0020aa5c                USB_Rx
 *fill*         0x0020aa5d        0x3 00
 .rodata.cntinib_tickbase
                0x0020aa60        0x4 build/./kernel_cfg.o
                0x0020aa60                cntinib_tickbase
 .rodata.tnum_task
                0x0020aa64        0x1 build/./kernel_cfg.o
                0x0020aa64                tnum_task
 *fill*         0x0020aa65        0x3 00
 .rodata.cntinib_maxval
                0x0020aa68        0x4 build/./kernel_cfg.o
                0x0020aa68                cntinib_maxval
 .rodata.alminib_almval
                0x0020aa6c        0x4 build/./kernel_cfg.o
                0x0020aa6c                alminib_almval
 .rodata.tinib_stksz
                0x0020aa70        0x4 build/./kernel_cfg.o
                0x0020aa70                tinib_stksz
 .rodata.alminib_cycle
                0x0020aa74        0x4 build/./kernel_cfg.o
                0x0020aa74                alminib_cycle
 .rodata.tinib_inipri
                0x0020aa78        0x4 build/./kernel_cfg.o
                0x0020aa78                tinib_inipri
 .rodata.cntinib_maxval2
                0x0020aa7c        0x4 build/./kernel_cfg.o
                0x0020aa7c                cntinib_maxval2
 .rodata.tinib_stk
                0x0020aa80        0x8 build/./kernel_cfg.o
                0x0020aa80                tinib_stk
 .rodata.isrinib_intpri
                0x0020aa88        0x4 build/./kernel_cfg.o
                0x0020aa88                isrinib_intpri
 .rodata.tnum_exttask
                0x0020aa8c        0x1 build/./kernel_cfg.o
                0x0020aa8c                tnum_exttask
 .rodata.tnum_counter
                0x0020aa8d        0x1 build/./kernel_cfg.o
                0x0020aa8d                tnum_counter
 *fill*         0x0020aa8e        0x2 00
 .rodata.tinib_exepri
                0x0020aa90        0x4 build/./kernel_cfg.o
                0x0020aa90                tinib_exepri
 .rodata.tinib_autoact
                0x0020aa94        0x4 build/./kernel_cfg.o
                0x0020aa94                tinib_autoact
 .rodata.SysTimerCnt
                0x0020aa98        0x1 build/./kernel_cfg.o
                0x0020aa98                SysTimerCnt
 .rodata.tnum_alarm
                0x0020aa99        0x1 build/./kernel_cfg.o
                0x0020aa99                tnum_alarm
 *fill*         0x0020aa9a        0x2 00
 .rodata.resinib_ceilpri
                0x0020aa9c        0x4 build/./kernel_cfg.o
                0x0020aa9c                resinib_ceilpri
 .rodata.alminib_cback
                0x0020aaa0        0x4 build/./kernel_cfg.o
                0x0020aaa0                alminib_cback
 .rodata.tinib_task
                0x0020aaa4        0x8 build/./kernel_cfg.o
                0x0020aaa4                tinib_task
 .rodata.alminib_autosta
                0x0020aaac        0x4 build/./kernel_cfg.o
                0x0020aaac                alminib_autosta
 .rodata.str1.1
                0x0020aab0       0x6c build/ecrobot_base.o
 .rodata.exec_addr
                0x0020ab1c        0x4 build/ecrobot_base.o
                0x0020ab1c                exec_addr
 .rodata.str1.1
                0x0020ab20       0x2c build/USBLoopBack.o
 .rodata.ecrobot_sig
                0x0020ab4c        0x7 ../../../nxtOSEK/ecrobot/../ecrobot/libecrobot.a(ecrobot_usb.o)
 *fill*         0x0020ab53        0x1 00
 .rodata.str1.4
                0x0020ab54       0x11 ../../../nxtOSEK/ecrobot/../ecrobot/libecrobot.a(ecrobot_usb.o)
                                 0x14 (size before relaxing)
 *fill*         0x0020ab65        0x3 00
 .rodata        0x0020ab68      0x184 /home/ubuntu/NXT/gnuarm/lib/gcc/arm-elf/4.4.2/../../../../arm-elf/lib/thumb/interwork/libc.a(lib_a-svfprintf.o)
 .rodata.str1.4
                0x0020acec       0x42 /home/ubuntu/NXT/gnuarm/lib/gcc/arm-elf/4.4.2/../../../../arm-elf/lib/thumb/interwork/libc.a(lib_a-svfprintf.o)
                                 0x44 (size before relaxing)
 *fill*         0x0020ad2e        0x2 00
 .rodata.str1.4
                0x0020ad30       0x10 /home/ubuntu/NXT/gnuarm/lib/gcc/arm-elf/4.4.2/../../../../arm-elf/lib/thumb/interwork/libc.a(lib_a-dtoa.o)
                                 0x14 (size before relaxing)
 .rodata.str1.4
                0x0020ad40        0x2 /home/ubuntu/NXT/gnuarm/lib/gcc/arm-elf/4.4.2/../../../../arm-elf/lib/thumb/interwork/libc.a(lib_a-impure.o)
                                  0x4 (size before relaxing)
 *fill*         0x0020ad42        0x2 00
 .rodata        0x0020ad44       0x38 /home/ubuntu/NXT/gnuarm/lib/gcc/arm-elf/4.4.2/../../../../arm-elf/lib/thumb/interwork/libc.a(lib_a-locale.o)
 .rodata.str1.4
                0x0020ad7c        0xc /home/ubuntu/NXT/gnuarm/lib/gcc/arm-elf/4.4.2/../../../../arm-elf/lib/thumb/interwork/libc.a(lib_a-locale.o)
                                 0x14 (size before relaxing)
 .rodata        0x0020ad88      0x124 /home/ubuntu/NXT/gnuarm/lib/gcc/arm-elf/4.4.2/../../../../arm-elf/lib/thumb/interwork/libc.a(lib_a-mprec.o)
                0x0020ad88                __mprec_tens
                0x0020ae5c                __mprec_bigtens
                0x0020ae84                __mprec_tinytens
 .rodata        0x0020aeac      0x184 /home/ubuntu/NXT/gnuarm/lib/gcc/arm-elf/4.4.2/../../../../arm-elf/lib/thumb/interwork/libc.a(lib_a-svfiprintf.o)
 .rodata.stub   0x0020b030       0x90 linker stubs
 .rodata.str1.4
                0x00000000       0x30 /home/ubuntu/NXT/gnuarm/lib/gcc/arm-elf/4.4.2/../../../../arm-elf/lib/thumb/interwork/libc.a(lib_a-svfiprintf.o)
                0x0020b0c0                . = ALIGN (0x10)
 *(*.gnu.linkonce.* .gcc_except_table)
                0x0020b0c0                . = ALIGN (0x10)

.vfp11_veneer   0x002042d0        0x0
 .vfp11_veneer  0x00000000        0x0 linker stubs

.v4_bx          0x002042d0        0x0
 .v4_bx         0x00000000        0x0 linker stubs

.tors           0x0020b0c0        0x0
                0x0020b0c0                . = ALIGN (0x10)
                0x0020b0c0                __ctor_begin = .
 *(*.ctors*)
                0x0020b0c0                __ctor_end = .
                0x0020b0c0                . = ALIGN (0x10)
                0x0020b0c0                __dtor_begin = .
 *(*.dtors*)
                0x0020b0c0                __dtor_end = .
                0x0020b0c0                . = ALIGN (0x10)

.bss            0x0020b0c0     0x12c4
 *(*.bss *.bss.*)
 .bss.ready_queue_first
                0x0020b0c0       0x10 build/kernel/task.o
 .bss.ready_primap
                0x0020b0d0        0x2 build/kernel/task.o
 *fill*         0x0020b0d2        0x2 00
 .bss.ready_queue_last
                0x0020b0d4       0x10 build/kernel/task.o
 .bss._stack_Task_ts1
                0x0020b0e4      0x200 build/./kernel_cfg.o
 .bss._stack_Task_background
                0x0020b2e4      0x200 build/./kernel_cfg.o
 .bss.heap_ptr  0x0020b4e4        0x4 build/syscalls.o
 .bss.last_act_time.2836
                0x0020b4e8        0x4 build/ecrobot_base.o
 .bss.status_bar_position
                0x0020b4ec        0x4 build/ecrobot_base.o
 .bss.lcd.2758  0x0020b4f0      0x320 build/ecrobot_base.o
 .bss.status_bar
                0x0020b810       0x10 build/ecrobot_base.o
 .bss.OS_flag   0x0020b820        0x4 build/ecrobot_base.o
 .bss.pos_x     0x0020b824        0x4 build/USBLoopBack.o
 .bss.pos_y     0x0020b828        0x4 build/USBLoopBack.o
 .bss.usb_status
                0x0020b82c        0x1 ../../../nxtOSEK/ecrobot/../ecrobot/libecrobot.a(ecrobot_usb.o)
 .bss.usb_buf   0x0020b82d       0x40 ../../../nxtOSEK/ecrobot/../ecrobot/libecrobot.a(ecrobot_usb.o)
 *fill*         0x0020b86d        0x3 00
 .bss.read_data_len
                0x0020b870        0x4 ../../../nxtOSEK/ecrobot/../ecrobot/libecrobot.a(ecrobot_usb.o)
 .bss.buttons_i
                0x0020b874        0x4 ../../../nxtOSEK/ecrobot/../ecrobot/libecrobot.a(ecrobot_interface.o)
 .bss.buttons_states
                0x0020b878       0x14 ../../../nxtOSEK/ecrobot/../ecrobot/libecrobot.a(ecrobot_interface.o)
 .bss.ecrobot_inputs
                0x0020b88c        0x8 ../../../nxtOSEK/ecrobot/../ecrobot/libecrobot.a(ecrobot_interface.o)
 .bss.systick_ms
                0x0020b894        0x4 ../../../nxtOSEK/ecrobot/../ecrobot/libecrobot.a(systick.oram)
 .bss.delayedEnable
                0x0020b898        0x1 ../../../nxtOSEK/ecrobot/../ecrobot/libecrobot.a(udp.oram)
 *fill*         0x0020b899        0x3 00
 .bss.outCnt    0x0020b89c        0x4 ../../../nxtOSEK/ecrobot/../ecrobot/libecrobot.a(udp.oram)
 .bss.outPtr    0x0020b8a0        0x4 ../../../nxtOSEK/ecrobot/../ecrobot/libecrobot.a(udp.oram)
 .bss.newAddress
                0x0020b8a4        0x4 ../../../nxtOSEK/ecrobot/../ecrobot/libecrobot.a(udp.oram)
 .bss.currentRxBank
                0x0020b8a8        0x4 ../../../nxtOSEK/ecrobot/../ecrobot/libecrobot.a(udp.oram)
 .bss.currentFeatures
                0x0020b8ac        0x4 ../../../nxtOSEK/ecrobot/../ecrobot/libecrobot.a(udp.oram)
 .bss.currentConfig
                0x0020b8b0        0x1 ../../../nxtOSEK/ecrobot/../ecrobot/libecrobot.a(udp.oram)
 *fill*         0x0020b8b1        0x3 00
 .bss.twi_mask  0x0020b8b4        0x4 ../../../nxtOSEK/ecrobot/../ecrobot/libecrobot.a(twi.oram)
 .bss.twi_ptr   0x0020b8b8        0x4 ../../../nxtOSEK/ecrobot/../ecrobot/libecrobot.a(twi.oram)
 .bss.twi_pending
                0x0020b8bc        0x4 ../../../nxtOSEK/ecrobot/../ecrobot/libecrobot.a(twi.oram)
 .bss.twi_state
                0x0020b8c0        0x4 ../../../nxtOSEK/ecrobot/../ecrobot/libecrobot.a(twi.oram)
 .bss.page      0x0020b8c4        0x1 ../../../nxtOSEK/ecrobot/../ecrobot/libecrobot.a(nxt_spi.oram)
                0x0020b8c4                page
 .bss.dirty     0x0020b8c5        0x1 ../../../nxtOSEK/ecrobot/../ecrobot/libecrobot.a(nxt_spi.oram)
                0x0020b8c5                dirty
 *fill*         0x0020b8c6        0x2 00
 .bss.display   0x0020b8c8        0x4 ../../../nxtOSEK/ecrobot/../ecrobot/libecrobot.a(nxt_spi.oram)
                0x0020b8c8                display
 .bss.interrupts_this_period
                0x0020b8cc        0x4 ../../../nxtOSEK/ecrobot/../ecrobot/libecrobot.a(nxt_motors.oram)
 .bss.nxt_motor_initialised
                0x0020b8d0        0x4 ../../../nxtOSEK/ecrobot/../ecrobot/libecrobot.a(nxt_motors.oram)
 .bss.motor     0x0020b8d4       0x30 ../../../nxtOSEK/ecrobot/../ecrobot/libecrobot.a(nxt_motors.oram)
 .bss.display_tick
                0x0020b904        0x4 ../../../nxtOSEK/ecrobot/../ecrobot/libecrobot.a(display.oram)
                0x0020b904                display_tick
 .bss.display_array
                0x0020b908      0x388 ../../../nxtOSEK/ecrobot/../ecrobot/libecrobot.a(display.oram)
 .bss.i2c_int_count
                0x0020bc90        0x4 ../../../nxtOSEK/ecrobot/../ecrobot/libecrobot.a(i2c.oram)
 .bss.i2c_port  0x0020bc94      0x170 ../../../nxtOSEK/ecrobot/../ecrobot/libecrobot.a(i2c.oram)
 .bss.sound_mode
                0x0020be04        0x1 ../../../nxtOSEK/ecrobot/../ecrobot/libecrobot.a(sound.oram)
                0x0020be04                sound_mode
 *fill*         0x0020be05        0x3 00
 .bss.in_buf_idx
                0x0020be08        0x4 ../../../nxtOSEK/ecrobot/../ecrobot/libecrobot.a(bt.oram)
 .bss.buf_ptr   0x0020be0c        0x4 ../../../nxtOSEK/ecrobot/../ecrobot/libecrobot.a(bt.oram)
 .bss.out_buf_ptr
                0x0020be10        0x1 ../../../nxtOSEK/ecrobot/../ecrobot/libecrobot.a(bt.oram)
 .bss.in_buf_in_ptr
                0x0020be11        0x1 ../../../nxtOSEK/ecrobot/../ecrobot/libecrobot.a(bt.oram)
 .bss.in_buf    0x0020be12      0x100 ../../../nxtOSEK/ecrobot/../ecrobot/libecrobot.a(bt.oram)
 *fill*         0x0020bf12        0x2 00
 .bss.link_state
                0x0020bf14        0x4 ../../../nxtOSEK/ecrobot/../ecrobot/libecrobot.a(nxt_avr.oram)
 .bss.update_count
                0x0020bf18        0x4 ../../../nxtOSEK/ecrobot/../ecrobot/libecrobot.a(nxt_avr.oram)
 .bss.nxt_avr_stats
                0x0020bf1c       0x14 ../../../nxtOSEK/ecrobot/../ecrobot/libecrobot.a(nxt_avr.oram)
 .bss.debounce_cnt
                0x0020bf30        0x2 ../../../nxtOSEK/ecrobot/../ecrobot/libecrobot.a(nxt_avr.oram)
 .bss.debounce_state
                0x0020bf32        0x2 ../../../nxtOSEK/ecrobot/../ecrobot/libecrobot.a(nxt_avr.oram)
 .bss.button_state
                0x0020bf34        0x2 ../../../nxtOSEK/ecrobot/../ecrobot/libecrobot.a(nxt_avr.oram)
 .bss.prev_buttons
                0x0020bf36        0x2 ../../../nxtOSEK/ecrobot/../ecrobot/libecrobot.a(nxt_avr.oram)
 .bss.from_buf  0x0020bf38        0x4 ../../../nxtOSEK/ecrobot/../ecrobot/libecrobot.a(nxt_avr.oram)
 .bss.io_from_avr
                0x0020bf3c        0x4 ../../../nxtOSEK/ecrobot/../ecrobot/libecrobot.a(nxt_avr.oram)
 .bss.data_from_avr
                0x0020bf40       0x1a ../../../nxtOSEK/ecrobot/../ecrobot/libecrobot.a(nxt_avr.oram)
 .bss.data_to_avr
                0x0020bf5a        0x9 ../../../nxtOSEK/ecrobot/../ecrobot/libecrobot.a(nxt_avr.oram)
 .bss.io_to_avr
                0x0020bf63        0x8 ../../../nxtOSEK/ecrobot/../ecrobot/libecrobot.a(nxt_avr.oram)
 *fill*         0x0020bf6b        0x1 00
 .bss.display   0x0020bf6c        0x4 ../../../nxtOSEK/ecrobot/../ecrobot/libecrobot.a(nxt_lcd.oram)
 .bss           0x0020bf70       0x34 /home/ubuntu/NXT/gnuarm/lib/gcc/arm-elf/4.4.2/../../../../arm-elf/lib/thumb/interwork/libc.a(lib_a-mallocr.o)
                0x0020bf70                __malloc_top_pad
                0x0020bf74                __malloc_current_mallinfo
                0x0020bf9c                __malloc_max_sbrked_mem
                0x0020bfa0                __malloc_max_total_mem
                0x0020bfb0                . = ALIGN (0x10)
 *fill*         0x0020bfa4        0xc 00
                0x0020bfb0                __bss_end__ = .
 COMMON         0x0020bfb0        0x2 build/kernel/interrupt.o
                0x0020bfb0                runisr
                0x0020bfb1                sus_all_cnt
 *fill*         0x0020bfb2        0x2 00
 COMMON         0x0020bfb4       0x10 build/kernel/osctl.o
                0x0020bfb4                callevel
                0x0020bfb5                _errorhook_svcid
                0x0020bfb6                appmode
                0x0020bfb8                _errorhook_par1
                0x0020bfbc                _errorhook_par3
                0x0020bfc0                _errorhook_par2
 COMMON         0x0020bfc4        0x3 build/kernel/task.o
                0x0020bfc4                runtsk
                0x0020bfc5                schedtsk
                0x0020bfc6                nextpri
 *fill*         0x0020bfc7        0x1 00
 COMMON         0x0020bfc8       0x50 build/./kernel_cfg.o
                0x0020bfc8                tcb_waievt
                0x0020bfcc                rescb_prevpri
                0x0020bfd0                almcb_prev
                0x0020bfd4                tcb_lastres
                0x0020bfd8                almcb_almval
                0x0020bfdc                tcxb_pc
                0x0020bfe4                tcb_next
                0x0020bfe8                tcb_curpri
                0x0020bfec                tcb_tstat
                0x0020bff0                isrcb_lastres
                0x0020bff4                cntcb_almque
                0x0020bff8                rescb_prevres
                0x0020bffc                tcb_actcnt
                0x0020c000                tcb_curevt
                0x0020c004                almcb_cycle
                0x0020c008                tcxb_sp
                0x0020c010                almcb_next
                0x0020c014                cntcb_curval
 COMMON         0x0020c018       0x44 ../../../nxtOSEK/ecrobot/../ecrobot/libecrobot.a(uart.oram)
                0x0020c018                uart
 COMMON         0x0020c05c        0x4 ../../../nxtOSEK/ecrobot/../ecrobot/libecrobot.a(data_abort.oram)
                0x0020c05c                data_abort_pc
 COMMON         0x0020c060        0x8 ../../../nxtOSEK/ecrobot/../ecrobot/libecrobot.a(display.oram)
                0x0020c060                display_x
                0x0020c064                display_y
 COMMON         0x0020c068      0x31c ../../../nxtOSEK/ecrobot/../ecrobot/libecrobot.a(sound.oram)
                0x0020c068                sample
                0x0020b0c0                __bss_start__ = ADDR (.bss)
                0x0020c384                __bss_end__ = (ADDR (.bss) + SIZEOF (.bss))
                0x0020c384                PROVIDE (end, .)

.heap_area      0x0020c384     0x37f4
                0x0020fb78                . = (. + (0x20fb78 - end))
 *fill*         0x0020c384     0x37f4 00

.stack          0x0020fb78      0x488
                0x0020fbf8                . = (. + 0x80)
 *fill*         0x0020fb78       0x80 00
                0x0020fc00                . = ALIGN (0x10)
 *fill*         0x0020fbf8        0x8 00
                0x0020fc00                __irq_stack__ = .
                0x0020fc00                __system_stack_bottom__ = .
                0x00210000                . = (. + 0x400)
 *fill*         0x0020fc00      0x400 00
                0x00210000                . = ALIGN (0x10)
                0x00210000                __system_stack__ = .
                0x00210000                __system_stack_top__ = .
                0x0020fb78                __stack_start__ = ADDR (.stack)
                0x00210000                __stack_end__ = (ADDR (.stack) + SIZEOF (.stack))
OUTPUT(USBLoopBack_rxe.elf elf32-littlearm)

.comment        0x00000000      0x1af
 .comment       0x00000000       0x11 build/kernel/alarm.o
                                 0x12 (size before relaxing)
 .comment       0x00000000       0x12 build/kernel/event.o
 .comment       0x00000000       0x12 build/kernel/interrupt.o
 .comment       0x00000000       0x12 build/kernel/osctl.o
 .comment       0x00000000       0x12 build/kernel/resource.o
 .comment       0x00000000       0x12 build/kernel/task.o
 .comment       0x00000000       0x12 build/kernel/task_manage.o
 .comment       0x00000000       0x12 build/config/at91sam7s-gnu/cpu_config.o
 .comment       0x00000000       0x12 build/config/at91sam7s-gnu/lego_nxt/sys_config.o
 .comment       0x00000000       0x12 build/./kernel_cfg.o
 .comment       0x00000000       0x12 build/syscalls.o
 .comment       0x00000000       0x12 build/ecrobot_bluetooth.o
 .comment       0x00000000       0x12 build/ecrobot_base.o
 .comment       0x00000000       0x12 build/ecrobot.o
 .comment       0x00000000       0x12 build/USBLoopBack.o
 .comment       0x00000000       0x12 build/syslib/at91sam7s-gnu/lego_nxt/hw_sys_timer.oram
 .comment       0x00000011       0x12 ../../../nxtOSEK/ecrobot/../ecrobot/libecrobot.a(ecrobot_usb.o)
 .comment       0x00000023       0x12 ../../../nxtOSEK/ecrobot/../ecrobot/libecrobot.a(ecrobot_interface.o)
 .comment       0x00000035       0x12 ../../../nxtOSEK/ecrobot/../ecrobot/libecrobot.a(colorsensor.o)
 .comment       0x00000047       0x12 ../../../nxtOSEK/ecrobot/../ecrobot/libecrobot.a(osek_hook.o)
 .comment       0x00000059       0x12 ../../../nxtOSEK/ecrobot/../ecrobot/libecrobot.a(uart.oram)
 .comment       0x0000006b       0x12 ../../../nxtOSEK/ecrobot/../ecrobot/libecrobot.a(systick.oram)
 .comment       0x0000007d       0x12 ../../../nxtOSEK/ecrobot/../ecrobot/libecrobot.a(byte_fifo.oram)
 .comment       0x0000008f       0x12 ../../../nxtOSEK/ecrobot/../ecrobot/libecrobot.a(aic.oram)
 .comment       0x000000a1       0x12 ../../../nxtOSEK/ecrobot/../ecrobot/libecrobot.a(udp.oram)
 .comment       0x000000b3       0x12 ../../../nxtOSEK/ecrobot/../ecrobot/libecrobot.a(twi.oram)
 .comment       0x000000c5       0x12 ../../../nxtOSEK/ecrobot/../ecrobot/libecrobot.a(nxt_spi.oram)
 .comment       0x000000d7       0x12 ../../../nxtOSEK/ecrobot/../ecrobot/libecrobot.a(nxt_motors.oram)
 .comment       0x000000e9       0x12 ../../../nxtOSEK/ecrobot/../ecrobot/libecrobot.a(data_abort.oram)
 .comment       0x000000fb       0x12 ../../../nxtOSEK/ecrobot/../ecrobot/libecrobot.a(display.oram)
 .comment       0x0000010d       0x12 ../../../nxtOSEK/ecrobot/../ecrobot/libecrobot.a(i2c.oram)
 .comment       0x0000011f       0x12 ../../../nxtOSEK/ecrobot/../ecrobot/libecrobot.a(sound.oram)
 .comment       0x00000131       0x12 ../../../nxtOSEK/ecrobot/../ecrobot/libecrobot.a(bt.oram)
 .comment       0x00000143       0x12 ../../../nxtOSEK/ecrobot/../ecrobot/libecrobot.a(nxt_avr.oram)
 .comment       0x00000155       0x12 ../../../nxtOSEK/ecrobot/../ecrobot/libecrobot.a(sensors.oram)
 .comment       0x00000167       0x12 ../../../nxtOSEK/ecrobot/../ecrobot/libecrobot.a(sensors1.oram)
 .comment       0x00000179       0x12 ../../../nxtOSEK/ecrobot/../ecrobot/libecrobot.a(nxt_lcd.oram)
 .comment       0x0000018b       0x12 ../../../nxtOSEK/ecrobot/../ecrobot/libecrobot.a(flash_loader.oram)
 .comment       0x0000019d       0x12 ../../../nxtOSEK/ecrobot/../ecrobot/libecrobot.a(flashprog.oram)
 .comment       0x00000000       0x12 /home/ubuntu/NXT/gnuarm/lib/gcc/arm-elf/4.4.2/thumb/interwork/libgcc.a(_muldi3.o)
 .comment       0x00000000       0x12 /home/ubuntu/NXT/gnuarm/lib/gcc/arm-elf/4.4.2/thumb/interwork/libgcc.a(_divdi3.o)
 .comment       0x00000000       0x12 /home/ubuntu/NXT/gnuarm/lib/gcc/arm-elf/4.4.2/../../../../arm-elf/lib/thumb/interwork/libc.a(lib_a-memcpy.o)
 .comment       0x00000000       0x12 /home/ubuntu/NXT/gnuarm/lib/gcc/arm-elf/4.4.2/../../../../arm-elf/lib/thumb/interwork/libc.a(lib_a-memset.o)
 .comment       0x00000000       0x12 /home/ubuntu/NXT/gnuarm/lib/gcc/arm-elf/4.4.2/../../../../arm-elf/lib/thumb/interwork/libc.a(lib_a-sprintf.o)
 .comment       0x00000000       0x12 /home/ubuntu/NXT/gnuarm/lib/gcc/arm-elf/4.4.2/../../../../arm-elf/lib/thumb/interwork/libc.a(lib_a-strcmp.o)
 .comment       0x00000000       0x12 /home/ubuntu/NXT/gnuarm/lib/gcc/arm-elf/4.4.2/../../../../arm-elf/lib/thumb/interwork/libc.a(lib_a-strcpy.o)
 .comment       0x00000000       0x12 /home/ubuntu/NXT/gnuarm/lib/gcc/arm-elf/4.4.2/../../../../arm-elf/lib/thumb/interwork/libc.a(lib_a-strlen.o)
 .comment       0x00000000       0x12 /home/ubuntu/NXT/gnuarm/lib/gcc/arm-elf/4.4.2/../../../../arm-elf/lib/thumb/interwork/libc.a(lib_a-strncpy.o)
 .comment       0x00000000       0x12 /home/ubuntu/NXT/gnuarm/lib/gcc/arm-elf/4.4.2/../../../../arm-elf/lib/thumb/interwork/libc.a(lib_a-svfprintf.o)
 .comment       0x00000000       0x12 /home/ubuntu/NXT/gnuarm/lib/gcc/arm-elf/4.4.2/../../../../arm-elf/lib/thumb/interwork/libc.a(lib_a-dtoa.o)
 .comment       0x00000000       0x12 /home/ubuntu/NXT/gnuarm/lib/gcc/arm-elf/4.4.2/../../../../arm-elf/lib/thumb/interwork/libc.a(lib_a-impure.o)
 .comment       0x00000000       0x12 /home/ubuntu/NXT/gnuarm/lib/gcc/arm-elf/4.4.2/../../../../arm-elf/lib/thumb/interwork/libc.a(lib_a-locale.o)
 .comment       0x00000000       0x12 /home/ubuntu/NXT/gnuarm/lib/gcc/arm-elf/4.4.2/../../../../arm-elf/lib/thumb/interwork/libc.a(lib_a-mallocr.o)
 .comment       0x00000000       0x12 /home/ubuntu/NXT/gnuarm/lib/gcc/arm-elf/4.4.2/../../../../arm-elf/lib/thumb/interwork/libc.a(lib_a-memchr.o)
 .comment       0x00000000       0x12 /home/ubuntu/NXT/gnuarm/lib/gcc/arm-elf/4.4.2/../../../../arm-elf/lib/thumb/interwork/libc.a(lib_a-mlock.o)
 .comment       0x00000000       0x12 /home/ubuntu/NXT/gnuarm/lib/gcc/arm-elf/4.4.2/../../../../arm-elf/lib/thumb/interwork/libc.a(lib_a-mprec.o)
 .comment       0x00000000       0x12 /home/ubuntu/NXT/gnuarm/lib/gcc/arm-elf/4.4.2/../../../../arm-elf/lib/thumb/interwork/libc.a(lib_a-s_fpclassify.o)
 .comment       0x00000000       0x12 /home/ubuntu/NXT/gnuarm/lib/gcc/arm-elf/4.4.2/../../../../arm-elf/lib/thumb/interwork/libc.a(lib_a-svfiprintf.o)
 .comment       0x00000000       0x12 /home/ubuntu/NXT/gnuarm/lib/gcc/arm-elf/4.4.2/../../../../arm-elf/lib/thumb/interwork/libc.a(lib_a-callocr.o)
 .comment       0x00000000       0x12 /home/ubuntu/NXT/gnuarm/lib/gcc/arm-elf/4.4.2/../../../../arm-elf/lib/thumb/interwork/libc.a(lib_a-freer.o)
 .comment       0x00000000       0x12 /home/ubuntu/NXT/gnuarm/lib/gcc/arm-elf/4.4.2/../../../../arm-elf/lib/thumb/interwork/libc.a(lib_a-memmove.o)
 .comment       0x00000000       0x12 /home/ubuntu/NXT/gnuarm/lib/gcc/arm-elf/4.4.2/../../../../arm-elf/lib/thumb/interwork/libc.a(lib_a-reallocr.o)

.ARM.attributes
                0x00000000       0x10
 .ARM.attributes
                0x00000000       0x10 build/kernel/alarm.o
 .ARM.attributes
                0x00000010       0x10 build/kernel/event.o
 .ARM.attributes
                0x00000020       0x10 build/kernel/interrupt.o
 .ARM.attributes
                0x00000030       0x10 build/kernel/osctl.o
 .ARM.attributes
                0x00000040       0x10 build/kernel/resource.o
 .ARM.attributes
                0x00000050       0x10 build/kernel/task.o
 .ARM.attributes
                0x00000060       0x10 build/kernel/task_manage.o
 .ARM.attributes
                0x00000070       0x10 build/config/at91sam7s-gnu/cpu_config.o
 .ARM.attributes
                0x00000080       0x10 build/config/at91sam7s-gnu/lego_nxt/sys_config.o
 .ARM.attributes
                0x00000090       0x10 build/./kernel_cfg.o
 .ARM.attributes
                0x000000a0       0x10 build/syscalls.o
 .ARM.attributes
                0x000000b0       0x10 build/ecrobot_bluetooth.o
 .ARM.attributes
                0x000000c0       0x10 build/ecrobot_base.o
 .ARM.attributes
                0x000000d0       0x10 build/ecrobot.o
 .ARM.attributes
                0x000000e0       0x10 build/USBLoopBack.o
 .ARM.attributes
                0x000000f0       0x10 build/syslib/at91sam7s-gnu/lego_nxt/hw_sys_timer.oram
 .ARM.attributes
                0x00000100       0x10 build/nxtvm/platform/nxt/vectors.o
 .ARM.attributes
                0x00000110       0x10 build/config/at91sam7s-gnu/debug.o
 .ARM.attributes
                0x00000120       0x10 build/config/at91sam7s-gnu/lego_nxt/sys_support.o
 .ARM.attributes
                0x00000130       0x10 build/nxt_binary_header.o
 .ARM.attributes
                0x00000140       0x10 build/nxt_entry_point.o
 .ARM.attributes
                0x00000150       0x10 build/ecrobot_init.o
 .ARM.attributes
                0x00000160       0x10 build/config/at91sam7s-gnu/cpu_support.oram
 .ARM.attributes
                0x00000170       0x10 build/config/at91sam7s-gnu/irq.oram
 .ARM.attributes
                0x00000180       0x10 /home/ubuntu/NXT/gnuarm/lib/gcc/arm-elf/4.4.2/thumb/interwork/libgcc.a(_udivsi3.o)
 .ARM.attributes
                0x00000190       0x10 /home/ubuntu/NXT/gnuarm/lib/gcc/arm-elf/4.4.2/thumb/interwork/libgcc.a(_divsi3.o)
 .ARM.attributes
                0x000001a0       0x10 /home/ubuntu/NXT/gnuarm/lib/gcc/arm-elf/4.4.2/thumb/interwork/libgcc.a(_umodsi3.o)
 .ARM.attributes
                0x000001b0       0x10 /home/ubuntu/NXT/gnuarm/lib/gcc/arm-elf/4.4.2/thumb/interwork/libgcc.a(_modsi3.o)
 .ARM.attributes
                0x000001c0       0x10 /home/ubuntu/NXT/gnuarm/lib/gcc/arm-elf/4.4.2/thumb/interwork/libgcc.a(_dvmd_tls.o)
 .ARM.attributes
                0x000001d0       0x10 /home/ubuntu/NXT/gnuarm/lib/gcc/arm-elf/4.4.2/thumb/interwork/libgcc.a(_arm_addsubdf3.o)
 .ARM.attributes
                0x000001e0       0x10 /home/ubuntu/NXT/gnuarm/lib/gcc/arm-elf/4.4.2/thumb/interwork/libgcc.a(_arm_muldivdf3.o)
 .ARM.attributes
                0x000001f0       0x10 /home/ubuntu/NXT/gnuarm/lib/gcc/arm-elf/4.4.2/thumb/interwork/libgcc.a(_arm_cmpdf2.o)
 .ARM.attributes
                0x00000200       0x10 /home/ubuntu/NXT/gnuarm/lib/gcc/arm-elf/4.4.2/thumb/interwork/libgcc.a(_muldi3.o)
 .ARM.attributes
                0x00000210       0x10 /home/ubuntu/NXT/gnuarm/lib/gcc/arm-elf/4.4.2/thumb/interwork/libgcc.a(_divdi3.o)
 .ARM.attributes
                0x00000220       0x10 /home/ubuntu/NXT/gnuarm/lib/gcc/arm-elf/4.4.2/thumb/interwork/libgcc.a(_clzsi2.o)
 .ARM.attributes
                0x00000230       0x10 /home/ubuntu/NXT/gnuarm/lib/gcc/arm-elf/4.4.2/../../../../arm-elf/lib/thumb/interwork/libc.a(lib_a-memcpy.o)
 .ARM.attributes
                0x00000240       0x10 /home/ubuntu/NXT/gnuarm/lib/gcc/arm-elf/4.4.2/../../../../arm-elf/lib/thumb/interwork/libc.a(lib_a-memset.o)
 .ARM.attributes
                0x00000250       0x10 /home/ubuntu/NXT/gnuarm/lib/gcc/arm-elf/4.4.2/../../../../arm-elf/lib/thumb/interwork/libc.a(lib_a-sprintf.o)
 .ARM.attributes
                0x00000260       0x10 /home/ubuntu/NXT/gnuarm/lib/gcc/arm-elf/4.4.2/../../../../arm-elf/lib/thumb/interwork/libc.a(lib_a-strcmp.o)
 .ARM.attributes
                0x00000270       0x10 /home/ubuntu/NXT/gnuarm/lib/gcc/arm-elf/4.4.2/../../../../arm-elf/lib/thumb/interwork/libc.a(lib_a-strcpy.o)
 .ARM.attributes
                0x00000280       0x10 /home/ubuntu/NXT/gnuarm/lib/gcc/arm-elf/4.4.2/../../../../arm-elf/lib/thumb/interwork/libc.a(lib_a-strlen.o)
 .ARM.attributes
                0x00000290       0x10 /home/ubuntu/NXT/gnuarm/lib/gcc/arm-elf/4.4.2/../../../../arm-elf/lib/thumb/interwork/libc.a(lib_a-strncpy.o)
 .ARM.attributes
                0x000002a0       0x10 /home/ubuntu/NXT/gnuarm/lib/gcc/arm-elf/4.4.2/../../../../arm-elf/lib/thumb/interwork/libc.a(lib_a-svfprintf.o)
 .ARM.attributes
                0x000002b0       0x10 /home/ubuntu/NXT/gnuarm/lib/gcc/arm-elf/4.4.2/../../../../arm-elf/lib/thumb/interwork/libc.a(lib_a-dtoa.o)
 .ARM.attributes
                0x000002c0       0x10 /home/ubuntu/NXT/gnuarm/lib/gcc/arm-elf/4.4.2/../../../../arm-elf/lib/thumb/interwork/libc.a(lib_a-impure.o)
 .ARM.attributes
                0x000002d0       0x10 /home/ubuntu/NXT/gnuarm/lib/gcc/arm-elf/4.4.2/../../../../arm-elf/lib/thumb/interwork/libc.a(lib_a-locale.o)
 .ARM.attributes
                0x000002e0       0x10 /home/ubuntu/NXT/gnuarm/lib/gcc/arm-elf/4.4.2/../../../../arm-elf/lib/thumb/interwork/libc.a(lib_a-mallocr.o)
 .ARM.attributes
                0x000002f0       0x10 /home/ubuntu/NXT/gnuarm/lib/gcc/arm-elf/4.4.2/../../../../arm-elf/lib/thumb/interwork/libc.a(lib_a-memchr.o)
 .ARM.attributes
                0x00000300       0x10 /home/ubuntu/NXT/gnuarm/lib/gcc/arm-elf/4.4.2/../../../../arm-elf/lib/thumb/interwork/libc.a(lib_a-mlock.o)
 .ARM.attributes
                0x00000310       0x10 /home/ubuntu/NXT/gnuarm/lib/gcc/arm-elf/4.4.2/../../../../arm-elf/lib/thumb/interwork/libc.a(lib_a-mprec.o)
 .ARM.attributes
                0x00000320       0x10 /home/ubuntu/NXT/gnuarm/lib/gcc/arm-elf/4.4.2/../../../../arm-elf/lib/thumb/interwork/libc.a(lib_a-s_fpclassify.o)
 .ARM.attributes
                0x00000330       0x10 /home/ubuntu/NXT/gnuarm/lib/gcc/arm-elf/4.4.2/../../../../arm-elf/lib/thumb/interwork/libc.a(lib_a-svfiprintf.o)
 .ARM.attributes
                0x00000340       0x10 /home/ubuntu/NXT/gnuarm/lib/gcc/arm-elf/4.4.2/../../../../arm-elf/lib/thumb/interwork/libc.a(lib_a-callocr.o)
 .ARM.attributes
                0x00000350       0x10 /home/ubuntu/NXT/gnuarm/lib/gcc/arm-elf/4.4.2/../../../../arm-elf/lib/thumb/interwork/libc.a(lib_a-freer.o)
 .ARM.attributes
                0x00000360       0x10 /home/ubuntu/NXT/gnuarm/lib/gcc/arm-elf/4.4.2/../../../../arm-elf/lib/thumb/interwork/libc.a(lib_a-memmove.o)
 .ARM.attributes
                0x00000370       0x10 /home/ubuntu/NXT/gnuarm/lib/gcc/arm-elf/4.4.2/../../../../arm-elf/lib/thumb/interwork/libc.a(lib_a-reallocr.o)
 .ARM.attributes
                0x00000380       0x10 /home/ubuntu/NXT/gnuarm/lib/gcc/arm-elf/4.4.2/thumb/interwork/libgcc.a(_arm_fixdfsi.o)
 .ARM.attributes
                0x00000390       0x10 build/nxtvm/platform/nxt/vectors.o

.debug_frame    0x00000000       0xa0
 .debug_frame   0x00000000       0x28 /home/ubuntu/NXT/gnuarm/lib/gcc/arm-elf/4.4.2/thumb/interwork/libgcc.a(_udivsi3.o)
 .debug_frame   0x00000028       0x28 /home/ubuntu/NXT/gnuarm/lib/gcc/arm-elf/4.4.2/thumb/interwork/libgcc.a(_divsi3.o)
 .debug_frame   0x00000050       0x28 /home/ubuntu/NXT/gnuarm/lib/gcc/arm-elf/4.4.2/thumb/interwork/libgcc.a(_umodsi3.o)
 .debug_frame   0x00000078       0x28 /home/ubuntu/NXT/gnuarm/lib/gcc/arm-elf/4.4.2/thumb/interwork/libgcc.a(_modsi3.o)

.debug_line     0x00000000     0x2fb1
 .debug_line    0x00000000       0x8c /home/ubuntu/NXT/gnuarm/lib/gcc/arm-elf/4.4.2/thumb/interwork/libgcc.a(_udivsi3.o)
 .debug_line    0x0000008c       0x98 /home/ubuntu/NXT/gnuarm/lib/gcc/arm-elf/4.4.2/thumb/interwork/libgcc.a(_divsi3.o)
 .debug_line    0x00000124       0x84 /home/ubuntu/NXT/gnuarm/lib/gcc/arm-elf/4.4.2/thumb/interwork/libgcc.a(_umodsi3.o)
 .debug_line    0x000001a8       0x8d /home/ubuntu/NXT/gnuarm/lib/gcc/arm-elf/4.4.2/thumb/interwork/libgcc.a(_modsi3.o)
 .debug_line    0x00000235       0x76 /home/ubuntu/NXT/gnuarm/lib/gcc/arm-elf/4.4.2/thumb/interwork/libgcc.a(_dvmd_tls.o)
 .debug_line    0x000002ab      0x17e /home/ubuntu/NXT/gnuarm/lib/gcc/arm-elf/4.4.2/thumb/interwork/libgcc.a(_arm_addsubdf3.o)
 .debug_line    0x00000429      0x193 /home/ubuntu/NXT/gnuarm/lib/gcc/arm-elf/4.4.2/thumb/interwork/libgcc.a(_arm_muldivdf3.o)
 .debug_line    0x000005bc       0xc0 /home/ubuntu/NXT/gnuarm/lib/gcc/arm-elf/4.4.2/thumb/interwork/libgcc.a(_arm_cmpdf2.o)
 .debug_line    0x0000067c       0x81 /home/ubuntu/NXT/gnuarm/lib/gcc/arm-elf/4.4.2/thumb/interwork/libgcc.a(_muldi3.o)
 .debug_line    0x000006fd       0xe2 /home/ubuntu/NXT/gnuarm/lib/gcc/arm-elf/4.4.2/thumb/interwork/libgcc.a(_divdi3.o)
 .debug_line    0x000007df       0x83 /home/ubuntu/NXT/gnuarm/lib/gcc/arm-elf/4.4.2/thumb/interwork/libgcc.a(_clzsi2.o)
 .debug_line    0x00000862      0x13b /home/ubuntu/NXT/gnuarm/lib/gcc/arm-elf/4.4.2/../../../../arm-elf/lib/thumb/interwork/libc.a(lib_a-memcpy.o)
 .debug_line    0x0000099d      0x136 /home/ubuntu/NXT/gnuarm/lib/gcc/arm-elf/4.4.2/../../../../arm-elf/lib/thumb/interwork/libc.a(lib_a-memset.o)
 .debug_line    0x00000ad3      0x18c /home/ubuntu/NXT/gnuarm/lib/gcc/arm-elf/4.4.2/../../../../arm-elf/lib/thumb/interwork/libc.a(lib_a-sprintf.o)
 .debug_line    0x00000c5f       0xb7 /home/ubuntu/NXT/gnuarm/lib/gcc/arm-elf/4.4.2/../../../../arm-elf/lib/thumb/interwork/libc.a(lib_a-strcmp.o)
 .debug_line    0x00000d16       0xb7 /home/ubuntu/NXT/gnuarm/lib/gcc/arm-elf/4.4.2/../../../../arm-elf/lib/thumb/interwork/libc.a(lib_a-strcpy.o)
 .debug_line    0x00000dcd       0xfc /home/ubuntu/NXT/gnuarm/lib/gcc/arm-elf/4.4.2/../../../../arm-elf/lib/thumb/interwork/libc.a(lib_a-strlen.o)
 .debug_line    0x00000ec9      0x110 /home/ubuntu/NXT/gnuarm/lib/gcc/arm-elf/4.4.2/../../../../arm-elf/lib/thumb/interwork/libc.a(lib_a-strncpy.o)
 .debug_line    0x00000fd9      0x4f7 /home/ubuntu/NXT/gnuarm/lib/gcc/arm-elf/4.4.2/../../../../arm-elf/lib/thumb/interwork/libc.a(lib_a-svfprintf.o)
 .debug_line    0x000014d0      0x4b9 /home/ubuntu/NXT/gnuarm/lib/gcc/arm-elf/4.4.2/../../../../arm-elf/lib/thumb/interwork/libc.a(lib_a-dtoa.o)
 .debug_line    0x00001989       0xfc /home/ubuntu/NXT/gnuarm/lib/gcc/arm-elf/4.4.2/../../../../arm-elf/lib/thumb/interwork/libc.a(lib_a-impure.o)
 .debug_line    0x00001a85      0x183 /home/ubuntu/NXT/gnuarm/lib/gcc/arm-elf/4.4.2/../../../../arm-elf/lib/thumb/interwork/libc.a(lib_a-locale.o)
 .debug_line    0x00001c08      0x26d /home/ubuntu/NXT/gnuarm/lib/gcc/arm-elf/4.4.2/../../../../arm-elf/lib/thumb/interwork/libc.a(lib_a-mallocr.o)
 .debug_line    0x00001e75      0x11a /home/ubuntu/NXT/gnuarm/lib/gcc/arm-elf/4.4.2/../../../../arm-elf/lib/thumb/interwork/libc.a(lib_a-memchr.o)
 .debug_line    0x00001f8f      0x10e /home/ubuntu/NXT/gnuarm/lib/gcc/arm-elf/4.4.2/../../../../arm-elf/lib/thumb/interwork/libc.a(lib_a-mlock.o)
 .debug_line    0x0000209d      0x441 /home/ubuntu/NXT/gnuarm/lib/gcc/arm-elf/4.4.2/../../../../arm-elf/lib/thumb/interwork/libc.a(lib_a-mprec.o)
 .debug_line    0x000024de      0x122 /home/ubuntu/NXT/gnuarm/lib/gcc/arm-elf/4.4.2/../../../../arm-elf/lib/thumb/interwork/libc.a(lib_a-s_fpclassify.o)
 .debug_line    0x00002600      0x398 /home/ubuntu/NXT/gnuarm/lib/gcc/arm-elf/4.4.2/../../../../arm-elf/lib/thumb/interwork/libc.a(lib_a-svfiprintf.o)
 .debug_line    0x00002998      0x118 /home/ubuntu/NXT/gnuarm/lib/gcc/arm-elf/4.4.2/../../../../arm-elf/lib/thumb/interwork/libc.a(lib_a-callocr.o)
 .debug_line    0x00002ab0      0x181 /home/ubuntu/NXT/gnuarm/lib/gcc/arm-elf/4.4.2/../../../../arm-elf/lib/thumb/interwork/libc.a(lib_a-freer.o)
 .debug_line    0x00002c31      0x149 /home/ubuntu/NXT/gnuarm/lib/gcc/arm-elf/4.4.2/../../../../arm-elf/lib/thumb/interwork/libc.a(lib_a-memmove.o)
 .debug_line    0x00002d7a      0x1ac /home/ubuntu/NXT/gnuarm/lib/gcc/arm-elf/4.4.2/../../../../arm-elf/lib/thumb/interwork/libc.a(lib_a-reallocr.o)
 .debug_line    0x00002f26       0x8b /home/ubuntu/NXT/gnuarm/lib/gcc/arm-elf/4.4.2/thumb/interwork/libgcc.a(_arm_fixdfsi.o)

.debug_info     0x00000000     0xb06a
 .debug_info    0x00000000       0xae /home/ubuntu/NXT/gnuarm/lib/gcc/arm-elf/4.4.2/thumb/interwork/libgcc.a(_udivsi3.o)
 .debug_info    0x000000ae       0xae /home/ubuntu/NXT/gnuarm/lib/gcc/arm-elf/4.4.2/thumb/interwork/libgcc.a(_divsi3.o)
 .debug_info    0x0000015c       0xae /home/ubuntu/NXT/gnuarm/lib/gcc/arm-elf/4.4.2/thumb/interwork/libgcc.a(_umodsi3.o)
 .debug_info    0x0000020a       0xae /home/ubuntu/NXT/gnuarm/lib/gcc/arm-elf/4.4.2/thumb/interwork/libgcc.a(_modsi3.o)
 .debug_info    0x000002b8       0xae /home/ubuntu/NXT/gnuarm/lib/gcc/arm-elf/4.4.2/thumb/interwork/libgcc.a(_dvmd_tls.o)
 .debug_info    0x00000366       0xad /home/ubuntu/NXT/gnuarm/lib/gcc/arm-elf/4.4.2/thumb/interwork/libgcc.a(_arm_addsubdf3.o)
 .debug_info    0x00000413       0xad /home/ubuntu/NXT/gnuarm/lib/gcc/arm-elf/4.4.2/thumb/interwork/libgcc.a(_arm_muldivdf3.o)
 .debug_info    0x000004c0       0xad /home/ubuntu/NXT/gnuarm/lib/gcc/arm-elf/4.4.2/thumb/interwork/libgcc.a(_arm_cmpdf2.o)
 .debug_info    0x0000056d      0x20e /home/ubuntu/NXT/gnuarm/lib/gcc/arm-elf/4.4.2/thumb/interwork/libgcc.a(_muldi3.o)
 .debug_info    0x0000077b      0x669 /home/ubuntu/NXT/gnuarm/lib/gcc/arm-elf/4.4.2/thumb/interwork/libgcc.a(_divdi3.o)
 .debug_info    0x00000de4       0xae /home/ubuntu/NXT/gnuarm/lib/gcc/arm-elf/4.4.2/thumb/interwork/libgcc.a(_clzsi2.o)
 .debug_info    0x00000e92      0x13e /home/ubuntu/NXT/gnuarm/lib/gcc/arm-elf/4.4.2/../../../../arm-elf/lib/thumb/interwork/libc.a(lib_a-memcpy.o)
 .debug_info    0x00000fd0      0x111 /home/ubuntu/NXT/gnuarm/lib/gcc/arm-elf/4.4.2/../../../../arm-elf/lib/thumb/interwork/libc.a(lib_a-memset.o)
 .debug_info    0x000010e1      0xa3f /home/ubuntu/NXT/gnuarm/lib/gcc/arm-elf/4.4.2/../../../../arm-elf/lib/thumb/interwork/libc.a(lib_a-sprintf.o)
 .debug_info    0x00001b20       0xaf /home/ubuntu/NXT/gnuarm/lib/gcc/arm-elf/4.4.2/../../../../arm-elf/lib/thumb/interwork/libc.a(lib_a-strcmp.o)
 .debug_info    0x00001bcf       0xb7 /home/ubuntu/NXT/gnuarm/lib/gcc/arm-elf/4.4.2/../../../../arm-elf/lib/thumb/interwork/libc.a(lib_a-strcpy.o)
 .debug_info    0x00001c86       0xcb /home/ubuntu/NXT/gnuarm/lib/gcc/arm-elf/4.4.2/../../../../arm-elf/lib/thumb/interwork/libc.a(lib_a-strlen.o)
 .debug_info    0x00001d51      0x124 /home/ubuntu/NXT/gnuarm/lib/gcc/arm-elf/4.4.2/../../../../arm-elf/lib/thumb/interwork/libc.a(lib_a-strncpy.o)
 .debug_info    0x00001e75      0xf4d /home/ubuntu/NXT/gnuarm/lib/gcc/arm-elf/4.4.2/../../../../arm-elf/lib/thumb/interwork/libc.a(lib_a-svfprintf.o)
 .debug_info    0x00002dc2      0xd8f /home/ubuntu/NXT/gnuarm/lib/gcc/arm-elf/4.4.2/../../../../arm-elf/lib/thumb/interwork/libc.a(lib_a-dtoa.o)
 .debug_info    0x00003b51      0x963 /home/ubuntu/NXT/gnuarm/lib/gcc/arm-elf/4.4.2/../../../../arm-elf/lib/thumb/interwork/libc.a(lib_a-impure.o)
 .debug_info    0x000044b4      0xc5f /home/ubuntu/NXT/gnuarm/lib/gcc/arm-elf/4.4.2/../../../../arm-elf/lib/thumb/interwork/libc.a(lib_a-locale.o)
 .debug_info    0x00005113      0xcf7 /home/ubuntu/NXT/gnuarm/lib/gcc/arm-elf/4.4.2/../../../../arm-elf/lib/thumb/interwork/libc.a(lib_a-mallocr.o)
 .debug_info    0x00005e0a      0x121 /home/ubuntu/NXT/gnuarm/lib/gcc/arm-elf/4.4.2/../../../../arm-elf/lib/thumb/interwork/libc.a(lib_a-memchr.o)
 .debug_info    0x00005f2b      0x97b /home/ubuntu/NXT/gnuarm/lib/gcc/arm-elf/4.4.2/../../../../arm-elf/lib/thumb/interwork/libc.a(lib_a-mlock.o)
 .debug_info    0x000068a6     0x153f /home/ubuntu/NXT/gnuarm/lib/gcc/arm-elf/4.4.2/../../../../arm-elf/lib/thumb/interwork/libc.a(lib_a-mprec.o)
 .debug_info    0x00007de5      0x146 /home/ubuntu/NXT/gnuarm/lib/gcc/arm-elf/4.4.2/../../../../arm-elf/lib/thumb/interwork/libc.a(lib_a-s_fpclassify.o)
 .debug_info    0x00007f2b      0xd4d /home/ubuntu/NXT/gnuarm/lib/gcc/arm-elf/4.4.2/../../../../arm-elf/lib/thumb/interwork/libc.a(lib_a-svfiprintf.o)
 .debug_info    0x00008c78      0xa3f /home/ubuntu/NXT/gnuarm/lib/gcc/arm-elf/4.4.2/../../../../arm-elf/lib/thumb/interwork/libc.a(lib_a-callocr.o)
 .debug_info    0x000096b7      0xbed /home/ubuntu/NXT/gnuarm/lib/gcc/arm-elf/4.4.2/../../../../arm-elf/lib/thumb/interwork/libc.a(lib_a-freer.o)
 .debug_info    0x0000a2a4      0x13e /home/ubuntu/NXT/gnuarm/lib/gcc/arm-elf/4.4.2/../../../../arm-elf/lib/thumb/interwork/libc.a(lib_a-memmove.o)
 .debug_info    0x0000a3e2      0xbdb /home/ubuntu/NXT/gnuarm/lib/gcc/arm-elf/4.4.2/../../../../arm-elf/lib/thumb/interwork/libc.a(lib_a-reallocr.o)
 .debug_info    0x0000afbd       0xad /home/ubuntu/NXT/gnuarm/lib/gcc/arm-elf/4.4.2/thumb/interwork/libgcc.a(_arm_fixdfsi.o)

.debug_abbrev   0x00000000     0x21dd
 .debug_abbrev  0x00000000       0x14 /home/ubuntu/NXT/gnuarm/lib/gcc/arm-elf/4.4.2/thumb/interwork/libgcc.a(_udivsi3.o)
 .debug_abbrev  0x00000014       0x14 /home/ubuntu/NXT/gnuarm/lib/gcc/arm-elf/4.4.2/thumb/interwork/libgcc.a(_divsi3.o)
 .debug_abbrev  0x00000028       0x14 /home/ubuntu/NXT/gnuarm/lib/gcc/arm-elf/4.4.2/thumb/interwork/libgcc.a(_umodsi3.o)
 .debug_abbrev  0x0000003c       0x14 /home/ubuntu/NXT/gnuarm/lib/gcc/arm-elf/4.4.2/thumb/interwork/libgcc.a(_modsi3.o)
 .debug_abbrev  0x00000050       0x14 /home/ubuntu/NXT/gnuarm/lib/gcc/arm-elf/4.4.2/thumb/interwork/libgcc.a(_dvmd_tls.o)
 .debug_abbrev  0x00000064       0x14 /home/ubuntu/NXT/gnuarm/lib/gcc/arm-elf/4.4.2/thumb/interwork/libgcc.a(_arm_addsubdf3.o)
 .debug_abbrev  0x00000078       0x14 /home/ubuntu/NXT/gnuarm/lib/gcc/arm-elf/4.4.2/thumb/interwork/libgcc.a(_arm_muldivdf3.o)
 .debug_abbrev  0x0000008c       0x14 /home/ubuntu/NXT/gnuarm/lib/gcc/arm-elf/4.4.2/thumb/interwork/libgcc.a(_arm_cmpdf2.o)
 .debug_abbrev  0x000000a0       0xf5 /home/ubuntu/NXT/gnuarm/lib/gcc/arm-elf/4.4.2/thumb/interwork/libgcc.a(_muldi3.o)
 .debug_abbrev  0x00000195      0x169 /home/ubuntu/NXT/gnuarm/lib/gcc/arm-elf/4.4.2/thumb/interwork/libgcc.a(_divdi3.o)
 .debug_abbrev  0x000002fe       0x14 /home/ubuntu/NXT/gnuarm/lib/gcc/arm-elf/4.4.2/thumb/interwork/libgcc.a(_clzsi2.o)
 .debug_abbrev  0x00000312       0xa0 /home/ubuntu/NXT/gnuarm/lib/gcc/arm-elf/4.4.2/../../../../arm-elf/lib/thumb/interwork/libc.a(lib_a-memcpy.o)
 .debug_abbrev  0x000003b2       0xa1 /home/ubuntu/NXT/gnuarm/lib/gcc/arm-elf/4.4.2/../../../../arm-elf/lib/thumb/interwork/libc.a(lib_a-memset.o)
 .debug_abbrev  0x00000453      0x1bc /home/ubuntu/NXT/gnuarm/lib/gcc/arm-elf/4.4.2/../../../../arm-elf/lib/thumb/interwork/libc.a(lib_a-sprintf.o)
 .debug_abbrev  0x0000060f       0x76 /home/ubuntu/NXT/gnuarm/lib/gcc/arm-elf/4.4.2/../../../../arm-elf/lib/thumb/interwork/libc.a(lib_a-strcmp.o)
 .debug_abbrev  0x00000685       0x76 /home/ubuntu/NXT/gnuarm/lib/gcc/arm-elf/4.4.2/../../../../arm-elf/lib/thumb/interwork/libc.a(lib_a-strcpy.o)
 .debug_abbrev  0x000006fb       0x92 /home/ubuntu/NXT/gnuarm/lib/gcc/arm-elf/4.4.2/../../../../arm-elf/lib/thumb/interwork/libc.a(lib_a-strlen.o)
 .debug_abbrev  0x0000078d       0xa3 /home/ubuntu/NXT/gnuarm/lib/gcc/arm-elf/4.4.2/../../../../arm-elf/lib/thumb/interwork/libc.a(lib_a-strncpy.o)
 .debug_abbrev  0x00000830      0x2d6 /home/ubuntu/NXT/gnuarm/lib/gcc/arm-elf/4.4.2/../../../../arm-elf/lib/thumb/interwork/libc.a(lib_a-svfprintf.o)
 .debug_abbrev  0x00000b06      0x239 /home/ubuntu/NXT/gnuarm/lib/gcc/arm-elf/4.4.2/../../../../arm-elf/lib/thumb/interwork/libc.a(lib_a-dtoa.o)
 .debug_abbrev  0x00000d3f      0x15e /home/ubuntu/NXT/gnuarm/lib/gcc/arm-elf/4.4.2/../../../../arm-elf/lib/thumb/interwork/libc.a(lib_a-impure.o)
 .debug_abbrev  0x00000e9d      0x235 /home/ubuntu/NXT/gnuarm/lib/gcc/arm-elf/4.4.2/../../../../arm-elf/lib/thumb/interwork/libc.a(lib_a-locale.o)
 .debug_abbrev  0x000010d2      0x228 /home/ubuntu/NXT/gnuarm/lib/gcc/arm-elf/4.4.2/../../../../arm-elf/lib/thumb/interwork/libc.a(lib_a-mallocr.o)
 .debug_abbrev  0x000012fa       0xcb /home/ubuntu/NXT/gnuarm/lib/gcc/arm-elf/4.4.2/../../../../arm-elf/lib/thumb/interwork/libc.a(lib_a-memchr.o)
 .debug_abbrev  0x000013c5      0x171 /home/ubuntu/NXT/gnuarm/lib/gcc/arm-elf/4.4.2/../../../../arm-elf/lib/thumb/interwork/libc.a(lib_a-mlock.o)
 .debug_abbrev  0x00001536      0x32f /home/ubuntu/NXT/gnuarm/lib/gcc/arm-elf/4.4.2/../../../../arm-elf/lib/thumb/interwork/libc.a(lib_a-mprec.o)
 .debug_abbrev  0x00001865       0xce /home/ubuntu/NXT/gnuarm/lib/gcc/arm-elf/4.4.2/../../../../arm-elf/lib/thumb/interwork/libc.a(lib_a-s_fpclassify.o)
 .debug_abbrev  0x00001933      0x26a /home/ubuntu/NXT/gnuarm/lib/gcc/arm-elf/4.4.2/../../../../arm-elf/lib/thumb/interwork/libc.a(lib_a-svfiprintf.o)
 .debug_abbrev  0x00001b9d      0x1bf /home/ubuntu/NXT/gnuarm/lib/gcc/arm-elf/4.4.2/../../../../arm-elf/lib/thumb/interwork/libc.a(lib_a-callocr.o)
 .debug_abbrev  0x00001d5c      0x1e0 /home/ubuntu/NXT/gnuarm/lib/gcc/arm-elf/4.4.2/../../../../arm-elf/lib/thumb/interwork/libc.a(lib_a-freer.o)
 .debug_abbrev  0x00001f3c       0xa0 /home/ubuntu/NXT/gnuarm/lib/gcc/arm-elf/4.4.2/../../../../arm-elf/lib/thumb/interwork/libc.a(lib_a-memmove.o)
 .debug_abbrev  0x00001fdc      0x1ed /home/ubuntu/NXT/gnuarm/lib/gcc/arm-elf/4.4.2/../../../../arm-elf/lib/thumb/interwork/libc.a(lib_a-reallocr.o)
 .debug_abbrev  0x000021c9       0x14 /home/ubuntu/NXT/gnuarm/lib/gcc/arm-elf/4.4.2/thumb/interwork/libgcc.a(_arm_fixdfsi.o)

.debug_aranges  0x00000000      0x400
 .debug_aranges
                0x00000000       0x20 /home/ubuntu/NXT/gnuarm/lib/gcc/arm-elf/4.4.2/thumb/interwork/libgcc.a(_udivsi3.o)
 .debug_aranges
                0x00000020       0x20 /home/ubuntu/NXT/gnuarm/lib/gcc/arm-elf/4.4.2/thumb/interwork/libgcc.a(_divsi3.o)
 .debug_aranges
                0x00000040       0x20 /home/ubuntu/NXT/gnuarm/lib/gcc/arm-elf/4.4.2/thumb/interwork/libgcc.a(_umodsi3.o)