Archive member included because of file (symbol)

../../../nxtOSEK/ecrobot/../ecrobot/libecrobot++.a(Lcd.o)
                              build/usb_client.o (_ZN7ecrobot3LcdC1Ev)
../../../nxtOSEK/ecrobot/../ecrobot/libecrobot++.a(Motor.o)
                              build/usb_client.o (_ZN7ecrobot5MotorC1E6ePortMb)
../../../nxtOSEK/ecrobot/../ecrobot/libecrobot++.a(Usb.o)
                              build/usb_client.o (_ZN7ecrobot3UsbC1Ev)
../../../nxtOSEK/ecrobot/../ecrobot/libecrobot.a(ecrobot_usb.o)
                              ../../../nxtOSEK/ecrobot/../ecrobot/libecrobot++.a(Usb.o) (ecrobot_init_usb)
../../../nxtOSEK/ecrobot/../ecrobot/libecrobot.a(ecrobot_device_hook.o)
                              build/ecrobot.o (ecrobot_device_initialize)
../../../nxtOSEK/ecrobot/../ecrobot/libecrobot.a(ecrobot_interface.o)
                              build/ecrobot_base.o (ecrobot_get_battery_voltage)
../../../nxtOSEK/ecrobot/../ecrobot/libecrobot.a(colorsensor.o)
                              ../../../nxtOSEK/ecrobot/../ecrobot/libecrobot.a(ecrobot_interface.o) (colorsensor_init)
../../../nxtOSEK/ecrobot/../ecrobot/libecrobot.a(osek_hook.o)
                              build/kernel/osctl.o (StartupHook)
../../../nxtOSEK/ecrobot/../ecrobot/libecrobot.a(uart.oram)
                              build/config/at91sam7s-gnu/irq.oram (uart_isr_C_0)
../../../nxtOSEK/ecrobot/../ecrobot/libecrobot.a(systick.oram)
                              build/syslib/at91sam7s-gnu/lego_nxt/hw_sys_timer.oram (systick_low_priority_C)
../../../nxtOSEK/ecrobot/../ecrobot/libecrobot.a(byte_fifo.oram)
                              ../../../nxtOSEK/ecrobot/../ecrobot/libecrobot.a(uart.oram) (byte_fifo_put)
../../../nxtOSEK/ecrobot/../ecrobot/libecrobot.a(aic.oram)
                              ../../../nxtOSEK/ecrobot/../ecrobot/libecrobot.a(uart.oram) (aic_set_vector)
../../../nxtOSEK/ecrobot/../ecrobot/libecrobot.a(udp.oram)
                              ../../../nxtOSEK/ecrobot/../ecrobot/libecrobot.a(ecrobot_usb.o) (udp_read)
../../../nxtOSEK/ecrobot/../ecrobot/libecrobot.a(twi.oram)
                              build/config/at91sam7s-gnu/irq.oram (twi_isr_C)
../../../nxtOSEK/ecrobot/../ecrobot/libecrobot.a(nxt_spi.oram)
                              build/config/at91sam7s-gnu/irq.oram (spi_isr_C)
../../../nxtOSEK/ecrobot/../ecrobot/libecrobot.a(nxt_motors.oram)
                              build/usb_client.o (nxt_motor_get_count)
../../../nxtOSEK/ecrobot/../ecrobot/libecrobot.a(data_abort.oram)
                              build/ecrobot_init.o (data_abort_C)
../../../nxtOSEK/ecrobot/../ecrobot/libecrobot.a(display.oram)
                              build/rtoscalls.o (display_update)
../../../nxtOSEK/ecrobot/../ecrobot/libecrobot.a(i2c.oram)
                              build/config/at91sam7s-gnu/irq.oram (i2c_timer_isr_C)
../../../nxtOSEK/ecrobot/../ecrobot/libecrobot.a(sound.oram)
                              ../../../nxtOSEK/ecrobot/../ecrobot/libecrobot.a(ecrobot_interface.o) (sound_get_time)
../../../nxtOSEK/ecrobot/../ecrobot/libecrobot.a(bt.oram)
                              build/ecrobot_bluetooth.o (bt_send)
../../../nxtOSEK/ecrobot/../ecrobot/libecrobot.a(nxt_avr.oram)
                              build/ecrobot_base.o (nxt_avr_power_down)
../../../nxtOSEK/ecrobot/../ecrobot/libecrobot.a(sensors.oram)
                              ../../../nxtOSEK/ecrobot/../ecrobot/libecrobot.a(ecrobot_interface.o) (unset_digi0)
../../../nxtOSEK/ecrobot/../ecrobot/libecrobot.a(sensors1.oram)
                              ../../../nxtOSEK/ecrobot/../ecrobot/libecrobot.a(colorsensor.o) (sensor_pins)
../../../nxtOSEK/ecrobot/../ecrobot/libecrobot.a(nxt_lcd.oram)
                              ../../../nxtOSEK/ecrobot/../ecrobot/libecrobot.a(display.oram) (nxt_lcd_force_update)
../../../nxtOSEK/ecrobot/../ecrobot/libecrobot.a(flash_loader.oram)
                              build/ecrobot_base.o (set_flash_request)
../../../nxtOSEK/ecrobot/../ecrobot/libecrobot.a(interrupts.oram)
                              ../../../nxtOSEK/ecrobot/../ecrobot/libecrobot.a(uart.oram) (interrupts_get_and_disable)
../../../nxtOSEK/ecrobot/../ecrobot/libecrobot.a(nxtosek_splash.obmp)
                              build/ecrobot_base.o (nxtosek_splash_bmp_start)
../../../nxtOSEK/ecrobot/../ecrobot/libecrobot.a(flashprog.oram)
                              ../../../nxtOSEK/ecrobot/../ecrobot/libecrobot.a(flash_loader.oram) (flash_write_page)
/home/ubuntu/NXT/gnuarm/lib/gcc/arm-elf/4.4.2/thumb/interwork/libgcc.a(_udivsi3.o)
                              build/ecrobot_base.o (__udivsi3)
/home/ubuntu/NXT/gnuarm/lib/gcc/arm-elf/4.4.2/thumb/interwork/libgcc.a(_divsi3.o)
                              ../../../nxtOSEK/ecrobot/../ecrobot/libecrobot.a(uart.oram) (__divsi3)
/home/ubuntu/NXT/gnuarm/lib/gcc/arm-elf/4.4.2/thumb/interwork/libgcc.a(_umodsi3.o)
                              ../../../nxtOSEK/ecrobot/../ecrobot/libecrobot.a(display.oram) (__umodsi3)
[...]
Memory Configuration

Name             Origin             Length             Attributes
vector_ram       0x00200000         0x00000040
ram              0x00200040         0x0000ffc0
*default*        0x00000000         0xffffffff

Linker script and memory map

LOAD build/kernel/alarm.o
LOAD build/kernel/event.o
LOAD build/kernel/interrupt.o
LOAD build/kernel/osctl.o
LOAD build/kernel/resource.o
LOAD build/kernel/task.o
LOAD build/kernel/task_manage.o
LOAD build/config/at91sam7s-gnu/cpu_config.o
LOAD build/config/at91sam7s-gnu/lego_nxt/sys_config.o
LOAD build/./kernel_cfg.o
LOAD build/rtoscalls.o
LOAD build/syscalls.o
LOAD build/ecrobot_bluetooth.o
LOAD build/ecrobot_base.o
LOAD build/ecrobot.o
LOAD build/syslib/at91sam7s-gnu/lego_nxt/hw_sys_timer.oram
LOAD build/usb_client.o
LOAD build/nxtvm/platform/nxt/vectors.o
LOAD build/config/at91sam7s-gnu/debug.o
LOAD build/config/at91sam7s-gnu/lego_nxt/sys_support.o
LOAD build/nxt_binary_header.o
LOAD build/nxt_entry_point.o
LOAD build/ecrobot_init.o
LOAD build/config/at91sam7s-gnu/cpu_support.oram
LOAD build/config/at91sam7s-gnu/irq.oram
LOAD ../../../nxtOSEK/ecrobot/../ecrobot/libecrobot++.a
LOAD ../../../nxtOSEK/ecrobot/../ecrobot/libecrobot.a
LOAD /home/ubuntu/NXT/gnuarm/lib/gcc/arm-elf/4.4.2/../../../../arm-elf/lib/thumb/interwork/libstdc++.a
LOAD /home/ubuntu/NXT/gnuarm/lib/gcc/arm-elf/4.4.2/../../../../arm-elf/lib/thumb/interwork/libm.a
START GROUP
LOAD /home/ubuntu/NXT/gnuarm/lib/gcc/arm-elf/4.4.2/thumb/interwork/libgcc.a
LOAD /home/ubuntu/NXT/gnuarm/lib/gcc/arm-elf/4.4.2/../../../../arm-elf/lib/thumb/interwork/libc.a
END GROUP
                0x00200000                RAM_BASE = 0x200000
                0x00010000                RAM_SIZE = 0x10000

.samba_reserved
                0x00200040     0x1fc0
                0x00202000                . = 0x1fc0
 *fill*         0x00200040     0x1fc0 00
                0x00200040                __samba_ram_start__ = ADDR (.samba_reserved)
                0x00202000                __samba_ram_end__ = (__samba_ram_start__ + SIZEOF (.samba_reserved))

.vectors        0x00200000       0x40 load address 0x00202000
 vectors.o(*.text *.text.*)
 .text          0x00200000       0x38 build/nxtvm/platform/nxt/vectors.o
                0x00200040                . = ALIGN (0x10)
 *fill*         0x00200038        0x8 00
                0x00200000                __vectors_ram_start__ = ADDR (.vectors)
                0x00200040                __vectors_ram_end__ = (ADDR (.vectors) + SIZEOF (.vectors))
                0x00202000                __vectors_load_start__ = LOADADDR (.vectors)
                0x00202040                __vectors_load_end__ = (LOADADDR (.vectors) + SIZEOF (.vectors))

.init           0x00202040      0x280
 *ecrobot_init.o(*.text *.text.*)
 .text          0x00202040      0x280 build/ecrobot_init.o
                0x00202040                start
                0x002021ac                undef_handler
                0x002021b0                swi_handler
                0x002021b4                prefetch_abort_handler
                0x002021b8                data_abort_handler
                0x002021d4                reserved_handler
                0x002022c0                . = ALIGN (0x10)

.ram_text       0x002022c0     0x3340
                0x002022c0                . = ALIGN (0x10)
 *.oram(*.text *.text.* *.glue*)
 .text.systick_isr_C1
                0x002022c0       0x28 build/syslib/at91sam7s-gnu/lego_nxt/hw_sys_timer.oram
                0x002022c0                systick_isr_C1
 *fill*         0x002022e8        0x8 00
 .text          0x002022f0      0x230 build/config/at91sam7s-gnu/cpu_support.oram
                0x002022f0                dispatch
                0x00202330                activate_r
                0x00202360                exit_and_dispatch
                0x00202370                start_dispatch
                0x0020242c                _interrupt
                0x0020249c                int_return
                0x002024c8                disable_int
                0x002024d0                enable_int
                0x002024d8                nop
 .text          0x00202520      0x2c0 build/config/at91sam7s-gnu/irq.oram
                0x00202520                default_isr
                0x00202520                default_fiq
                0x00202520                spurious_isr
                0x00202524                systick_isr_entry
                0x0020256c                systick_low_priority_entry
                0x002025ac                udp_isr_entry
                0x002025ec                spi_isr_entry
                0x0020262c                twi_isr_entry
                0x0020266c                sound_isr_entry
                0x002026ac                uart_isr_entry_0
                0x002026ec                uart_isr_entry_1
                0x0020272c                nxt_motor_isr_entry
                0x0020276c                i2c_timer_isr_entry
 .text.uart_process_isr
                0x002027e0       0x88 ../../../nxtOSEK/ecrobot/../ecrobot/libecrobot.a(uart.oram)
 .text.uart_isr_C_0
                0x00202868        0xc ../../../nxtOSEK/ecrobot/../ecrobot/libecrobot.a(uart.oram)
                0x00202868                uart_isr_C_0
 .text.uart_isr_C_1
                0x00202874        0xc ../../../nxtOSEK/ecrobot/../ecrobot/libecrobot.a(uart.oram)
                0x00202874                uart_isr_C_1
 .text.systick_low_priority_C
                0x00202880       0x1c ../../../nxtOSEK/ecrobot/../ecrobot/libecrobot.a(systick.oram)
                0x00202880                systick_low_priority_C
 .text.systick_isr_C
                0x0020289c       0x24 ../../../nxtOSEK/ecrobot/../ecrobot/libecrobot.a(systick.oram)
                0x0020289c                systick_isr_C
 .text.systick_get_ms
                0x002028c0        0xc ../../../nxtOSEK/ecrobot/../ecrobot/libecrobot.a(systick.oram)
                0x002028c0                systick_get_ms
 .text.systick_wait_ms
                0x002028cc       0x1c ../../../nxtOSEK/ecrobot/../ecrobot/libecrobot.a(systick.oram)
                0x002028cc                systick_wait_ms
 .text.systick_wait_ns
                0x002028e8       0x1c ../../../nxtOSEK/ecrobot/../ecrobot/libecrobot.a(systick.oram)
                0x002028e8                systick_wait_ns
 .text.systick_init
                0x00202904       0x58 ../../../nxtOSEK/ecrobot/../ecrobot/libecrobot.a(systick.oram)
                0x00202904                systick_init
 .text.systick_suspend
                0x0020295c        0xc ../../../nxtOSEK/ecrobot/../ecrobot/libecrobot.a(systick.oram)
                0x0020295c                systick_suspend
 .text.systick_resume
                0x00202968        0xc ../../../nxtOSEK/ecrobot/../ecrobot/libecrobot.a(systick.oram)
                0x00202968                systick_resume
 .text.byte_fifo_put
                0x00202974       0x58 ../../../nxtOSEK/ecrobot/../ecrobot/libecrobot.a(byte_fifo.oram)
                0x00202974                byte_fifo_put
 .text.byte_fifo_get
                0x002029cc       0x2c ../../../nxtOSEK/ecrobot/../ecrobot/libecrobot.a(byte_fifo.oram)
                0x002029cc                byte_fifo_get
 .text.aic_initialise
                0x002029f8       0x5c ../../../nxtOSEK/ecrobot/../ecrobot/libecrobot.a(aic.oram)
                0x002029f8                aic_initialise
 .text.aic_set_vector
                0x00202a54       0x30 ../../../nxtOSEK/ecrobot/../ecrobot/libecrobot.a(aic.oram)
                0x00202a54                aic_set_vector
 .text.aic_mask_on
                0x00202a84       0x24 ../../../nxtOSEK/ecrobot/../ecrobot/libecrobot.a(aic.oram)
                0x00202a84                aic_mask_on
 .text.aic_mask_off
                0x00202aa8       0x24 ../../../nxtOSEK/ecrobot/../ecrobot/libecrobot.a(aic.oram)
                0x00202aa8                aic_mask_off
 .text.aic_clear
                0x00202acc       0x24 ../../../nxtOSEK/ecrobot/../ecrobot/libecrobot.a(aic.oram)
                0x00202acc                aic_clear
 .text.reset    0x00202af0       0x4c ../../../nxtOSEK/ecrobot/../ecrobot/libecrobot.a(udp.oram)
 .text.udp_reset
                0x00202b3c       0xac ../../../nxtOSEK/ecrobot/../ecrobot/libecrobot.a(udp.oram)
                0x00202b3c                udp_reset
 .text.udp_read
                0x00202be8      0x104 ../../../nxtOSEK/ecrobot/../ecrobot/libecrobot.a(udp.oram)
                0x00202be8                udp_read
 .text.udp_disable
                0x00202cec       0x40 ../../../nxtOSEK/ecrobot/../ecrobot/libecrobot.a(udp.oram)
                0x00202cec                udp_disable
 .text.udp_init
                0x00202d2c       0x18 ../../../nxtOSEK/ecrobot/../ecrobot/libecrobot.a(udp.oram)
                0x00202d2c                udp_init
 .text.udp_write
                0x00202d44       0xac ../../../nxtOSEK/ecrobot/../ecrobot/libecrobot.a(udp.oram)
                0x00202d44                udp_write
 .text.udp_send_null
                0x00202df0       0x2c ../../../nxtOSEK/ecrobot/../ecrobot/libecrobot.a(udp.oram)
 .text.udp_send_stall
                0x00202e1c       0x2c ../../../nxtOSEK/ecrobot/../ecrobot/libecrobot.a(udp.oram)
 .text.udp_send_control
                0x00202e48       0x60 ../../../nxtOSEK/ecrobot/../ecrobot/libecrobot.a(udp.oram)
 .text.udp_isr_C
                0x00202ea8      0x7d0 ../../../nxtOSEK/ecrobot/../ecrobot/libecrobot.a(udp.oram)
                0x00202ea8                udp_isr_C
 .text.udp_status
                0x00203678       0x54 ../../../nxtOSEK/ecrobot/../ecrobot/libecrobot.a(udp.oram)
                0x00203678                udp_status
 .text.udp_enable
                0x002036cc       0x6c ../../../nxtOSEK/ecrobot/../ecrobot/libecrobot.a(udp.oram)
                0x002036cc                udp_enable
 .text.udp_set_serialno
                0x00203738       0x1c ../../../nxtOSEK/ecrobot/../ecrobot/libecrobot.a(udp.oram)
                0x00203738                udp_set_serialno
 .text.udp_set_name
                0x00203754       0x28 ../../../nxtOSEK/ecrobot/../ecrobot/libecrobot.a(udp.oram)
                0x00203754                udp_set_name
 .text.twi_status
                0x0020377c       0x20 ../../../nxtOSEK/ecrobot/../ecrobot/libecrobot.a(twi.oram)
                0x0020377c                twi_status
 .text.twi_isr_C
                0x0020379c       0xc4 ../../../nxtOSEK/ecrobot/../ecrobot/libecrobot.a(twi.oram)
                0x0020379c                twi_isr_C
 .text.twi_reset
                0x00203860       0xb4 ../../../nxtOSEK/ecrobot/../ecrobot/libecrobot.a(twi.oram)
                0x00203860                twi_reset
 .text.twi_init
                0x00203914       0x4c ../../../nxtOSEK/ecrobot/../ecrobot/libecrobot.a(twi.oram)
                0x00203914                twi_init
 .text.twi_start_read
                0x00203960       0x60 ../../../nxtOSEK/ecrobot/../ecrobot/libecrobot.a(twi.oram)
                0x00203960                twi_start_read
 .text.twi_start_write
                0x002039c0       0x64 ../../../nxtOSEK/ecrobot/../ecrobot/libecrobot.a(twi.oram)
                0x002039c0                twi_start_write
 .text.spi_set_mode
                0x00203a24       0x40 ../../../nxtOSEK/ecrobot/../ecrobot/libecrobot.a(nxt_spi.oram)
 .text.spi_isr_C
                0x00203a64       0x8c ../../../nxtOSEK/ecrobot/../ecrobot/libecrobot.a(nxt_spi.oram)
                0x00203a64                spi_isr_C
 .text.nxt_spi_init
                0x00203af0      0x12c ../../../nxtOSEK/ecrobot/../ecrobot/libecrobot.a(nxt_spi.oram)
                0x00203af0                nxt_spi_init
 .text.nxt_spi_write
                0x00203c1c       0x44 ../../../nxtOSEK/ecrobot/../ecrobot/libecrobot.a(nxt_spi.oram)
                0x00203c1c                nxt_spi_write
 .text.nxt_spi_set_display
                0x00203c60       0x10 ../../../nxtOSEK/ecrobot/../ecrobot/libecrobot.a(nxt_spi.oram)
                0x00203c60                nxt_spi_set_display
 .text.nxt_spi_refresh
                0x00203c70       0x24 ../../../nxtOSEK/ecrobot/../ecrobot/libecrobot.a(nxt_spi.oram)
                0x00203c70                nxt_spi_refresh
 .text.nxt_motor_get_count
                0x00203c94       0x14 ../../../nxtOSEK/ecrobot/../ecrobot/libecrobot.a(nxt_motors.oram)
                0x00203c94                nxt_motor_get_count
 .text.nxt_motor_set_count
                0x00203ca8       0x10 ../../../nxtOSEK/ecrobot/../ecrobot/libecrobot.a(nxt_motors.oram)
                0x00203ca8                nxt_motor_set_count
 .text.nxt_motor_set_speed
                0x00203cb8       0x34 ../../../nxtOSEK/ecrobot/../ecrobot/libecrobot.a(nxt_motors.oram)
                0x00203cb8                nxt_motor_set_speed
 .text.nxt_motor_1kHz_process
                0x00203cec       0x28 ../../../nxtOSEK/ecrobot/../ecrobot/libecrobot.a(nxt_motors.oram)
                0x00203cec                nxt_motor_1kHz_process
 .text.nxt_motor_quad_decode
                0x00203d14       0x30 ../../../nxtOSEK/ecrobot/../ecrobot/libecrobot.a(nxt_motors.oram)
                0x00203d14                nxt_motor_quad_decode
 .text.nxt_motor_isr_C
                0x00203d44       0x88 ../../../nxtOSEK/ecrobot/../ecrobot/libecrobot.a(nxt_motors.oram)
                0x00203d44                nxt_motor_isr_C
 .text.nxt_motor_init
                0x00203dcc       0x68 ../../../nxtOSEK/ecrobot/../ecrobot/libecrobot.a(nxt_motors.oram)
                0x00203dcc                nxt_motor_init
 .text.data_abort_C
                0x00203e34       0x7c ../../../nxtOSEK/ecrobot/../ecrobot/libecrobot.a(data_abort.oram)
                0x00203e34                data_abort_C
 .text.display_update
                0x00203eb0       0x14 ../../../nxtOSEK/ecrobot/../ecrobot/libecrobot.a(display.oram)
                0x00203eb0                display_update
 .text.display_force_update
                0x00203ec4        0xc ../../../nxtOSEK/ecrobot/../ecrobot/libecrobot.a(display.oram)
                0x00203ec4                display_force_update
 .text.display_clear
                0x00203ed0       0x24 ../../../nxtOSEK/ecrobot/../ecrobot/libecrobot.a(display.oram)
                0x00203ed0                display_clear
 .text.display_goto_xy
                0x00203ef4       0x14 ../../../nxtOSEK/ecrobot/../ecrobot/libecrobot.a(display.oram)
                0x00203ef4                display_goto_xy
 .text.display_char
                0x00203f08       0x60 ../../../nxtOSEK/ecrobot/../ecrobot/libecrobot.a(display.oram)
                0x00203f08                display_char
 .text.display_string
                0x00203f68       0x3c ../../../nxtOSEK/ecrobot/../ecrobot/libecrobot.a(display.oram)
                0x00203f68                display_string
 .text.display_hex
                0x00203fa4       0x50 ../../../nxtOSEK/ecrobot/../ecrobot/libecrobot.a(display.oram)
                0x00203fa4                display_hex
 .text.display_unsigned_worker
                0x00203ff4       0x70 ../../../nxtOSEK/ecrobot/../ecrobot/libecrobot.a(display.oram)
 .text.display_unsigned
                0x00204064        0xc ../../../nxtOSEK/ecrobot/../ecrobot/libecrobot.a(display.oram)
                0x00204064                display_unsigned
 .text.display_int
                0x00204070       0x14 ../../../nxtOSEK/ecrobot/../ecrobot/libecrobot.a(display.oram)
                0x00204070                display_int
 .text.display_bitmap_copy
                0x00204084       0x5c ../../../nxtOSEK/ecrobot/../ecrobot/libecrobot.a(display.oram)
                0x00204084                display_bitmap_copy
 .text.display_init
                0x002040e0       0x50 ../../../nxtOSEK/ecrobot/../ecrobot/libecrobot.a(display.oram)
                0x002040e0                display_init
 .text.i2c_timer_isr_C
                0x00204130      0x314 ../../../nxtOSEK/ecrobot/../ecrobot/libecrobot.a(i2c.oram)
                0x00204130                i2c_timer_isr_C
 .text.i2c_disable
                0x00204444       0x20 ../../../nxtOSEK/ecrobot/../ecrobot/libecrobot.a(i2c.oram)
                0x00204444                i2c_disable
 .text.i2c_init
                0x00204464       0xa4 ../../../nxtOSEK/ecrobot/../ecrobot/libecrobot.a(i2c.oram)
                0x00204464                i2c_init
 .text.sound_fill_sample_buffer
                0x00204508       0xe4 ../../../nxtOSEK/ecrobot/../ecrobot/libecrobot.a(sound.oram)
                0x00204508                sound_fill_sample_buffer
 .text.sound_init
                0x002045ec       0xa0 ../../../nxtOSEK/ecrobot/../ecrobot/libecrobot.a(sound.oram)
                0x002045ec                sound_init
 .text.sound_isr_C
                0x0020468c      0x144 ../../../nxtOSEK/ecrobot/../ecrobot/libecrobot.a(sound.oram)
                0x0020468c                sound_isr_C
 .text.bt_init  0x002047d0      0x1c0 ../../../nxtOSEK/ecrobot/../ecrobot/libecrobot.a(bt.oram)
                0x002047d0                bt_init
 .text.nxt_avr_power_down
                0x00204990       0x10 ../../../nxtOSEK/ecrobot/../ecrobot/libecrobot.a(nxt_avr.oram)
                0x00204990                nxt_avr_power_down
 .text.nxt_avr_link_init
                0x002049a0       0x20 ../../../nxtOSEK/ecrobot/../ecrobot/libecrobot.a(nxt_avr.oram)
                0x002049a0                nxt_avr_link_init
 .text.nxt_avr_init
                0x002049c0       0x6c ../../../nxtOSEK/ecrobot/../ecrobot/libecrobot.a(nxt_avr.oram)
                0x002049c0                nxt_avr_init
 .text.nxt_avr_1kHz_update
                0x00204a2c      0x1cc ../../../nxtOSEK/ecrobot/../ecrobot/libecrobot.a(nxt_avr.oram)
                0x00204a2c                nxt_avr_1kHz_update
 .text.buttons_get
                0x00204bf8        0xc ../../../nxtOSEK/ecrobot/../ecrobot/libecrobot.a(nxt_avr.oram)
                0x00204bf8                buttons_get
 .text.battery_voltage
                0x00204c04       0x28 ../../../nxtOSEK/ecrobot/../ecrobot/libecrobot.a(nxt_avr.oram)
                0x00204c04                battery_voltage
 .text.nxt_avr_set_motor
                0x00204c2c       0x34 ../../../nxtOSEK/ecrobot/../ecrobot/libecrobot.a(nxt_avr.oram)
                0x00204c2c                nxt_avr_set_motor
 .text.nxt_avr_set_input_power
                0x00204c60       0x3c ../../../nxtOSEK/ecrobot/../ecrobot/libecrobot.a(nxt_avr.oram)
                0x00204c60                nxt_avr_set_input_power
 .text.unset_digi0
                0x00204c9c       0x44 ../../../nxtOSEK/ecrobot/../ecrobot/libecrobot.a(sensors.oram)
                0x00204c9c                unset_digi0
 .text.unset_digi1
                0x00204ce0       0x44 ../../../nxtOSEK/ecrobot/../ecrobot/libecrobot.a(sensors.oram)
                0x00204ce0                unset_digi1
 .text.init_sensors
                0x00204d24       0x4c ../../../nxtOSEK/ecrobot/../ecrobot/libecrobot.a(sensors.oram)
                0x00204d24                init_sensors
 .text.nxt_lcd_command
                0x00204d70       0x18 ../../../nxtOSEK/ecrobot/../ecrobot/libecrobot.a(nxt_lcd.oram)
                0x00204d70                nxt_lcd_command
 .text.nxt_lcd_set_col
                0x00204d88       0x24 ../../../nxtOSEK/ecrobot/../ecrobot/libecrobot.a(nxt_lcd.oram)
                0x00204d88                nxt_lcd_set_col
 .text.nxt_lcd_set_multiplex_rate
                0x00204dac       0x18 ../../../nxtOSEK/ecrobot/../ecrobot/libecrobot.a(nxt_lcd.oram)
                0x00204dac                nxt_lcd_set_multiplex_rate
 .text.nxt_lcd_set_page_address
                0x00204dc4       0x18 ../../../nxtOSEK/ecrobot/../ecrobot/libecrobot.a(nxt_lcd.oram)
                0x00204dc4                nxt_lcd_set_page_address
 .text.nxt_lcd_set_pot
                0x00204ddc       0x1c ../../../nxtOSEK/ecrobot/../ecrobot/libecrobot.a(nxt_lcd.oram)
                0x00204ddc                nxt_lcd_set_pot
 .text.nxt_lcd_set_ram_address_control
                0x00204df8       0x18 ../../../nxtOSEK/ecrobot/../ecrobot/libecrobot.a(nxt_lcd.oram)
                0x00204df8                nxt_lcd_set_ram_address_control
 .text.nxt_lcd_enable
                0x00204e10       0x14 ../../../nxtOSEK/ecrobot/../ecrobot/libecrobot.a(nxt_lcd.oram)
                0x00204e10                nxt_lcd_enable
 .text.nxt_lcd_set_map_control
                0x00204e24       0x18 ../../../nxtOSEK/ecrobot/../ecrobot/libecrobot.a(nxt_lcd.oram)
                0x00204e24                nxt_lcd_set_map_control
 .text.nxt_lcd_reset
                0x00204e3c        0xc ../../../nxtOSEK/ecrobot/../ecrobot/libecrobot.a(nxt_lcd.oram)
                0x00204e3c                nxt_lcd_reset
 .text.nxt_lcd_set_bias_ratio
                0x00204e48       0x18 ../../../nxtOSEK/ecrobot/../ecrobot/libecrobot.a(nxt_lcd.oram)
                0x00204e48                nxt_lcd_set_bias_ratio
 .text.nxt_lcd_force_update
                0x00204e60       0x30 ../../../nxtOSEK/ecrobot/../ecrobot/libecrobot.a(nxt_lcd.oram)
                0x00204e60                nxt_lcd_force_update
 .text.nxt_lcd_update
                0x00204e90        0xc ../../../nxtOSEK/ecrobot/../ecrobot/libecrobot.a(nxt_lcd.oram)
                0x00204e90                nxt_lcd_update
 .text.nxt_lcd_power_up
                0x00204e9c       0x48 ../../../nxtOSEK/ecrobot/../ecrobot/libecrobot.a(nxt_lcd.oram)
                0x00204e9c                nxt_lcd_power_up
 .text.nxt_lcd_power_down
                0x00204ee4        0xc ../../../nxtOSEK/ecrobot/../ecrobot/libecrobot.a(nxt_lcd.oram)
                0x00204ee4                nxt_lcd_power_down
 .text.nxt_lcd_init
                0x00204ef0       0x18 ../../../nxtOSEK/ecrobot/../ecrobot/libecrobot.a(nxt_lcd.oram)
                0x00204ef0                nxt_lcd_init
 .text.verify_flash_page
                0x00204f08       0x34 ../../../nxtOSEK/ecrobot/../ecrobot/libecrobot.a(flash_loader.oram)
 .text.set_flash_request
                0x00204f3c       0x38 ../../../nxtOSEK/ecrobot/../ecrobot/libecrobot.a(flash_loader.oram)
                0x00204f3c                set_flash_request
 .text.nxt_device_init
                0x00204f74       0x38 ../../../nxtOSEK/ecrobot/../ecrobot/libecrobot.a(flash_loader.oram)
                0x00204f74                nxt_device_init
 .text          0x00204fac       0x68 ../../../nxtOSEK/ecrobot/../ecrobot/libecrobot.a(interrupts.oram)
                0x00204fac                interrupts_get_and_disable
                0x00204fd0                interrupts_enable
                0x00204fe0                fiq_get_and_disable
                0x00205004                fiq_enable
 .text.flash_write_page
                0x00205014       0xc0 ../../../nxtOSEK/ecrobot/../ecrobot/libecrobot.a(flashprog.oram)
                0x00205014                flash_write_page
                0x002050e0                . = ALIGN (0x10)
 *fill*         0x002050d4        0xc 00
 *.oram(*.rodata *.rodata.*)
 .rodata.ld     0x002050e0        0x4 ../../../nxtOSEK/ecrobot/../ecrobot/libecrobot.a(udp.oram)
 .rodata.cfd    0x002050e4       0x20 ../../../nxtOSEK/ecrobot/../ecrobot/libecrobot.a(udp.oram)
 .rodata.dd     0x00205104       0x12 ../../../nxtOSEK/ecrobot/../ecrobot/libecrobot.a(udp.oram)
 *fill*         0x00205116        0x2 00
 .rodata.str1.4
                0x00205118       0x22 ../../../nxtOSEK/ecrobot/../ecrobot/libecrobot.a(data_abort.oram)
                                 0x24 (size before relaxing)
 .rodata.font   0x0020513a      0x280 ../../../nxtOSEK/ecrobot/../ecrobot/libecrobot.a(display.oram)
 *fill*         0x002053ba        0x2 00
 .rodata.str1.4
                0x002053bc       0x76 ../../../nxtOSEK/ecrobot/../ecrobot/libecrobot.a(display.oram)
                                 0x78 (size before relaxing)
 *fill*         0x00205432        0x2 00
 .rodata.i2c_pin
                0x00205434       0x20 ../../../nxtOSEK/ecrobot/../ecrobot/libecrobot.a(i2c.oram)
 .rodata.i2c_timer_isr_C
                0x00205454       0x38 ../../../nxtOSEK/ecrobot/../ecrobot/libecrobot.a(i2c.oram)
 .rodata.silence
                0x0020548c       0x40 ../../../nxtOSEK/ecrobot/../ecrobot/libecrobot.a(sound.oram)
                0x0020548c                silence
 .rodata.sample_pattern
                0x002054cc       0x84 ../../../nxtOSEK/ecrobot/../ecrobot/libecrobot.a(sound.oram)
                0x002054cc                sample_pattern
 .rodata        0x00205550        0xc ../../../nxtOSEK/ecrobot/../ecrobot/libecrobot.a(sound.oram)
 .rodata.avr_brainwash_string
                0x0020555c       0x30 ../../../nxtOSEK/ecrobot/../ecrobot/libecrobot.a(nxt_avr.oram)
                0x0020555c                avr_brainwash_string
 .rodata.nxt_avr_1kHz_update
                0x0020558c       0x14 ../../../nxtOSEK/ecrobot/../ecrobot/libecrobot.a(nxt_avr.oram)
 .rodata.C.33.1823
                0x002055a0       0x10 ../../../nxtOSEK/ecrobot/../ecrobot/libecrobot.a(sensors.oram)
 .rodata.C.37.1857
                0x002055b0       0x10 ../../../nxtOSEK/ecrobot/../ecrobot/libecrobot.a(sensors.oram)
 .rodata.str1.4
                0x002055c0       0x24 ../../../nxtOSEK/ecrobot/../ecrobot/libecrobot.a(flash_loader.oram)
 *fill*         0x002055e4        0x4 00
 .rodata.str1.4.stub
                0x002055e8       0x10 linker stubs
                0x00205600                . = ALIGN (0x10)
 *fill*         0x002055f8        0x8 00
                0x002022c0                __ramtext_ram_start__ = ADDR (.ram_text)
                0x00205600                __ramtext_ram_end__ = (ADDR (.ram_text) + SIZEOF (.ram_text))
                0x002022c0                __ramtext_load_start__ = LOADADDR (.ram_text)
                0x00205600                __ramtext_load_end__ = (__ramtext_load_start__ + SIZEOF (.ram_text))

.wav_data       0x00205600        0x0
 *.owav(*.data *.data.*)
                0x00205600                . = ALIGN (0x10)

.bmp_data       0x00205600      0x440
 *.obmp(*.data *.data.*)
 .data          0x00205600      0x43e ../../../nxtOSEK/ecrobot/../ecrobot/libecrobot.a(nxtosek_splash.obmp)
                0x00205600                nxtosek_splash_bmp_start
                0x00205a3e                nxtosek_splash_bmp_end
                0x00205a40                . = ALIGN (0x10)
 *fill*         0x00205a3e        0x2 00

.spr_data       0x00205a40        0x0
 *.ospr(*.data *.data.*)
                0x00205a40                . = ALIGN (0x10)

.data           0x00205a40       0x70
 *(*.data *.data.*)
 .data.dev_name
                0x00205a40       0x10 ../../../nxtOSEK/ecrobot/../ecrobot/libecrobot.a(ecrobot_usb.o)
 .data.deviceStatus
                0x00205a50        0x1 ../../../nxtOSEK/ecrobot/../ecrobot/libecrobot.a(ecrobot_interface.o)
 .data.named    0x00205a51       0x22 ../../../nxtOSEK/ecrobot/../ecrobot/libecrobot.a(udp.oram)
 .data.snd      0x00205a73       0x1a ../../../nxtOSEK/ecrobot/../ecrobot/libecrobot.a(udp.oram)
 *fill*         0x00205a8d        0x3 00
 .data.configured
                0x00205a90        0x4 ../../../nxtOSEK/ecrobot/../ecrobot/libecrobot.a(udp.oram)
 .data.mode     0x00205a94        0x1 ../../../nxtOSEK/ecrobot/../ecrobot/libecrobot.a(nxt_spi.oram)
                0x00205a94                mode
 *fill*         0x00205a95        0x3 00
 .bss.data      0x00205a98        0x4 ../../../nxtOSEK/ecrobot/../ecrobot/libecrobot.a(nxt_spi.oram)
                0x00205a98                data
 .data.display_auto_update
                0x00205a9c        0x4 ../../../nxtOSEK/ecrobot/../ecrobot/libecrobot.a(display.oram)
                0x00205a9c                display_auto_update
 .data.display_buffer
                0x00205aa0        0x4 ../../../nxtOSEK/ecrobot/../ecrobot/libecrobot.a(display.oram)
                0x00205ab0                . = ALIGN (0x10)
 *fill*         0x00205aa4        0xc 00
                0x00205a40                __data_ram_start__ = ADDR (.data)
                0x00205ab0                __data_ram_end__ = (ADDR (.data) + SIZEOF (.data))
                0x00205a40                __data_load_start__ = LOADADDR (.data)
                0x00205ab0                __data_load_end__ = (__data_load_start__ + SIZEOF (.data))

.text           0x00205ab0     0x10c0
                0x00205ab0                . = ALIGN (0x10)
 *(*.text *.text.* *.glue*)
 .glue_7        0x00205ab0       0x18 linker stubs
                0x00205ab0                __call_posttaskhook_from_arm
                0x00205abc                __call_pretaskhook_from_arm
 .glue_7t       0x00000000        0x0 linker stubs
 .text.StartOS  0x00205ac8       0x58 build/kernel/osctl.o
                0x00205ac8                StartOS
 .text.call_pretaskhook
                0x00205b20       0x24 build/kernel/osctl.o
                0x00205b20                call_pretaskhook
 .text.call_posttaskhook
                0x00205b44       0x24 build/kernel/osctl.o
                0x00205b44                call_posttaskhook
 .text.make_runnable
                0x00205b68       0xa4 build/kernel/task.o
                0x00205b68                make_runnable
 .text.make_active
                0x00205c0c       0x78 build/kernel/task.o
                0x00205c0c                make_active
 .text.task_initialize
                0x00205c84       0x88 build/kernel/task.o
                0x00205c84                task_initialize
 .text.cpu_initialize
                0x00205d0c        0x4 build/config/at91sam7s-gnu/cpu_config.o
                0x00205d0c                cpu_initialize
 .text.sys_initialize
                0x00205d10        0x4 build/config/at91sam7s-gnu/lego_nxt/sys_config.o
                0x00205d10                sys_initialize
 .text.object_initialize
                0x00205d14        0xc build/./kernel_cfg.o
                0x00205d14                object_initialize
 .text.AssertDeviceConstructor
                0x00205d20       0x2c build/rtoscalls.o
                0x00205d20                AssertDeviceConstructor
 .text.init_OS_flag
                0x00205d4c        0xc build/ecrobot_base.o
                0x00205d4c                init_OS_flag
 .text.set_OS_flag
                0x00205d58        0xc build/ecrobot_base.o
                0x00205d58                set_OS_flag
 .text.get_OS_flag
                0x00205d64        0xc build/ecrobot_base.o
                0x00205d64                get_OS_flag
 .text.cpp_constructor
                0x00205d70       0x28 build/ecrobot_base.o
                0x00205d70                cpp_constructor
 .text.cpp_destructor
                0x00205d98       0x28 build/ecrobot_base.o
                0x00205d98                cpp_destructor
 .text.execution_mode
                0x00205dc0       0x14 build/ecrobot_base.o
                0x00205dc0                execution_mode
 .text.shutdown_NXT
                0x00205dd4       0x2c build/ecrobot_base.o
                0x00205dd4                shutdown_NXT
 .text.restart_NXT
                0x00205e00       0x2c build/ecrobot_base.o
                0x00205e00                restart_NXT
 .text.check_NXT_buttons
                0x00205e2c       0x38 build/ecrobot_base.o
                0x00205e2c                check_NXT_buttons
 .text.add_status_info
                0x00205e64       0x68 build/ecrobot_base.o
                0x00205e64                add_status_info
 .text.show_main_screen
                0x00205ecc       0x48 build/ecrobot_base.o
                0x00205ecc                show_main_screen
 .text.display_status_bar
                0x00205f14       0x5c build/ecrobot_base.o
                0x00205f14                display_status_bar
 .text.show_splash_screen
                0x00205f70       0x98 build/ecrobot_base.o
                0x00205f70                show_splash_screen
 .text.main     0x00206008      0x108 build/ecrobot.o
                0x00206008                main
 .text.TaskMainTaskMain
                0x00206110       0xa0 build/usb_client.o
                0x00206110                TaskMainTaskMain
 .text.user_1ms_isr_type2
                0x002061b0       0x10 build/usb_client.o
                0x002061b0                user_1ms_isr_type2
 .text.T.9      0x002061c0       0x40 build/usb_client.o
 .text._GLOBAL__I_usb
                0x00206200        0xc build/usb_client.o
 .text._GLOBAL__D_usb
                0x0020620c        0xc build/usb_client.o
 .text._ZN7ecrobot3LcdC1Ev
                0x00206218        0x8 ../../../nxtOSEK/ecrobot/../ecrobot/libecrobot++.a(Lcd.o)
                0x00206218                _ZN7ecrobot3LcdC1Ev
 .text._ZN7ecrobot3Lcd5clearEb
                0x00206220       0x20 ../../../nxtOSEK/ecrobot/../ecrobot/libecrobot++.a(Lcd.o)
                0x00206220                _ZN7ecrobot3Lcd5clearEb
 .text._ZN7ecrobot3Lcd4putfEPKcz
                0x00206240       0x98 ../../../nxtOSEK/ecrobot/../ecrobot/libecrobot++.a(Lcd.o)
                0x00206240                _ZN7ecrobot3Lcd4putfEPKcz
 .text._ZN7ecrobot3Lcd4dispEv
                0x002062d8        0xc ../../../nxtOSEK/ecrobot/../ecrobot/libecrobot++.a(Lcd.o)
                0x002062d8                _ZN7ecrobot3Lcd4dispEv
 .text._ZN7ecrobot5MotorC1E6ePortMb
                0x002062e4       0x18 ../../../nxtOSEK/ecrobot/../ecrobot/libecrobot++.a(Motor.o)
                0x002062e4                _ZN7ecrobot5MotorC1E6ePortMb
 .text._ZN7ecrobot5MotorD1Ev
                0x002062fc       0x10 ../../../nxtOSEK/ecrobot/../ecrobot/libecrobot++.a(Motor.o)
                0x002062fc                _ZN7ecrobot5MotorD1Ev
 .text._ZN7ecrobot5Motor6setPWMEa
                0x0020630c       0x3c ../../../nxtOSEK/ecrobot/../ecrobot/libecrobot++.a(Motor.o)
                0x0020630c                _ZN7ecrobot5Motor6setPWMEa
 .text._ZN7ecrobot3UsbC1Ev
                0x00206348       0x14 ../../../nxtOSEK/ecrobot/../ecrobot/libecrobot++.a(Usb.o)
                0x00206348                _ZN7ecrobot3UsbC1Ev
 .text._ZN7ecrobot3UsbD1Ev
                0x0020635c        0xc ../../../nxtOSEK/ecrobot/../ecrobot/libecrobot++.a(Usb.o)
                0x0020635c                _ZN7ecrobot3UsbD1Ev
 .text._ZN7ecrobot3Usb11commHandlerEv
                0x00206368        0xc ../../../nxtOSEK/ecrobot/../ecrobot/libecrobot++.a(Usb.o)
                0x00206368                _ZN7ecrobot3Usb11commHandlerEv
 .text._ZNK7ecrobot3Usb11isConnectedEv
                0x00206374       0x14 ../../../nxtOSEK/ecrobot/../ecrobot/libecrobot++.a(Usb.o)
                0x00206374                _ZNK7ecrobot3Usb11isConnectedEv
 .text._ZN7ecrobot3Usb4sendEPhmm
                0x00206388       0x10 ../../../nxtOSEK/ecrobot/../ecrobot/libecrobot++.a(Usb.o)
                0x00206388                _ZN7ecrobot3Usb4sendEPhmm
 .text.ecrobot_init_usb
                0x00206398       0x50 ../../../nxtOSEK/ecrobot/../ecrobot/libecrobot.a(ecrobot_usb.o)
                0x00206398                ecrobot_init_usb
 .text.ecrobot_process1ms_usb
                0x002063e8       0xf8 ../../../nxtOSEK/ecrobot/../ecrobot/libecrobot.a(ecrobot_usb.o)
                0x002063e8                ecrobot_process1ms_usb
 .text.ecrobot_is_usb_connected
                0x002064e0       0x18 ../../../nxtOSEK/ecrobot/../ecrobot/libecrobot.a(ecrobot_usb.o)
                0x002064e0                ecrobot_is_usb_connected
 .text.ecrobot_term_usb
                0x002064f8       0x14 ../../../nxtOSEK/ecrobot/../ecrobot/libecrobot.a(ecrobot_usb.o)
                0x002064f8                ecrobot_term_usb
 .text.ecrobot_send_usb
                0x0020650c       0x20 ../../../nxtOSEK/ecrobot/../ecrobot/libecrobot.a(ecrobot_usb.o)
                0x0020650c                ecrobot_send_usb
 .text.ecrobot_device_initialize
                0x0020652c        0x4 ../../../nxtOSEK/ecrobot/../ecrobot/libecrobot.a(ecrobot_device_hook.o)
                0x0020652c                ecrobot_device_initialize
 .text.ecrobot_device_terminate
                0x00206530        0x4 ../../../nxtOSEK/ecrobot/../ecrobot/libecrobot.a(ecrobot_device_hook.o)
                0x00206530                ecrobot_device_terminate
 .text.ecrobot_get_battery_voltage
                0x00206534        0xc ../../../nxtOSEK/ecrobot/../ecrobot/libecrobot.a(ecrobot_interface.o)
                0x00206534                ecrobot_get_battery_voltage
 .text.ecrobot_get_button_state
                0x00206540        0xc ../../../nxtOSEK/ecrobot/../ecrobot/libecrobot.a(ecrobot_interface.o)
                0x00206540                ecrobot_get_button_state
 .text.ecrobot_init_nxtstate
                0x0020654c       0x28 ../../../nxtOSEK/ecrobot/../ecrobot/libecrobot.a(ecrobot_interface.o)
                0x0020654c                ecrobot_init_nxtstate
 .text.ecrobot_poll_nxtstate
                0x00206574       0x64 ../../../nxtOSEK/ecrobot/../ecrobot/libecrobot.a(ecrobot_interface.o)
                0x00206574                ecrobot_poll_nxtstate
 .text.ecrobot_setDeviceInitialized
                0x002065d8       0x18 ../../../nxtOSEK/ecrobot/../ecrobot/libecrobot.a(ecrobot_interface.o)
                0x002065d8                ecrobot_setDeviceInitialized
 .text.ecrobot_initDeviceStatus
                0x002065f0        0xc ../../../nxtOSEK/ecrobot/../ecrobot/libecrobot.a(ecrobot_interface.o)
                0x002065f0                ecrobot_initDeviceStatus
 .text.ecrobot_bmp2lcd
                0x002065fc      0x1c8 ../../../nxtOSEK/ecrobot/../ecrobot/libecrobot.a(ecrobot_interface.o)
                0x002065fc                ecrobot_bmp2lcd
 .text.StartupHook
                0x002067c4        0x4 ../../../nxtOSEK/ecrobot/../ecrobot/libecrobot.a(osek_hook.o)
                0x002067c4                StartupHook
 .text.PreTaskHook
                0x002067c8        0x4 ../../../nxtOSEK/ecrobot/../ecrobot/libecrobot.a(osek_hook.o)
                0x002067c8                PreTaskHook
 .text.PostTaskHook
                0x002067cc        0x4 ../../../nxtOSEK/ecrobot/../ecrobot/libecrobot.a(osek_hook.o)
                0x002067cc                PostTaskHook
 .text          0x002067d0       0x8c /home/ubuntu/NXT/gnuarm/lib/gcc/arm-elf/4.4.2/thumb/interwork/libgcc.a(_udivsi3.o)
                0x002067d0                __udivsi3
                0x002067d0                __aeabi_uidiv
                0x0020684c                __aeabi_uidivmod
 .text          0x0020685c       0xc8 /home/ubuntu/NXT/gnuarm/lib/gcc/arm-elf/4.4.2/thumb/interwork/libgcc.a(_umodsi3.o)
                0x0020685c                __umodsi3
 .text          0x00206924        0x4 /home/ubuntu/NXT/gnuarm/lib/gcc/arm-elf/4.4.2/thumb/interwork/libgcc.a(_dvmd_tls.o)
                0x00206924                __aeabi_ldiv0
                0x00206924                __div0
                0x00206924                __aeabi_idiv0
 .text          0x00206928       0x80 /home/ubuntu/NXT/gnuarm/lib/gcc/arm-elf/4.4.2/../../../../arm-elf/lib/thumb/interwork/libc.a(lib_a-memcpy.o)
                0x00206928                memcpy
 .text          0x002069a8       0x94 /home/ubuntu/NXT/gnuarm/lib/gcc/arm-elf/4.4.2/../../../../arm-elf/lib/thumb/interwork/libc.a(lib_a-memset.o)
                0x002069a8                memset
 .text          0x00206a3c       0x10 /home/ubuntu/NXT/gnuarm/lib/gcc/arm-elf/4.4.2/../../../../arm-elf/lib/thumb/interwork/libc.a(lib_a-strcpy.o)
                0x00206a3c                strcpy
 .text          0x00206a4c       0x10 /home/ubuntu/NXT/gnuarm/lib/gcc/arm-elf/4.4.2/../../../../arm-elf/lib/thumb/interwork/libc.a(lib_a-strlen.o)
                0x00206a4c                strlen
                0x00206a60                . = ALIGN (0x10)
 *fill*         0x00206a5c        0x4 00
 *(*.rodata *.rodata.*)
 .rodata.tnum_task
                0x00206a60        0x1 build/./kernel_cfg.o
                0x00206a60                tnum_task
 *fill*         0x00206a61        0x3 00
 .rodata.tinib_stksz
                0x00206a64        0x4 build/./kernel_cfg.o
                0x00206a64                tinib_stksz
 .rodata.tinib_inipri
                0x00206a68        0x4 build/./kernel_cfg.o
                0x00206a68                tinib_inipri
 .rodata.tinib_stk
                0x00206a6c        0x4 build/./kernel_cfg.o
                0x00206a6c                tinib_stk
 .rodata.tnum_exttask
                0x00206a70        0x1 build/./kernel_cfg.o
                0x00206a70                tnum_exttask
 *fill*         0x00206a71        0x3 00
 .rodata.tinib_exepri
                0x00206a74        0x4 build/./kernel_cfg.o
                0x00206a74                tinib_exepri
 .rodata.tinib_autoact
                0x00206a78        0x4 build/./kernel_cfg.o
                0x00206a78                tinib_autoact
 .rodata.tinib_task
                0x00206a7c        0x4 build/./kernel_cfg.o
                0x00206a7c                tinib_task
 .rodata.str1.1
                0x00206a80       0x6c build/ecrobot_base.o
 .rodata.exec_addr
                0x00206aec        0x4 build/ecrobot_base.o
                0x00206aec                exec_addr
 .rodata.str1.1
                0x00206af0       0x1c build/usb_client.o
 .rodata.str1.4
                0x00206b0c        0xd ../../../nxtOSEK/ecrobot/../ecrobot/libecrobot++.a(Motor.o)
                                 0x10 (size before relaxing)
 *fill*         0x00206b19        0x3 00
 .rodata.str1.4
                0x00206b1c        0xb ../../../nxtOSEK/ecrobot/../ecrobot/libecrobot++.a(Usb.o)
                                  0xc (size before relaxing)
 .rodata.ecrobot_sig
                0x00206b27        0x7 ../../../nxtOSEK/ecrobot/../ecrobot/libecrobot.a(ecrobot_usb.o)
 *fill*         0x00206b2e        0x2 00
 .rodata.str1.4
                0x00206b30       0x14 ../../../nxtOSEK/ecrobot/../ecrobot/libecrobot.a(ecrobot_usb.o)
 *fill*         0x00206b44        0x4 00
 .rodata.str1.4.stub
                0x00206b48       0x20 linker stubs
                0x00206b70                . = ALIGN (0x10)
 *fill*         0x00206b68        0x8 00
 *(*.gnu.linkonce.* .gcc_except_table)
                0x00206b70                . = ALIGN (0x10)

.vfp11_veneer   0x00205ab0        0x0
 .vfp11_veneer  0x00000000        0x0 linker stubs

.v4_bx          0x00205ab0        0x0
 .v4_bx         0x00000000        0x0 linker stubs

.tors           0x00206b70       0x20
                0x00206b70                . = ALIGN (0x10)
                0x00206b70                __ctor_begin = .
 *(*.ctors*)
 .ctors         0x00206b70        0x4 build/usb_client.o
                0x00206b74                __ctor_end = .
                0x00206b80                . = ALIGN (0x10)
 *fill*         0x00206b74        0xc 00
                0x00206b80                __dtor_begin = .
 *(*.dtors*)
 .dtors         0x00206b80        0x4 build/usb_client.o
                0x00206b84                __dtor_end = .
                0x00206b90                . = ALIGN (0x10)
 *fill*         0x00206b84        0xc 00

.bss            0x00206b90     0x108c
 *(*.bss *.bss.*)
 .bss.ready_queue_first
                0x00206b90       0x10 build/kernel/task.o
 .bss.ready_primap
                0x00206ba0        0x2 build/kernel/task.o
 *fill*         0x00206ba2        0x2 00
 .bss.ready_queue_last
                0x00206ba4       0x10 build/kernel/task.o
 .bss._stack_TaskMain
                0x00206bb4      0x200 build/./kernel_cfg.o
 .bss.last_act_time.2836
                0x00206db4        0x4 build/ecrobot_base.o
 .bss.status_bar_position
                0x00206db8        0x4 build/ecrobot_base.o
 .bss.lcd.2758  0x00206dbc      0x320 build/ecrobot_base.o
 .bss.status_bar
                0x002070dc       0x10 build/ecrobot_base.o
 .bss.OS_flag   0x002070ec        0x4 build/ecrobot_base.o
 .bss.motor     0x002070f0        0x8 build/usb_client.o
                0x002070f0                motor
 .bss.usb       0x002070f8        0x4 build/usb_client.o
                0x002070f8                usb
 .bss.lcd       0x002070fc        0x4 build/usb_client.o
                0x002070fc                lcd
 .bss.usb_status
                0x00207100        0x1 ../../../nxtOSEK/ecrobot/../ecrobot/libecrobot.a(ecrobot_usb.o)
 .bss.usb_buf   0x00207101       0x40 ../../../nxtOSEK/ecrobot/../ecrobot/libecrobot.a(ecrobot_usb.o)
 *fill*         0x00207141        0x3 00
 .bss.read_data_len
                0x00207144        0x4 ../../../nxtOSEK/ecrobot/../ecrobot/libecrobot.a(ecrobot_usb.o)
 .bss.buttons_i
                0x00207148        0x4 ../../../nxtOSEK/ecrobot/../ecrobot/libecrobot.a(ecrobot_interface.o)
 .bss.buttons_states
                0x0020714c       0x14 ../../../nxtOSEK/ecrobot/../ecrobot/libecrobot.a(ecrobot_interface.o)
 .bss.ecrobot_inputs
                0x00207160        0x8 ../../../nxtOSEK/ecrobot/../ecrobot/libecrobot.a(ecrobot_interface.o)
 .bss.systick_ms
                0x00207168        0x4 ../../../nxtOSEK/ecrobot/../ecrobot/libecrobot.a(systick.oram)
 .bss.delayedEnable
                0x0020716c        0x1 ../../../nxtOSEK/ecrobot/../ecrobot/libecrobot.a(udp.oram)
 *fill*         0x0020716d        0x3 00
 .bss.outCnt    0x00207170        0x4 ../../../nxtOSEK/ecrobot/../ecrobot/libecrobot.a(udp.oram)
 .bss.outPtr    0x00207174        0x4 ../../../nxtOSEK/ecrobot/../ecrobot/libecrobot.a(udp.oram)
 .bss.newAddress
                0x00207178        0x4 ../../../nxtOSEK/ecrobot/../ecrobot/libecrobot.a(udp.oram)
 .bss.currentRxBank
                0x0020717c        0x4 ../../../nxtOSEK/ecrobot/../ecrobot/libecrobot.a(udp.oram)
 .bss.currentFeatures
                0x00207180        0x4 ../../../nxtOSEK/ecrobot/../ecrobot/libecrobot.a(udp.oram)
 .bss.currentConfig
                0x00207184        0x1 ../../../nxtOSEK/ecrobot/../ecrobot/libecrobot.a(udp.oram)
 *fill*         0x00207185        0x3 00
 .bss.twi_mask  0x00207188        0x4 ../../../nxtOSEK/ecrobot/../ecrobot/libecrobot.a(twi.oram)
 .bss.twi_ptr   0x0020718c        0x4 ../../../nxtOSEK/ecrobot/../ecrobot/libecrobot.a(twi.oram)
 .bss.twi_pending
                0x00207190        0x4 ../../../nxtOSEK/ecrobot/../ecrobot/libecrobot.a(twi.oram)
 .bss.twi_state
                0x00207194        0x4 ../../../nxtOSEK/ecrobot/../ecrobot/libecrobot.a(twi.oram)
 .bss.page      0x00207198        0x1 ../../../nxtOSEK/ecrobot/../ecrobot/libecrobot.a(nxt_spi.oram)
                0x00207198                page
 .bss.dirty     0x00207199        0x1 ../../../nxtOSEK/ecrobot/../ecrobot/libecrobot.a(nxt_spi.oram)
                0x00207199                dirty
 *fill*         0x0020719a        0x2 00
 .bss.display   0x0020719c        0x4 ../../../nxtOSEK/ecrobot/../ecrobot/libecrobot.a(nxt_spi.oram)
                0x0020719c                display
 .bss.interrupts_this_period
                0x002071a0        0x4 ../../../nxtOSEK/ecrobot/../ecrobot/libecrobot.a(nxt_motors.oram)
 .bss.nxt_motor_initialised
                0x002071a4        0x4 ../../../nxtOSEK/ecrobot/../ecrobot/libecrobot.a(nxt_motors.oram)
 .bss.motor     0x002071a8       0x30 ../../../nxtOSEK/ecrobot/../ecrobot/libecrobot.a(nxt_motors.oram)
 .bss.display_tick
                0x002071d8        0x4 ../../../nxtOSEK/ecrobot/../ecrobot/libecrobot.a(display.oram)
                0x002071d8                display_tick
 .bss.display_array
                0x002071dc      0x388 ../../../nxtOSEK/ecrobot/../ecrobot/libecrobot.a(display.oram)
 .bss.i2c_int_count
                0x00207564        0x4 ../../../nxtOSEK/ecrobot/../ecrobot/libecrobot.a(i2c.oram)
 .bss.i2c_port  0x00207568      0x170 ../../../nxtOSEK/ecrobot/../ecrobot/libecrobot.a(i2c.oram)
 .bss.sound_mode
                0x002076d8        0x1 ../../../nxtOSEK/ecrobot/../ecrobot/libecrobot.a(sound.oram)
                0x002076d8                sound_mode
 *fill*         0x002076d9        0x3 00
 .bss.in_buf_idx
                0x002076dc        0x4 ../../../nxtOSEK/ecrobot/../ecrobot/libecrobot.a(bt.oram)
 .bss.buf_ptr   0x002076e0        0x4 ../../../nxtOSEK/ecrobot/../ecrobot/libecrobot.a(bt.oram)
 .bss.out_buf_ptr
                0x002076e4        0x1 ../../../nxtOSEK/ecrobot/../ecrobot/libecrobot.a(bt.oram)
 .bss.in_buf_in_ptr
                0x002076e5        0x1 ../../../nxtOSEK/ecrobot/../ecrobot/libecrobot.a(bt.oram)
 .bss.in_buf    0x002076e6      0x100 ../../../nxtOSEK/ecrobot/../ecrobot/libecrobot.a(bt.oram)
 *fill*         0x002077e6        0x2 00
 .bss.link_state
                0x002077e8        0x4 ../../../nxtOSEK/ecrobot/../ecrobot/libecrobot.a(nxt_avr.oram)
 .bss.update_count
                0x002077ec        0x4 ../../../nxtOSEK/ecrobot/../ecrobot/libecrobot.a(nxt_avr.oram)
 .bss.nxt_avr_stats
                0x002077f0       0x14 ../../../nxtOSEK/ecrobot/../ecrobot/libecrobot.a(nxt_avr.oram)
 .bss.debounce_cnt
                0x00207804        0x2 ../../../nxtOSEK/ecrobot/../ecrobot/libecrobot.a(nxt_avr.oram)
 .bss.debounce_state
                0x00207806        0x2 ../../../nxtOSEK/ecrobot/../ecrobot/libecrobot.a(nxt_avr.oram)
 .bss.button_state
                0x00207808        0x2 ../../../nxtOSEK/ecrobot/../ecrobot/libecrobot.a(nxt_avr.oram)
 .bss.prev_buttons
                0x0020780a        0x2 ../../../nxtOSEK/ecrobot/../ecrobot/libecrobot.a(nxt_avr.oram)
 .bss.from_buf  0x0020780c        0x4 ../../../nxtOSEK/ecrobot/../ecrobot/libecrobot.a(nxt_avr.oram)
 .bss.io_from_avr
                0x00207810        0x4 ../../../nxtOSEK/ecrobot/../ecrobot/libecrobot.a(nxt_avr.oram)
 .bss.data_from_avr
                0x00207814       0x1a ../../../nxtOSEK/ecrobot/../ecrobot/libecrobot.a(nxt_avr.oram)
 .bss.data_to_avr
                0x0020782e        0x9 ../../../nxtOSEK/ecrobot/../ecrobot/libecrobot.a(nxt_avr.oram)
 .bss.io_to_avr
                0x00207837        0x8 ../../../nxtOSEK/ecrobot/../ecrobot/libecrobot.a(nxt_avr.oram)
 *fill*         0x0020783f        0x1 00
 .bss.display   0x00207840        0x4 ../../../nxtOSEK/ecrobot/../ecrobot/libecrobot.a(nxt_lcd.oram)
                0x00207850                . = ALIGN (0x10)
 *fill*         0x00207844        0xc 00
                0x00207850                __bss_end__ = .
 COMMON         0x00207850        0x2 build/kernel/interrupt.o
                0x00207850                runisr
                0x00207851                sus_all_cnt
 *fill*         0x00207852        0x2 00
 COMMON         0x00207854       0x10 build/kernel/osctl.o
                0x00207854                callevel
                0x00207855                _errorhook_svcid
                0x00207856                appmode
                0x00207858                _errorhook_par1
                0x0020785c                _errorhook_par3
                0x00207860                _errorhook_par2
 COMMON         0x00207864        0x3 build/kernel/task.o
                0x00207864                runtsk
                0x00207865                schedtsk
                0x00207866                nextpri
 *fill*         0x00207867        0x1 00
 COMMON         0x00207868       0x48 build/./kernel_cfg.o
                0x00207868                tcb_waievt
                0x0020786c                rescb_prevpri
                0x00207870                almcb_prev
                0x00207874                tcb_lastres
                0x00207878                almcb_almval
                0x0020787c                tcxb_pc
                0x00207880                tcb_next
                0x00207884                tcb_curpri
                0x00207888                tcb_tstat
                0x0020788c                isrcb_lastres
                0x00207890                cntcb_almque
                0x00207894                rescb_prevres
                0x00207898                tcb_actcnt
                0x0020789c                tcb_curevt
                0x002078a0                almcb_cycle
                0x002078a4                tcxb_sp
                0x002078a8                almcb_next
                0x002078ac                cntcb_curval
 COMMON         0x002078b0       0x44 ../../../nxtOSEK/ecrobot/../ecrobot/libecrobot.a(uart.oram)
                0x002078b0                uart
 COMMON         0x002078f4        0x4 ../../../nxtOSEK/ecrobot/../ecrobot/libecrobot.a(data_abort.oram)
                0x002078f4                data_abort_pc
 COMMON         0x002078f8        0x8 ../../../nxtOSEK/ecrobot/../ecrobot/libecrobot.a(display.oram)
                0x002078f8                display_x
                0x002078fc                display_y
 COMMON         0x00207900      0x31c ../../../nxtOSEK/ecrobot/../ecrobot/libecrobot.a(sound.oram)
                0x00207900                sample
                0x00206b90                __bss_start__ = ADDR (.bss)
                0x00207c1c                __bss_end__ = (ADDR (.bss) + SIZEOF (.bss))
                0x00207c1c                PROVIDE (end, .)

.heap_area      0x00207c1c     0x7f5c
                0x0020fb78                . = (. + (0x20fb78 - end))
 *fill*         0x00207c1c     0x7f5c 00

.stack          0x0020fb78      0x488
                0x0020fbf8                . = (. + 0x80)
 *fill*         0x0020fb78       0x80 00
                0x0020fc00                . = ALIGN (0x10)
 *fill*         0x0020fbf8        0x8 00
                0x0020fc00                __irq_stack__ = .
                0x0020fc00                __system_stack_bottom__ = .
                0x00210000                . = (. + 0x400)
 *fill*         0x0020fc00      0x400 00
                0x00210000                . = ALIGN (0x10)
                0x00210000                __system_stack__ = .
                0x00210000                __system_stack_top__ = .
                0x0020fb78                __stack_start__ = ADDR (.stack)
                0x00210000                __stack_end__ = (ADDR (.stack) + SIZEOF (.stack))
OUTPUT(usb_client_ram.elf elf32-littlearm)

.comment        0x00000000      0x1f7
 .comment       0x00000000       0x11 build/kernel/alarm.o
                                 0x12 (size before relaxing)
 .comment       0x00000000       0x12 build/kernel/event.o
 .comment       0x00000000       0x12 build/kernel/interrupt.o
 .comment       0x00000000       0x12 build/kernel/osctl.o
 .comment       0x00000000       0x12 build/kernel/resource.o
 .comment       0x00000000       0x12 build/kernel/task.o
 .comment       0x00000000       0x12 build/kernel/task_manage.o
 .comment       0x00000000       0x12 build/config/at91sam7s-gnu/cpu_config.o
 .comment       0x00000000       0x12 build/config/at91sam7s-gnu/lego_nxt/sys_config.o
 .comment       0x00000000       0x12 build/./kernel_cfg.o
 .comment       0x00000000       0x12 build/rtoscalls.o
 .comment       0x00000000       0x12 build/syscalls.o
 .comment       0x00000000       0x12 build/ecrobot_bluetooth.o
 .comment       0x00000000       0x12 build/ecrobot_base.o
 .comment       0x00000000       0x12 build/ecrobot.o
 .comment       0x00000000       0x12 build/syslib/at91sam7s-gnu/lego_nxt/hw_sys_timer.oram
 .comment       0x00000000       0x12 build/usb_client.o
 .comment       0x00000011       0x12 ../../../nxtOSEK/ecrobot/../ecrobot/libecrobot++.a(Lcd.o)
 .comment       0x00000023       0x12 ../../../nxtOSEK/ecrobot/../ecrobot/libecrobot++.a(Motor.o)
 .comment       0x00000035       0x12 ../../../nxtOSEK/ecrobot/../ecrobot/libecrobot++.a(Usb.o)
 .comment       0x00000047       0x12 ../../../nxtOSEK/ecrobot/../ecrobot/libecrobot.a(ecrobot_usb.o)
 .comment       0x00000059       0x12 ../../../nxtOSEK/ecrobot/../ecrobot/libecrobot.a(ecrobot_device_hook.o)
 .comment       0x0000006b       0x12 ../../../nxtOSEK/ecrobot/../ecrobot/libecrobot.a(ecrobot_interface.o)
 .comment       0x0000007d       0x12 ../../../nxtOSEK/ecrobot/../ecrobot/libecrobot.a(colorsensor.o)
 .comment       0x0000008f       0x12 ../../../nxtOSEK/ecrobot/../ecrobot/libecrobot.a(osek_hook.o)
 .comment       0x000000a1       0x12 ../../../nxtOSEK/ecrobot/../ecrobot/libecrobot.a(uart.oram)
 .comment       0x000000b3       0x12 ../../../nxtOSEK/ecrobot/../ecrobot/libecrobot.a(systick.oram)
 .comment       0x000000c5       0x12 ../../../nxtOSEK/ecrobot/../ecrobot/libecrobot.a(byte_fifo.oram)
 .comment       0x000000d7       0x12 ../../../nxtOSEK/ecrobot/../ecrobot/libecrobot.a(aic.oram)
 .comment       0x000000e9       0x12 ../../../nxtOSEK/ecrobot/../ecrobot/libecrobot.a(udp.oram)
 .comment       0x000000fb       0x12 ../../../nxtOSEK/ecrobot/../ecrobot/libecrobot.a(twi.oram)
 .comment       0x0000010d       0x12 ../../../nxtOSEK/ecrobot/../ecrobot/libecrobot.a(nxt_spi.oram)
 .comment       0x0000011f       0x12 ../../../nxtOSEK/ecrobot/../ecrobot/libecrobot.a(nxt_motors.oram)
 .comment       0x00000131       0x12 ../../../nxtOSEK/ecrobot/../ecrobot/libecrobot.a(data_abort.oram)
 .comment       0x00000143       0x12 ../../../nxtOSEK/ecrobot/../ecrobot/libecrobot.a(display.oram)
 .comment       0x00000155       0x12 ../../../nxtOSEK/ecrobot/../ecrobot/libecrobot.a(i2c.oram)
 .comment       0x00000167       0x12 ../../../nxtOSEK/ecrobot/../ecrobot/libecrobot.a(sound.oram)
 .comment       0x00000179       0x12 ../../../nxtOSEK/ecrobot/../ecrobot/libecrobot.a(bt.oram)
 .comment       0x0000018b       0x12 ../../../nxtOSEK/ecrobot/../ecrobot/libecrobot.a(nxt_avr.oram)
 .comment       0x0000019d       0x12 ../../../nxtOSEK/ecrobot/../ecrobot/libecrobot.a(sensors.oram)
 .comment       0x000001af       0x12 ../../../nxtOSEK/ecrobot/../ecrobot/libecrobot.a(sensors1.oram)
 .comment       0x000001c1       0x12 ../../../nxtOSEK/ecrobot/../ecrobot/libecrobot.a(nxt_lcd.oram)
 .comment       0x000001d3       0x12 ../../../nxtOSEK/ecrobot/../ecrobot/libecrobot.a(flash_loader.oram)
 .comment       0x000001e5       0x12 ../../../nxtOSEK/ecrobot/../ecrobot/libecrobot.a(flashprog.oram)
 .comment       0x00000000       0x12 /home/ubuntu/NXT/gnuarm/lib/gcc/arm-elf/4.4.2/thumb/interwork/libgcc.a(_muldi3.o)
 .comment       0x00000000       0x12 /home/ubuntu/NXT/gnuarm/lib/gcc/arm-elf/4.4.2/thumb/interwork/libgcc.a(_divdi3.o)
 .comment       0x00000000       0x12 /home/ubuntu/NXT/gnuarm/lib/gcc/arm-elf/4.4.2/../../../../arm-elf/lib/thumb/interwork/libc.a(lib_a-memcpy.o)
 .comment       0x00000000       0x12 /home/ubuntu/NXT/gnuarm/lib/gcc/arm-elf/4.4.2/../../../../arm-elf/lib/thumb/interwork/libc.a(lib_a-memset.o)
 .comment       0x00000000       0x12 /home/ubuntu/NXT/gnuarm/lib/gcc/arm-elf/4.4.2/../../../../arm-elf/lib/thumb/interwork/libc.a(lib_a-strcmp.o)
 .comment       0x00000000       0x12 /home/ubuntu/NXT/gnuarm/lib/gcc/arm-elf/4.4.2/../../../../arm-elf/lib/thumb/interwork/libc.a(lib_a-strcpy.o)
 .comment       0x00000000       0x12 /home/ubuntu/NXT/gnuarm/lib/gcc/arm-elf/4.4.2/../../../../arm-elf/lib/thumb/interwork/libc.a(lib_a-strlen.o)
 .comment       0x00000000       0x12 /home/ubuntu/NXT/gnuarm/lib/gcc/arm-elf/4.4.2/../../../../arm-elf/lib/thumb/interwork/libc.a(lib_a-strncpy.o)

.ARM.attributes
                0x00000000       0x10
 .ARM.attributes
                0x00000000       0x10 build/kernel/alarm.o
 .ARM.attributes
                0x00000010       0x10 build/kernel/event.o
 .ARM.attributes
                0x00000020       0x10 build/kernel/interrupt.o
 .ARM.attributes
                0x00000030       0x10 build/kernel/osctl.o
 .ARM.attributes
                0x00000040       0x10 build/kernel/resource.o
 .ARM.attributes
                0x00000050       0x10 build/kernel/task.o
 .ARM.attributes
                0x00000060       0x10 build/kernel/task_manage.o
 .ARM.attributes
                0x00000070       0x10 build/config/at91sam7s-gnu/cpu_config.o
 .ARM.attributes
                0x00000080       0x10 build/config/at91sam7s-gnu/lego_nxt/sys_config.o
 .ARM.attributes
                0x00000090       0x10 build/./kernel_cfg.o
 .ARM.attributes
                0x000000a0       0x10 build/rtoscalls.o
 .ARM.attributes
                0x000000b0       0x10 build/syscalls.o
 .ARM.attributes
                0x000000c0       0x10 build/ecrobot_bluetooth.o
 .ARM.attributes
                0x000000d0       0x10 build/ecrobot_base.o
 .ARM.attributes
                0x000000e0       0x10 build/ecrobot.o
 .ARM.attributes
                0x000000f0       0x10 build/syslib/at91sam7s-gnu/lego_nxt/hw_sys_timer.oram
 .ARM.attributes
                0x00000100       0x10 build/usb_client.o
 .ARM.attributes
                0x00000110       0x10 build/nxtvm/platform/nxt/vectors.o
 .ARM.attributes
                0x00000120       0x10 build/config/at91sam7s-gnu/debug.o
 .ARM.attributes
                0x00000130       0x10 build/config/at91sam7s-gnu/lego_nxt/sys_support.o
 .ARM.attributes
                0x00000140       0x10 build/nxt_binary_header.o
 .ARM.attributes
                0x00000150       0x10 build/nxt_entry_point.o
 .ARM.attributes
                0x00000160       0x10 build/ecrobot_init.o
 .ARM.attributes
                0x00000170       0x10 build/config/at91sam7s-gnu/cpu_support.oram
 .ARM.attributes
                0x00000180       0x10 build/config/at91sam7s-gnu/irq.oram
 .ARM.attributes
                0x00000190       0x10 /home/ubuntu/NXT/gnuarm/lib/gcc/arm-elf/4.4.2/thumb/interwork/libgcc.a(_udivsi3.o)
 .ARM.attributes
                0x000001a0       0x10 /home/ubuntu/NXT/gnuarm/lib/gcc/arm-elf/4.4.2/thumb/interwork/libgcc.a(_divsi3.o)
 .ARM.attributes
                0x000001b0       0x10 /home/ubuntu/NXT/gnuarm/lib/gcc/arm-elf/4.4.2/thumb/interwork/libgcc.a(_umodsi3.o)
 .ARM.attributes
                0x000001c0       0x10 /home/ubuntu/NXT/gnuarm/lib/gcc/arm-elf/4.4.2/thumb/interwork/libgcc.a(_modsi3.o)
 .ARM.attributes
                0x000001d0       0x10 /home/ubuntu/NXT/gnuarm/lib/gcc/arm-elf/4.4.2/thumb/interwork/libgcc.a(_dvmd_tls.o)
 .ARM.attributes
                0x000001e0       0x10 /home/ubuntu/NXT/gnuarm/lib/gcc/arm-elf/4.4.2/thumb/interwork/libgcc.a(_arm_addsubdf3.o)
 .ARM.attributes
                0x000001f0       0x10 /home/ubuntu/NXT/gnuarm/lib/gcc/arm-elf/4.4.2/thumb/interwork/libgcc.a(_arm_muldivdf3.o)
 .ARM.attributes
                0x00000200       0x10 /home/ubuntu/NXT/gnuarm/lib/gcc/arm-elf/4.4.2/thumb/interwork/libgcc.a(_arm_cmpdf2.o)
 .ARM.attributes
                0x00000210       0x10 /home/ubuntu/NXT/gnuarm/lib/gcc/arm-elf/4.4.2/thumb/interwork/libgcc.a(_muldi3.o)
 .ARM.attributes
                0x00000220       0x10 /home/ubuntu/NXT/gnuarm/lib/gcc/arm-elf/4.4.2/thumb/interwork/libgcc.a(_divdi3.o)
 .ARM.attributes
                0x00000230       0x10 /home/ubuntu/NXT/gnuarm/lib/gcc/arm-elf/4.4.2/thumb/interwork/libgcc.a(_clzsi2.o)
 .ARM.attributes
                0x00000240       0x10 /home/ubuntu/NXT/gnuarm/lib/gcc/arm-elf/4.4.2/../../../../arm-elf/lib/thumb/interwork/libc.a(lib_a-memcpy.o)
 .ARM.attributes
                0x00000250       0x10 /home/ubuntu/NXT/gnuarm/lib/gcc/arm-elf/4.4.2/../../../../arm-elf/lib/thumb/interwork/libc.a(lib_a-memset.o)
 .ARM.attributes
                0x00000260       0x10 /home/ubuntu/NXT/gnuarm/lib/gcc/arm-elf/4.4.2/../../../../arm-elf/lib/thumb/interwork/libc.a(lib_a-strcmp.o)
 .ARM.attributes
                0x00000270       0x10 /home/ubuntu/NXT/gnuarm/lib/gcc/arm-elf/4.4.2/../../../../arm-elf/lib/thumb/interwork/libc.a(lib_a-strcpy.o)
 .ARM.attributes
                0x00000280       0x10 /home/ubuntu/NXT/gnuarm/lib/gcc/arm-elf/4.4.2/../../../../arm-elf/lib/thumb/interwork/libc.a(lib_a-strlen.o)
 .ARM.attributes
                0x00000290       0x10 /home/ubuntu/NXT/gnuarm/lib/gcc/arm-elf/4.4.2/../../../../arm-elf/lib/thumb/interwork/libc.a(lib_a-strncpy.o)
 .ARM.attributes
                0x000002a0       0x10 build/nxtvm/platform/nxt/vectors.o

.debug_frame    0x00000000       0xa0
 .debug_frame   0x00000000       0x28 /home/ubuntu/NXT/gnuarm/lib/gcc/arm-elf/4.4.2/thumb/interwork/libgcc.a(_udivsi3.o)
 .debug_frame   0x00000028       0x28 /home/ubuntu/NXT/gnuarm/lib/gcc/arm-elf/4.4.2/thumb/interwork/libgcc.a(_divsi3.o)
 .debug_frame   0x00000050       0x28 /home/ubuntu/NXT/gnuarm/lib/gcc/arm-elf/4.4.2/thumb/interwork/libgcc.a(_umodsi3.o)
 .debug_frame   0x00000078       0x28 /home/ubuntu/NXT/gnuarm/lib/gcc/arm-elf/4.4.2/thumb/interwork/libgcc.a(_modsi3.o)

.debug_line     0x00000000      0xe4d
 .debug_line    0x00000000       0x8c /home/ubuntu/NXT/gnuarm/lib/gcc/arm-elf/4.4.2/thumb/interwork/libgcc.a(_udivsi3.o)
 .debug_line    0x0000008c       0x98 /home/ubuntu/NXT/gnuarm/lib/gcc/arm-elf/4.4.2/thumb/interwork/libgcc.a(_divsi3.o)
 .debug_line    0x00000124       0x84 /home/ubuntu/NXT/gnuarm/lib/gcc/arm-elf/4.4.2/thumb/interwork/libgcc.a(_umodsi3.o)
 .debug_line    0x000001a8       0x8d /home/ubuntu/NXT/gnuarm/lib/gcc/arm-elf/4.4.2/thumb/interwork/libgcc.a(_modsi3.o)
 .debug_line    0x00000235       0x76 /home/ubuntu/NXT/gnuarm/lib/gcc/arm-elf/4.4.2/thumb/interwork/libgcc.a(_dvmd_tls.o)
 .debug_line    0x000002ab      0x17e /home/ubuntu/NXT/gnuarm/lib/gcc/arm-elf/4.4.2/thumb/interwork/libgcc.a(_arm_addsubdf3.o)
 .debug_line    0x00000429      0x193 /home/ubuntu/NXT/gnuarm/lib/gcc/arm-elf/4.4.2/thumb/interwork/libgcc.a(_arm_muldivdf3.o)
 .debug_line    0x000005bc       0xc0 /home/ubuntu/NXT/gnuarm/lib/gcc/arm-elf/4.4.2/thumb/interwork/libgcc.a(_arm_cmpdf2.o)
 .debug_line    0x0000067c       0x81 /home/ubuntu/NXT/gnuarm/lib/gcc/arm-elf/4.4.2/thumb/interwork/libgcc.a(_muldi3.o)
 .debug_line    0x000006fd       0xe2 /home/ubuntu/NXT/gnuarm/lib/gcc/arm-elf/4.4.2/thumb/interwork/libgcc.a(_divdi3.o)
 .debug_line    0x000007df       0x83 /home/ubuntu/NXT/gnuarm/lib/gcc/arm-elf/4.4.2/thumb/interwork/libgcc.a(_clzsi2.o)
 .debug_line    0x00000862      0x13b /home/ubuntu/NXT/gnuarm/lib/gcc/arm-elf/4.4.2/../../../../arm-elf/lib/thumb/interwork/libc.a(lib_a-memcpy.o)
 .debug_line    0x0000099d      0x136 /home/ubuntu/NXT/gnuarm/lib/gcc/arm-elf/4.4.2/../../../../arm-elf/lib/thumb/interwork/libc.a(lib_a-memset.o)
 .debug_line    0x00000ad3       0xb7 /home/ubuntu/NXT/gnuarm/lib/gcc/arm-elf/4.4.2/../../../../arm-elf/lib/thumb/interwork/libc.a(lib_a-strcmp.o)
 .debug_line    0x00000b8a       0xb7 /home/ubuntu/NXT/gnuarm/lib/gcc/arm-elf/4.4.2/../../../../arm-elf/lib/thumb/interwork/libc.a(lib_a-strcpy.o)
 .debug_line    0x00000c41       0xfc /home/ubuntu/NXT/gnuarm/lib/gcc/arm-elf/4.4.2/../../../../arm-elf/lib/thumb/interwork/libc.a(lib_a-strlen.o)
 .debug_line    0x00000d3d      0x110 /home/ubuntu/NXT/gnuarm/lib/gcc/arm-elf/4.4.2/../../../../arm-elf/lib/thumb/interwork/libc.a(lib_a-strncpy.o)

.debug_info     0x00000000     0x1436
 .debug_info    0x00000000       0xae /home/ubuntu/NXT/gnuarm/lib/gcc/arm-elf/4.4.2/thumb/interwork/libgcc.a(_udivsi3.o)
 .debug_info    0x000000ae       0xae /home/ubuntu/NXT/gnuarm/lib/gcc/arm-elf/4.4.2/thumb/interwork/libgcc.a(_divsi3.o)
 .debug_info    0x0000015c       0xae /home/ubuntu/NXT/gnuarm/lib/gcc/arm-elf/4.4.2/thumb/interwork/libgcc.a(_umodsi3.o)
 .debug_info    0x0000020a       0xae /home/ubuntu/NXT/gnuarm/lib/gcc/arm-elf/4.4.2/thumb/interwork/libgcc.a(_modsi3.o)
 .debug_info    0x000002b8       0xae /home/ubuntu/NXT/gnuarm/lib/gcc/arm-elf/4.4.2/thumb/interwork/libgcc.a(_dvmd_tls.o)
 .debug_info    0x00000366       0xad /home/ubuntu/NXT/gnuarm/lib/gcc/arm-elf/4.4.2/thumb/interwork/libgcc.a(_arm_addsubdf3.o)
 .debug_info    0x00000413       0xad /home/ubuntu/NXT/gnuarm/lib/gcc/arm-elf/4.4.2/thumb/interwork/libgcc.a(_arm_muldivdf3.o)
 .debug_info    0x000004c0       0xad /home/ubuntu/NXT/gnuarm/lib/gcc/arm-elf/4.4.2/thumb/interwork/libgcc.a(_arm_cmpdf2.o)
 .debug_info    0x0000056d      0x20e /home/ubuntu/NXT/gnuarm/lib/gcc/arm-elf/4.4.2/thumb/interwork/libgcc.a(_muldi3.o)
 .debug_info    0x0000077b      0x669 /home/ubuntu/NXT/gnuarm/lib/gcc/arm-elf/4.4.2/thumb/interwork/libgcc.a(_divdi3.o)
 .debug_info    0x00000de4       0xae /home/ubuntu/NXT/gnuarm/lib/gcc/arm-elf/4.4.2/thumb/interwork/libgcc.a(_clzsi2.o)
 .debug_info    0x00000e92      0x13e /home/ubuntu/NXT/gnuarm/lib/gcc/arm-elf/4.4.2/../../../../arm-elf/lib/thumb/interwork/libc.a(lib_a-memcpy.o)
 .debug_info    0x00000fd0      0x111 /home/ubuntu/NXT/gnuarm/lib/gcc/arm-elf/4.4.2/../../../../arm-elf/lib/thumb/interwork/libc.a(lib_a-memset.o)
 .debug_info    0x000010e1       0xaf /home/ubuntu/NXT/gnuarm/lib/gcc/arm-elf/4.4.2/../../../../arm-elf/lib/thumb/interwork/libc.a(lib_a-strcmp.o)
 .debug_info    0x00001190       0xb7 /home/ubuntu/NXT/gnuarm/lib/gcc/arm-elf/4.4.2/../../../../arm-elf/lib/thumb/interwork/libc.a(lib_a-strcpy.o)
 .debug_info    0x00001247       0xcb /home/ubuntu/NXT/gnuarm/lib/gcc/arm-elf/4.4.2/../../../../arm-elf/lib/thumb/interwork/libc.a(lib_a-strlen.o)
 .debug_info    0x00001312      0x124 /home/ubuntu/NXT/gnuarm/lib/gcc/arm-elf/4.4.2/../../../../arm-elf/lib/thumb/interwork/libc.a(lib_a-strncpy.o)

.debug_abbrev   0x00000000      0x674
 .debug_abbrev  0x00000000       0x14 /home/ubuntu/NXT/gnuarm/lib/gcc/arm-elf/4.4.2/thumb/interwork/libgcc.a(_udivsi3.o)
 .debug_abbrev  0x00000014       0x14 /home/ubuntu/NXT/gnuarm/lib/gcc/arm-elf/4.4.2/thumb/interwork/libgcc.a(_divsi3.o)
 .debug_abbrev  0x00000028       0x14 /home/ubuntu/NXT/gnuarm/lib/gcc/arm-elf/4.4.2/thumb/interwork/libgcc.a(_umodsi3.o)
 .debug_abbrev  0x0000003c       0x14 /home/ubuntu/NXT/gnuarm/lib/gcc/arm-elf/4.4.2/thumb/interwork/libgcc.a(_modsi3.o)
 .debug_abbrev  0x00000050       0x14 /home/ubuntu/NXT/gnuarm/lib/gcc/arm-elf/4.4.2/thumb/interwork/libgcc.a(_dvmd_tls.o)
 .debug_abbrev  0x00000064       0x14 /home/ubuntu/NXT/gnuarm/lib/gcc/arm-elf/4.4.2/thumb/interwork/libgcc.a(_arm_addsubdf3.o)
 .debug_abbrev  0x00000078       0x14 /home/ubuntu/NXT/gnuarm/lib/gcc/arm-elf/4.4.2/thumb/interwork/libgcc.a(_arm_muldivdf3.o)
 .debug_abbrev  0x0000008c       0x14 /home/ubuntu/NXT/gnuarm/lib/gcc/arm-elf/4.4.2/thumb/interwork/libgcc.a(_arm_cmpdf2.o)
 .debug_abbrev  0x000000a0       0xf5 /home/ubuntu/NXT/gnuarm/lib/gcc/arm-elf/4.4.2/thumb/interwork/libgcc.a(_muldi3.o)
 .debug_abbrev  0x00000195      0x169 /home/ubuntu/NXT/gnuarm/lib/gcc/arm-elf/4.4.2/thumb/interwork/libgcc.a(_divdi3.o)
 .debug_abbrev  0x000002fe       0x14 /home/ubuntu/NXT/gnuarm/lib/gcc/arm-elf/4.4.2/thumb/interwork/libgcc.a(_clzsi2.o)
 .debug_abbrev  0x00000312       0xa0 /home/ubuntu/NXT/gnuarm/lib/gcc/arm-elf/4.4.2/../../../../arm-elf/lib/thumb/interwork/libc.a(lib_a-memcpy.o)
 .debug_abbrev  0x000003b2       0xa1 /home/ubuntu/NXT/gnuarm/lib/gcc/arm-elf/4.4.2/../../../../arm-elf/lib/thumb/interwork/libc.a(lib_a-memset.o)
 .debug_abbrev  0x00000453       0x76 /home/ubuntu/NXT/gnuarm/lib/gcc/arm-elf/4.4.2/../../../../arm-elf/lib/thumb/interwork/libc.a(lib_a-strcmp.o)
 .debug_abbrev  0x000004c9       0x76 /home/ubuntu/NXT/gnuarm/lib/gcc/arm-elf/4.4.2/../../../../arm-elf/lib/thumb/interwork/libc.a(lib_a-strcpy.o)
 .debug_abbrev  0x0000053f       0x92 /home/ubuntu/NXT/gnuarm/lib/gcc/arm-elf/4.4.2/../../../../arm-elf/lib/thumb/interwork/libc.a(lib_a-strlen.o)
 .debug_abbrev  0x000005d1       0xa3 /home/ubuntu/NXT/gnuarm/lib/gcc/arm-elf/4.4.2/../../../../arm-elf/lib/thumb/interwork/libc.a(lib_a-strncpy.o)

.debug_aranges  0x00000000      0x220
 .debug_aranges
                0x00000000       0x20 /home/ubuntu/NXT/gnuarm/lib/gcc/arm-elf/4.4.2/thumb/interwork/libgcc.a(_udivsi3.o)
 .debug_aranges
                0x00000020       0x20 /home/ubuntu/NXT/gnuarm/lib/gcc/arm-elf/4.4.2/thumb/interwork/libgcc.a(_divsi3.o)
 .debug_aranges
                0x00000040       0x20 /home/ubuntu/NXT/gnuarm/lib/gcc/arm-elf/4.4.2/thumb/interwork/libgcc.a(_umodsi3.o)
 .debug_aranges
                0x00000060       0x20 /home/ubuntu/NXT/gnuarm/lib/gcc/arm-elf/4.4.2/thumb/interwork/libgcc.a(_modsi3.o)
 .debug_aranges
                0x00000080       0x20 /home/ubuntu/NXT/gnuarm/lib/gcc/arm-elf/4.4.2/thumb/interwork/libgcc.a(_dvmd_tls.o)
 .debug_aranges
                0x000000a0       0x20 /home/ubuntu/NXT/gnuarm/lib/gcc/arm-elf/4.4.2/thumb/interwork/libgcc.a(_arm_addsubdf3.o)
 .debug_aranges
                0x000000c0       0x20 /home/ubuntu/NXT/gnuarm/lib/gcc/arm-elf/4.4.2/thumb/interwork/libgcc.a(_arm_muldivdf3.o)
 .debug_aranges
                0x000000e0       0x20 /home/ubuntu/NXT/gnuarm/lib/gcc/arm-elf/4.4.2/thumb/interwork/libgcc.a(_arm_cmpdf2.o)
 .debug_aranges
                0x00000100       0x20 /home/ubuntu/NXT/gnuarm/lib/gcc/arm-elf/4.4.2/thumb/interwork/libgcc.a(_muldi3.o)
 .debug_aranges
                0x00000120       0x20 /home/ubuntu/NXT/gnuarm/lib/gcc/arm-elf/4.4.2/thumb/interwork/libgcc.a(_divdi3.o)
 .debug_aranges
                0x00000140       0x20 /home/ubuntu/NXT/gnuarm/lib/gcc/arm-elf/4.4.2/thumb/interwork/libgcc.a(_clzsi2.o)
 .debug_aranges
                0x00000160       0x20 /home/ubuntu/NXT/gnuarm/lib/gcc/arm-elf/4.4.2/../../../../arm-elf/lib/thumb/interwork/libc.a(lib_a-memcpy.o)
 .debug_aranges
                0x00000180       0x20 /home/ubuntu/NXT/gnuarm/lib/gcc/arm-elf/4.4.2/../../../../arm-elf/lib/thumb/interwork/libc.a(lib_a-memset.o)
 .debug_aranges
                0x000001a0       0x20 /home/ubuntu/NXT/gnuarm/lib/gcc/arm-elf/4.4.2/../../../../arm-elf/lib/thumb/interwork/libc.a(lib_a-strcmp.o)
 .debug_aranges
                0x000001c0       0x20 /home/ubuntu/NXT/gnuarm/lib/gcc/arm-elf/4.4.2/../../../../arm-elf/lib/thumb/interwork/libc.a(lib_a-strcpy.o)
 .debug_aranges
                0x000001e0       0x20 /home/ubuntu/NXT/gnuarm/lib/gcc/arm-elf/4.4.2/../../../../arm-elf/lib/thumb/interwork/libc.a(lib_a-strlen.o)
 .debug_aranges
                0x00000200       0x20 /home/ubuntu/NXT/gnuarm/lib/gcc/arm-elf/4.4.2/../../../../arm-elf/lib/thumb/interwork/libc.a(lib_a-strncpy.o)

.debug_loc      0x00000000      0xcd8
 .debug_loc     0x00000000      0x156 /home/ubuntu/NXT/gnuarm/lib/gcc/arm-elf/4.4.2/thumb/interwork/libgcc.a(_muldi3.o)
 .debug_loc     0x00000156      0x800 /home/ubuntu/NXT/gnuarm/lib/gcc/arm-elf/4.4.2/thumb/interwork/libgcc.a(_divdi3.o)
 .debug_loc     0x00000956      0x13b /home/ubuntu/NXT/gnuarm/lib/gcc/arm-elf/4.4.2/../../../../arm-elf/lib/thumb/interwork/libc.a(lib_a-memcpy.o)
 .debug_loc     0x00000a91       0xfc /home/ubuntu/NXT/gnuarm/lib/gcc/arm-elf/4.4.2/../../../../arm-elf/lib/thumb/interwork/libc.a(lib_a-memset.o)
 .debug_loc     0x00000b8d       0x13 /home/ubuntu/NXT/gnuarm/lib/gcc/arm-elf/4.4.2/../../../../arm-elf/lib/thumb/interwork/libc.a(lib_a-strcmp.o)
 .debug_loc     0x00000ba0       0x13 /home/ubuntu/NXT/gnuarm/lib/gcc/arm-elf/4.4.2/../../../../arm-elf/lib/thumb/interwork/libc.a(lib_a-strcpy.o)
 .debug_loc     0x00000bb3       0x26 /home/ubuntu/NXT/gnuarm/lib/gcc/arm-elf/4.4.2/../../../../arm-elf/lib/thumb/interwork/libc.a(lib_a-strlen.o)
 .debug_loc     0x00000bd9       0xff /home/ubuntu/NXT/gnuarm/lib/gcc/arm-elf/4.4.2/../../../../arm-elf/lib/thumb/interwork/libc.a(lib_a-strncpy.o)

.debug_pubnames
                0x00000000       0xed
 .debug_pubnames
                0x00000000       0x1f /home/ubuntu/NXT/gnuarm/lib/gcc/arm-elf/4.4.2/thumb/interwork/libgcc.a(_muldi3.o)
 .debug_pubnames
                0x0000001f       0x1f /home/ubuntu/NXT/gnuarm/lib/gcc/arm-elf/4.4.2/thumb/interwork/libgcc.a(_divdi3.o)
 .debug_pubnames
                0x0000003e       0x1d /home/ubuntu/NXT/gnuarm/lib/gcc/arm-elf/4.4.2/../../../../arm-elf/lib/thumb/interwork/libc.a(lib_a-memcpy.o)
 .debug_pubnames
                0x0000005b       0x1d /home/ubuntu/NXT/gnuarm/lib/gcc/arm-elf/4.4.2/../../../../arm-elf/lib/thumb/interwork/libc.a(lib_a-memset.o)
 .debug_pubnames
                0x00000078       0x1d /home/ubuntu/NXT/gnuarm/lib/gcc/arm-elf/4.4.2/../../../../arm-elf/lib/thumb/interwork/libc.a(lib_a-strcmp.o)
 .debug_pubnames
                0x00000095       0x1d /home/ubuntu/NXT/gnuarm/lib/gcc/arm-elf/4.4.2/../../../../arm-elf/lib/thumb/interwork/libc.a(lib_a-strcpy.o)
 .debug_pubnames
                0x000000b2       0x1d /home/ubuntu/NXT/gnuarm/lib/gcc/arm-elf/4.4.2/../../../../arm-elf/lib/thumb/interwork/libc.a(lib_a-strlen.o)
 .debug_pubnames
                0x000000cf       0x1e /home/ubuntu/NXT/gnuarm/lib/gcc/arm-elf/4.4.2/../../../../arm-elf/lib/thumb/interwork/libc.a(lib_a-strncpy.o)

.debug_ranges   0x00000000      0x120
 .debug_ranges  0x00000000       0x40 /home/ubuntu/NXT/gnuarm/lib/gcc/arm-elf/4.4.2/thumb/interwork/libgcc.a(_muldi3.o)
 .debug_ranges  0x00000040       0xe0 /home/ubuntu/NXT/gnuarm/lib/gcc/arm-elf/4.4.2/thumb/interwork/libgcc.a(_divdi3.o)

.debug_str      0x00000000      0x380
 .debug_str     0x00000000      0x13f /home/ubuntu/NXT/gnuarm/lib/gcc/arm-elf/4.4.2/thumb/interwork/libgcc.a(_muldi3.o)
                                0x193 (size before relaxing)
 .debug_str     0x0000013f       0x3c /home/ubuntu/NXT/gnuarm/lib/gcc/arm-elf/4.4.2/thumb/interwork/libgcc.a(_divdi3.o)
                                0x1c6 (size before relaxing)
 .debug_str     0x0000017b       0x74 /home/ubuntu/NXT/gnuarm/lib/gcc/arm-elf/4.4.2/../../../../arm-elf/lib/thumb/interwork/libc.a(lib_a-memcpy.o)
                                0x109 (size before relaxing)
 .debug_str     0x000001ef       0x5a /home/ubuntu/NXT/gnuarm/lib/gcc/arm-elf/4.4.2/../../../../arm-elf/lib/thumb/interwork/libc.a(lib_a-memset.o)
                                 0xf6 (size before relaxing)
 .debug_str     0x00000249       0x4b /home/ubuntu/NXT/gnuarm/lib/gcc/arm-elf/4.4.2/../../../../arm-elf/lib/thumb/interwork/libc.a(lib_a-strcmp.o)
                                 0xe0 (size before relaxing)
 .debug_str     0x00000294       0x4b /home/ubuntu/NXT/gnuarm/lib/gcc/arm-elf/4.4.2/../../../../arm-elf/lib/thumb/interwork/libc.a(lib_a-strcpy.o)
                                 0xe0 (size before relaxing)
 .debug_str     0x000002df       0x53 /home/ubuntu/NXT/gnuarm/lib/gcc/arm-elf/4.4.2/../../../../arm-elf/lib/thumb/interwork/libc.a(lib_a-strlen.o)
                                 0xef (size before relaxing)
 .debug_str     0x00000332       0x4e /home/ubuntu/NXT/gnuarm/lib/gcc/arm-elf/4.4.2/../../../../arm-elf/lib/thumb/interwork/libc.a(lib_a-strncpy.o)
                                0x10c (size before relaxing)

Cross Reference Table

Symbol                                            File
ActivateTask                                      build/kernel/task_manage.o
AssertDeviceConstructor                           build/rtoscalls.o
                                                  ../../../nxtOSEK/ecrobot/../ecrobot/libecrobot++.a(Usb.o)
                                                  ../../../nxtOSEK/ecrobot/../ecrobot/libecrobot++.a(Motor.o)
CancelAlarm                                       build/kernel/alarm.o
ChainTask                                         build/kernel/task_manage.o
ClearEvent                                        build/kernel/event.o
                                                  build/rtoscalls.o
DisableAllInterrupts                              build/kernel/interrupt.o
EnableAllInterrupts                               build/kernel/interrupt.o
ErrorHook                                         ../../../nxtOSEK/ecrobot/../ecrobot/libecrobot.a(osek_hook.o)
                                                  build/kernel/osctl.o
EventSleep                                        build/rtoscalls.o
EventSleepI2C                                     build/rtoscalls.o
GetActiveApplicationMode                          build/kernel/osctl.o
GetAlarm                                          build/kernel/alarm.o
GetAlarmBase                                      build/kernel/alarm.o
GetEvent                                          build/kernel/event.o
GetResource                                       build/kernel/resource.o
GetTaskID                                         build/kernel/task_manage.o
                                                  build/rtoscalls.o
GetTaskState                                      build/kernel/task_manage.o
NXT_COLORSENSOR_PROTOCOLS                         ../../../nxtOSEK/ecrobot/../ecrobot/libecrobot.a(ecrobot_interface.o)
NXT_Entry_Point                                   build/nxt_entry_point.o
                                                  build/nxt_binary_header.o
PostTaskHook                                      ../../../nxtOSEK/ecrobot/../ecrobot/libecrobot.a(osek_hook.o)
                                                  build/config/at91sam7s-gnu/cpu_support.oram
                                                  build/kernel/osctl.o
PreTaskHook                                       ../../../nxtOSEK/ecrobot/../ecrobot/libecrobot.a(osek_hook.o)
                                                  build/config/at91sam7s-gnu/cpu_support.oram
                                                  build/kernel/osctl.o
ReleaseResource                                   build/kernel/resource.o
ResumeAllInterrupts                               build/kernel/interrupt.o
ResumeOSInterrupts                                build/kernel/interrupt.o
Schedule                                          build/kernel/task_manage.o
SetAbsAlarm                                       build/kernel/alarm.o
SetEvent                                          build/kernel/event.o
                                                  build/rtoscalls.o
SetRelAlarm                                       build/kernel/alarm.o
ShutdownHook                                      ../../../nxtOSEK/ecrobot/../ecrobot/libecrobot.a(osek_hook.o)
                                                  build/kernel/osctl.o
ShutdownOS                                        build/kernel/osctl.o
SignalCounter                                     build/kernel/alarm.o
Sleep                                             build/rtoscalls.o
SleepI2C                                          build/rtoscalls.o
SleeperMonitor                                    build/rtoscalls.o
StartOS                                           build/kernel/osctl.o
                                                  build/ecrobot.o
StartupHook                                       ../../../nxtOSEK/ecrobot/../ecrobot/libecrobot.a(osek_hook.o)
                                                  build/kernel/osctl.o
SuspendAllInterrupts                              build/kernel/interrupt.o
SuspendOSInterrupts                               build/kernel/interrupt.o
TaskMain                                          build/./kernel_cfg.o
TaskMainTaskMain                                  build/usb_client.o
                                                  build/./kernel_cfg.o
TerminateTask                                     build/kernel/task_manage.o
WaitEvent                                         build/kernel/event.o
                                                  build/rtoscalls.o
__adddf3                                          /home/ubuntu/NXT/gnuarm/lib/gcc/arm-elf/4.4.2/thumb/interwork/libgcc.a(_arm_addsubdf3.o)
__aeabi_cdcmpeq                                   /home/ubuntu/NXT/gnuarm/lib/gcc/arm-elf/4.4.2/thumb/interwork/libgcc.a(_arm_cmpdf2.o)
__aeabi_cdcmple                                   /home/ubuntu/NXT/gnuarm/lib/gcc/arm-elf/4.4.2/thumb/interwork/libgcc.a(_arm_cmpdf2.o)
__aeabi_cdrcmple                                  /home/ubuntu/NXT/gnuarm/lib/gcc/arm-elf/4.4.2/thumb/interwork/libgcc.a(_arm_cmpdf2.o)
__aeabi_dadd                                      /home/ubuntu/NXT/gnuarm/lib/gcc/arm-elf/4.4.2/thumb/interwork/libgcc.a(_arm_addsubdf3.o)
__aeabi_dcmpeq                                    /home/ubuntu/NXT/gnuarm/lib/gcc/arm-elf/4.4.2/thumb/interwork/libgcc.a(_arm_cmpdf2.o)
__aeabi_dcmpge                                    /home/ubuntu/NXT/gnuarm/lib/gcc/arm-elf/4.4.2/thumb/interwork/libgcc.a(_arm_cmpdf2.o)
__aeabi_dcmpgt                                    /home/ubuntu/NXT/gnuarm/lib/gcc/arm-elf/4.4.2/thumb/interwork/libgcc.a(_arm_cmpdf2.o)
__aeabi_dcmple                                    /home/ubuntu/NXT/gnuarm/lib/gcc/arm-elf/4.4.2/thumb/interwork/libgcc.a(_arm_cmpdf2.o)
__aeabi_dcmplt                                    /home/ubuntu/NXT/gnuarm/lib/gcc/arm-elf/4.4.2/thumb/interwork/libgcc.a(_arm_cmpdf2.o)
__aeabi_ddiv                                      /home/ubuntu/NXT/gnuarm/lib/gcc/arm-elf/4.4.2/thumb/interwork/libgcc.a(_arm_muldivdf3.o)
__aeabi_dmul                                      /home/ubuntu/NXT/gnuarm/lib/gcc/arm-elf/4.4.2/thumb/interwork/libgcc.a(_arm_muldivdf3.o)
__aeabi_drsub                                     /home/ubuntu/NXT/gnuarm/lib/gcc/arm-elf/4.4.2/thumb/interwork/libgcc.a(_arm_addsubdf3.o)
__aeabi_dsub                                      /home/ubuntu/NXT/gnuarm/lib/gcc/arm-elf/4.4.2/thumb/interwork/libgcc.a(_arm_addsubdf3.o)
__aeabi_f2d                                       /home/ubuntu/NXT/gnuarm/lib/gcc/arm-elf/4.4.2/thumb/interwork/libgcc.a(_arm_addsubdf3.o)
__aeabi_i2d                                       /home/ubuntu/NXT/gnuarm/lib/gcc/arm-elf/4.4.2/thumb/interwork/libgcc.a(_arm_addsubdf3.o)
__aeabi_idiv                                      /home/ubuntu/NXT/gnuarm/lib/gcc/arm-elf/4.4.2/thumb/interwork/libgcc.a(_divsi3.o)
__aeabi_idiv0                                     /home/ubuntu/NXT/gnuarm/lib/gcc/arm-elf/4.4.2/thumb/interwork/libgcc.a(_dvmd_tls.o)
__aeabi_idivmod                                   /home/ubuntu/NXT/gnuarm/lib/gcc/arm-elf/4.4.2/thumb/interwork/libgcc.a(_divsi3.o)
__aeabi_l2d                                       /home/ubuntu/NXT/gnuarm/lib/gcc/arm-elf/4.4.2/thumb/interwork/libgcc.a(_arm_addsubdf3.o)
__aeabi_ldiv0                                     /home/ubuntu/NXT/gnuarm/lib/gcc/arm-elf/4.4.2/thumb/interwork/libgcc.a(_dvmd_tls.o)
__aeabi_ui2d                                      /home/ubuntu/NXT/gnuarm/lib/gcc/arm-elf/4.4.2/thumb/interwork/libgcc.a(_arm_addsubdf3.o)
__aeabi_uidiv                                     /home/ubuntu/NXT/gnuarm/lib/gcc/arm-elf/4.4.2/thumb/interwork/libgcc.a(_udivsi3.o)
__aeabi_uidivmod                                  /home/ubuntu/NXT/gnuarm/lib/gcc/arm-elf/4.4.2/thumb/interwork/libgcc.a(_udivsi3.o)
__aeabi_ul2d                                      /home/ubuntu/NXT/gnuarm/lib/gcc/arm-elf/4.4.2/thumb/interwork/libgcc.a(_arm_addsubdf3.o)
__bss_end__                                       build/ecrobot_init.o
__bss_start__                                     build/ecrobot_init.o
__call_posttaskhook_from_arm                      linker stubs
__call_pretaskhook_from_arm                       linker stubs
__clzsi2                                          /home/ubuntu/NXT/gnuarm/lib/gcc/arm-elf/4.4.2/thumb/interwork/libgcc.a(_clzsi2.o)
                                                  /home/ubuntu/NXT/gnuarm/lib/gcc/arm-elf/4.4.2/thumb/interwork/libgcc.a(_divdi3.o)
__cmpdf2                                          /home/ubuntu/NXT/gnuarm/lib/gcc/arm-elf/4.4.2/thumb/interwork/libgcc.a(_arm_cmpdf2.o)
__ctor_begin                                      build/ecrobot_base.o
__ctor_end                                        build/ecrobot_base.o
__data_load_end__                                 build/ecrobot_init.o
__data_load_start__                               build/ecrobot_init.o
__data_ram_start__                                build/ecrobot_init.o
__div0                                            /home/ubuntu/NXT/gnuarm/lib/gcc/arm-elf/4.4.2/thumb/interwork/libgcc.a(_dvmd_tls.o)
                                                  /home/ubuntu/NXT/gnuarm/lib/gcc/arm-elf/4.4.2/thumb/interwork/libgcc.a(_modsi3.o)
                                                  /home/ubuntu/NXT/gnuarm/lib/gcc/arm-elf/4.4.2/thumb/interwork/libgcc.a(_umodsi3.o)
                                                  /home/ubuntu/NXT/gnuarm/lib/gcc/arm-elf/4.4.2/thumb/interwork/libgcc.a(_divsi3.o)
                                                  /home/ubuntu/NXT/gnuarm/lib/gcc/arm-elf/4.4.2/thumb/interwork/libgcc.a(_udivsi3.o)
__divdf3                                          /home/ubuntu/NXT/gnuarm/lib/gcc/arm-elf/4.4.2/thumb/interwork/libgcc.a(_arm_muldivdf3.o)
__divdi3                                          /home/ubuntu/NXT/gnuarm/lib/gcc/arm-elf/4.4.2/thumb/interwork/libgcc.a(_divdi3.o)
                                                  ../../../nxtOSEK/ecrobot/../ecrobot/libecrobot.a(sound.oram)
__divsi3                                          /home/ubuntu/NXT/gnuarm/lib/gcc/arm-elf/4.4.2/thumb/interwork/libgcc.a(_divsi3.o)
                                                  ../../../nxtOSEK/ecrobot/../ecrobot/libecrobot.a(sound.oram)
                                                  ../../../nxtOSEK/ecrobot/../ecrobot/libecrobot.a(uart.oram)
__dtor_begin                                      build/ecrobot_base.o
__dtor_end                                        build/ecrobot_base.o
__eqdf2                                           /home/ubuntu/NXT/gnuarm/lib/gcc/arm-elf/4.4.2/thumb/interwork/libgcc.a(_arm_cmpdf2.o)
__extendsfdf2                                     /home/ubuntu/NXT/gnuarm/lib/gcc/arm-elf/4.4.2/thumb/interwork/libgcc.a(_arm_addsubdf3.o)
__floatdidf                                       /home/ubuntu/NXT/gnuarm/lib/gcc/arm-elf/4.4.2/thumb/interwork/libgcc.a(_arm_addsubdf3.o)
__floatsidf                                       /home/ubuntu/NXT/gnuarm/lib/gcc/arm-elf/4.4.2/thumb/interwork/libgcc.a(_arm_addsubdf3.o)
                                                  ../../../nxtOSEK/ecrobot/../ecrobot/libecrobot.a(colorsensor.o)
__floatundidf                                     /home/ubuntu/NXT/gnuarm/lib/gcc/arm-elf/4.4.2/thumb/interwork/libgcc.a(_arm_addsubdf3.o)
__floatunsidf                                     /home/ubuntu/NXT/gnuarm/lib/gcc/arm-elf/4.4.2/thumb/interwork/libgcc.a(_arm_addsubdf3.o)
__gedf2                                           /home/ubuntu/NXT/gnuarm/lib/gcc/arm-elf/4.4.2/thumb/interwork/libgcc.a(_arm_cmpdf2.o)
__gtdf2                                           /home/ubuntu/NXT/gnuarm/lib/gcc/arm-elf/4.4.2/thumb/interwork/libgcc.a(_arm_cmpdf2.o)
                                                  ../../../nxtOSEK/ecrobot/../ecrobot/libecrobot.a(colorsensor.o)
__irq_stack__                                     build/ecrobot_init.o
__ledf2                                           /home/ubuntu/NXT/gnuarm/lib/gcc/arm-elf/4.4.2/thumb/interwork/libgcc.a(_arm_cmpdf2.o)
__ltdf2                                           /home/ubuntu/NXT/gnuarm/lib/gcc/arm-elf/4.4.2/thumb/interwork/libgcc.a(_arm_cmpdf2.o)
__modsi3                                          /home/ubuntu/NXT/gnuarm/lib/gcc/arm-elf/4.4.2/thumb/interwork/libgcc.a(_modsi3.o)
                                                  ../../../nxtOSEK/ecrobot/../ecrobot/libecrobot.a(flash_loader.oram)
                                                  ../../../nxtOSEK/ecrobot/../ecrobot/libecrobot.a(sound.oram)
__muldf3                                          /home/ubuntu/NXT/gnuarm/lib/gcc/arm-elf/4.4.2/thumb/interwork/libgcc.a(_arm_muldivdf3.o)
                                                  ../../../nxtOSEK/ecrobot/../ecrobot/libecrobot.a(colorsensor.o)
__muldi3                                          /home/ubuntu/NXT/gnuarm/lib/gcc/arm-elf/4.4.2/thumb/interwork/libgcc.a(_muldi3.o)
                                                  ../../../nxtOSEK/ecrobot/../ecrobot/libecrobot.a(sound.oram)
__nedf2                                           /home/ubuntu/NXT/gnuarm/lib/gcc/arm-elf/4.4.2/thumb/interwork/libgcc.a(_arm_cmpdf2.o)
__ramtext_load_end__                              build/ecrobot_init.o
__ramtext_load_start__                            build/ecrobot_init.o
__ramtext_ram_start__                             build/ecrobot_init.o
__stack_end__                                     build/ecrobot_init.o
__stack_start__                                   build/ecrobot_init.o
__subdf3                                          /home/ubuntu/NXT/gnuarm/lib/gcc/arm-elf/4.4.2/thumb/interwork/libgcc.a(_arm_addsubdf3.o)
__system_stack__                                  build/config/at91sam7s-gnu/cpu_support.oram
                                                  build/ecrobot_init.o
__udivsi3                                         /home/ubuntu/NXT/gnuarm/lib/gcc/arm-elf/4.4.2/thumb/interwork/libgcc.a(_udivsi3.o)
                                                  /home/ubuntu/NXT/gnuarm/lib/gcc/arm-elf/4.4.2/thumb/interwork/libgcc.a(_divdi3.o)
                                                  ../../../nxtOSEK/ecrobot/../ecrobot/libecrobot.a(sound.oram)
                                                  ../../../nxtOSEK/ecrobot/../ecrobot/libecrobot.a(display.oram)
                                                  ../../../nxtOSEK/ecrobot/../ecrobot/libecrobot.a(ecrobot_interface.o)
                                                  build/ecrobot_base.o
__umodsi3                                         /home/ubuntu/NXT/gnuarm/lib/gcc/arm-elf/4.4.2/thumb/interwork/libgcc.a(_umodsi3.o)
                                                  /home/ubuntu/NXT/gnuarm/lib/gcc/arm-elf/4.4.2/thumb/interwork/libgcc.a(_divdi3.o)
                                                  ../../../nxtOSEK/ecrobot/../ecrobot/libecrobot.a(display.oram)
__vectors_load_end__                              build/ecrobot_init.o
__vectors_load_start__                            build/ecrobot_init.o
__vectors_ram_start__                             build/ecrobot_init.o
_errorhook_par1                                   build/kernel/task_manage.o
                                                  build/kernel/resource.o
                                                  build/kernel/osctl.o
                                                  build/kernel/event.o
                                                  build/kernel/alarm.o
_errorhook_par2                                   build/kernel/task_manage.o
                                                  build/kernel/osctl.o
                                                  build/kernel/event.o
                                                  build/kernel/alarm.o
_errorhook_par3                                   build/kernel/osctl.o
                                                  build/kernel/alarm.o
_errorhook_svcid                                  build/kernel/osctl.o
_interrupt                                        build/config/at91sam7s-gnu/cpu_support.oram
                                                  build/config/at91sam7s-gnu/irq.oram
_sbrk_r                                           build/syscalls.o
activate_r                                        build/config/at91sam7s-gnu/cpu_support.oram
                                                  build/kernel/task.o
add_status_info                                   build/ecrobot_base.o
                                                  build/ecrobot.o
                                                  build/ecrobot_bluetooth.o
aic_clear                                         ../../../nxtOSEK/ecrobot/../ecrobot/libecrobot.a(aic.oram)
                                                  ../../../nxtOSEK/ecrobot/../ecrobot/libecrobot.a(bt.oram)